['107', '309', '114', '909', '119', '606', '103', '600', '115', '103', '903', '301', '900', '101', '157', '113', '706', '608', '106', '303', '100', '105', '605', '118', '702', '306', '905', '908', '907', '108', '107', '158']
['158-202.77.162.213-17.32773', '158-202.77.162.213-17.32773', '0.0']


Iteration#  0
FP
Class =  107
158-202.77.162.213-17.32773 and 158-202.77.162.213-17.32773

Iteration#  1
FP
Class =  309
158-202.77.162.213-17.32773 and 158-202.77.162.213-17.32773

Iteration#  2
FP
Class =  114
158-202.77.162.213-17.32773 and 158-202.77.162.213-17.32773

Iteration#  3
FP
Class =  909
158-202.77.162.213-17.32773 and 158-202.77.162.213-17.32773

Iteration#  4
FP
Class =  119
158-202.77.162.213-17.32773 and 158-202.77.162.213-17.32773

Iteration#  5
FP
Class =  606
158-202.77.162.213-17.32773 and 158-202.77.162.213-17.32773

Iteration#  6
FP
Class =  103
158-202.77.162.213-17.32773 and 158-202.77.162.213-17.32773

Iteration#  7
FP
Class =  600
158-202.77.162.213-17.32773 and 158-202.77.162.213-17.32773

Iteration#  8
FP
Class =  115
158-202.77.162.213-17.32773 and 158-202.77.162.213-17.32773

Iteration#  9
FP
Class =  103
158-202.77.162.213-17.32773 and 158-202.77.162.213-17.32773

Iteration#  10
FP
Class =  903
158-202.77.162.213-17.32773 and 158-202.77.162.213-17.32773

Iteration#  11
FP
Class =  301
158-202.77.162.213-17.32773 and 158-202.77.162.213-17.32773

Iteration#  12
FP
Class =  900
158-202.77.162.213-17.32773 and 158-202.77.162.213-17.32773

Iteration#  13
FP
Class =  101
158-202.77.162.213-17.32773 and 158-202.77.162.213-17.32773

Iteration#  14
FP
Class =  157
158-202.77.162.213-17.32773 and 158-202.77.162.213-17.32773

Iteration#  15
FP
Class =  113
158-202.77.162.213-17.32773 and 158-202.77.162.213-17.32773

Iteration#  16
FP
Class =  706
158-202.77.162.213-17.32773 and 158-202.77.162.213-17.32773

Iteration#  17
FP
Class =  608
158-202.77.162.213-17.32773 and 158-202.77.162.213-17.32773

Iteration#  18
FP
Class =  106
158-202.77.162.213-17.32773 and 158-202.77.162.213-17.32773

Iteration#  19
FP
Class =  303
158-202.77.162.213-17.32773 and 158-202.77.162.213-17.32773

Iteration#  20
FP
Class =  100
158-202.77.162.213-17.32773 and 158-202.77.162.213-17.32773

Iteration#  21
FP
Class =  105
158-202.77.162.213-17.32773 and 158-202.77.162.213-17.32773

Iteration#  22
FP
Class =  605
158-202.77.162.213-17.32773 and 158-202.77.162.213-17.32773

Iteration#  23
FP
Class =  118
158-202.77.162.213-17.32773 and 158-202.77.162.213-17.32773

Iteration#  24
FP
Class =  702
158-202.77.162.213-17.32773 and 158-202.77.162.213-17.32773

Iteration#  25
FP
Class =  306
158-202.77.162.213-17.32773 and 158-202.77.162.213-17.32773

Iteration#  26
FP
Class =  905
158-202.77.162.213-17.32773 and 158-202.77.162.213-17.32773

Iteration#  27
FP
Class =  908
158-202.77.162.213-17.32773 and 158-202.77.162.213-17.32773

Iteration#  28
FP
Class =  907
158-202.77.162.213-17.32773 and 158-202.77.162.213-17.32773

Iteration#  29
FP
Class =  108
158-202.77.162.213-17.32773 and 158-202.77.162.213-17.32773

Iteration#  30
FP
Class =  107
158-202.77.162.213-17.32773 and 158-202.77.162.213-17.32773

Iteration#  31
TP
Class =  158
158-202.77.162.213-17.32773 and 158-202.77.162.213-17.32773
['158-202.77.162.213-17.32773', '107-24.6.98.163-6.80', '1.09']


Iteration#  0
FP
Class =  107
158-202.77.162.213-17.32773 and 107-24.6.98.163-6.80

Iteration#  1
FP
Class =  309
158-202.77.162.213-17.32773 and 107-24.6.98.163-6.80

Iteration#  2
FP
Class =  114
158-202.77.162.213-17.32773 and 107-24.6.98.163-6.80

Iteration#  3
FP
Class =  909
158-202.77.162.213-17.32773 and 107-24.6.98.163-6.80

Iteration#  4
FP
Class =  119
158-202.77.162.213-17.32773 and 107-24.6.98.163-6.80

Iteration#  5
FP
Class =  606
158-202.77.162.213-17.32773 and 107-24.6.98.163-6.80

Iteration#  6
FP
Class =  103
158-202.77.162.213-17.32773 and 107-24.6.98.163-6.80

Iteration#  7
FP
Class =  600
158-202.77.162.213-17.32773 and 107-24.6.98.163-6.80

Iteration#  8
FP
Class =  115
158-202.77.162.213-17.32773 and 107-24.6.98.163-6.80

Iteration#  9
FP
Class =  103
158-202.77.162.213-17.32773 and 107-24.6.98.163-6.80

Iteration#  10
FP
Class =  903
158-202.77.162.213-17.32773 and 107-24.6.98.163-6.80

Iteration#  11
FP
Class =  301
158-202.77.162.213-17.32773 and 107-24.6.98.163-6.80

Iteration#  12
FP
Class =  900
158-202.77.162.213-17.32773 and 107-24.6.98.163-6.80

Iteration#  13
FP
Class =  101
158-202.77.162.213-17.32773 and 107-24.6.98.163-6.80

Iteration#  14
FP
Class =  157
158-202.77.162.213-17.32773 and 107-24.6.98.163-6.80

Iteration#  15
FP
Class =  113
158-202.77.162.213-17.32773 and 107-24.6.98.163-6.80

Iteration#  16
FP
Class =  706
158-202.77.162.213-17.32773 and 107-24.6.98.163-6.80

Iteration#  17
FP
Class =  608
158-202.77.162.213-17.32773 and 107-24.6.98.163-6.80

Iteration#  18
FP
Class =  106
158-202.77.162.213-17.32773 and 107-24.6.98.163-6.80

Iteration#  19
FP
Class =  303
158-202.77.162.213-17.32773 and 107-24.6.98.163-6.80

Iteration#  20
FP
Class =  100
158-202.77.162.213-17.32773 and 107-24.6.98.163-6.80

Iteration#  21
FP
Class =  105
158-202.77.162.213-17.32773 and 107-24.6.98.163-6.80

Iteration#  22
FP
Class =  605
158-202.77.162.213-17.32773 and 107-24.6.98.163-6.80

Iteration#  23
FP
Class =  118
158-202.77.162.213-17.32773 and 107-24.6.98.163-6.80

Iteration#  24
FP
Class =  702
158-202.77.162.213-17.32773 and 107-24.6.98.163-6.80

Iteration#  25
FP
Class =  306
158-202.77.162.213-17.32773 and 107-24.6.98.163-6.80

Iteration#  26
FP
Class =  905
158-202.77.162.213-17.32773 and 107-24.6.98.163-6.80

Iteration#  27
FP
Class =  908
158-202.77.162.213-17.32773 and 107-24.6.98.163-6.80

Iteration#  28
FP
Class =  907
158-202.77.162.213-17.32773 and 107-24.6.98.163-6.80

Iteration#  29
FP
Class =  108
158-202.77.162.213-17.32773 and 107-24.6.98.163-6.80

Iteration#  30
FP
Class =  107
158-202.77.162.213-17.32773 and 107-24.6.98.163-6.80

Iteration#  31
FP
Class =  158
158-202.77.162.213-17.32773 and 107-24.6.98.163-6.80
['158-202.77.162.213-17.32773', '108-24.6.102.196-6.1588', '1.09']


Iteration#  0
FP
Class =  107
158-202.77.162.213-17.32773 and 108-24.6.102.196-6.1588

Iteration#  1
FP
Class =  309
158-202.77.162.213-17.32773 and 108-24.6.102.196-6.1588

Iteration#  2
FP
Class =  114
158-202.77.162.213-17.32773 and 108-24.6.102.196-6.1588

Iteration#  3
FP
Class =  909
158-202.77.162.213-17.32773 and 108-24.6.102.196-6.1588

Iteration#  4
FP
Class =  119
158-202.77.162.213-17.32773 and 108-24.6.102.196-6.1588

Iteration#  5
FP
Class =  606
158-202.77.162.213-17.32773 and 108-24.6.102.196-6.1588

Iteration#  6
FP
Class =  103
158-202.77.162.213-17.32773 and 108-24.6.102.196-6.1588

Iteration#  7
FP
Class =  600
158-202.77.162.213-17.32773 and 108-24.6.102.196-6.1588

Iteration#  8
FP
Class =  115
158-202.77.162.213-17.32773 and 108-24.6.102.196-6.1588

Iteration#  9
FP
Class =  103
158-202.77.162.213-17.32773 and 108-24.6.102.196-6.1588

Iteration#  10
FP
Class =  903
158-202.77.162.213-17.32773 and 108-24.6.102.196-6.1588

Iteration#  11
FP
Class =  301
158-202.77.162.213-17.32773 and 108-24.6.102.196-6.1588

Iteration#  12
FP
Class =  900
158-202.77.162.213-17.32773 and 108-24.6.102.196-6.1588

Iteration#  13
FP
Class =  101
158-202.77.162.213-17.32773 and 108-24.6.102.196-6.1588

Iteration#  14
FP
Class =  157
158-202.77.162.213-17.32773 and 108-24.6.102.196-6.1588

Iteration#  15
FP
Class =  113
158-202.77.162.213-17.32773 and 108-24.6.102.196-6.1588

Iteration#  16
FP
Class =  706
158-202.77.162.213-17.32773 and 108-24.6.102.196-6.1588

Iteration#  17
FP
Class =  608
158-202.77.162.213-17.32773 and 108-24.6.102.196-6.1588

Iteration#  18
FP
Class =  106
158-202.77.162.213-17.32773 and 108-24.6.102.196-6.1588

Iteration#  19
FP
Class =  303
158-202.77.162.213-17.32773 and 108-24.6.102.196-6.1588

Iteration#  20
FP
Class =  100
158-202.77.162.213-17.32773 and 108-24.6.102.196-6.1588

Iteration#  21
FP
Class =  105
158-202.77.162.213-17.32773 and 108-24.6.102.196-6.1588

Iteration#  22
FP
Class =  605
158-202.77.162.213-17.32773 and 108-24.6.102.196-6.1588

Iteration#  23
FP
Class =  118
158-202.77.162.213-17.32773 and 108-24.6.102.196-6.1588

Iteration#  24
FP
Class =  702
158-202.77.162.213-17.32773 and 108-24.6.102.196-6.1588

Iteration#  25
FP
Class =  306
158-202.77.162.213-17.32773 and 108-24.6.102.196-6.1588

Iteration#  26
FP
Class =  905
158-202.77.162.213-17.32773 and 108-24.6.102.196-6.1588

Iteration#  27
FP
Class =  908
158-202.77.162.213-17.32773 and 108-24.6.102.196-6.1588

Iteration#  28
FP
Class =  907
158-202.77.162.213-17.32773 and 108-24.6.102.196-6.1588

Iteration#  29
FP
Class =  108
158-202.77.162.213-17.32773 and 108-24.6.102.196-6.1588

Iteration#  30
FP
Class =  107
158-202.77.162.213-17.32773 and 108-24.6.102.196-6.1588

Iteration#  31
FP
Class =  158
158-202.77.162.213-17.32773 and 108-24.6.102.196-6.1588
['158-202.77.162.213-17.32773', '907-192.168.10.125-6.80', '1.33']


Iteration#  0
FP
Class =  107
158-202.77.162.213-17.32773 and 907-192.168.10.125-6.80

Iteration#  1
FP
Class =  309
158-202.77.162.213-17.32773 and 907-192.168.10.125-6.80

Iteration#  2
FP
Class =  114
158-202.77.162.213-17.32773 and 907-192.168.10.125-6.80

Iteration#  3
FP
Class =  909
158-202.77.162.213-17.32773 and 907-192.168.10.125-6.80

Iteration#  4
FP
Class =  119
158-202.77.162.213-17.32773 and 907-192.168.10.125-6.80

Iteration#  5
FP
Class =  606
158-202.77.162.213-17.32773 and 907-192.168.10.125-6.80

Iteration#  6
FP
Class =  103
158-202.77.162.213-17.32773 and 907-192.168.10.125-6.80

Iteration#  7
FP
Class =  600
158-202.77.162.213-17.32773 and 907-192.168.10.125-6.80

Iteration#  8
FP
Class =  115
158-202.77.162.213-17.32773 and 907-192.168.10.125-6.80

Iteration#  9
FP
Class =  103
158-202.77.162.213-17.32773 and 907-192.168.10.125-6.80

Iteration#  10
FP
Class =  903
158-202.77.162.213-17.32773 and 907-192.168.10.125-6.80

Iteration#  11
FP
Class =  301
158-202.77.162.213-17.32773 and 907-192.168.10.125-6.80

Iteration#  12
FP
Class =  900
158-202.77.162.213-17.32773 and 907-192.168.10.125-6.80

Iteration#  13
FP
Class =  101
158-202.77.162.213-17.32773 and 907-192.168.10.125-6.80

Iteration#  14
FP
Class =  157
158-202.77.162.213-17.32773 and 907-192.168.10.125-6.80

Iteration#  15
FP
Class =  113
158-202.77.162.213-17.32773 and 907-192.168.10.125-6.80

Iteration#  16
FP
Class =  706
158-202.77.162.213-17.32773 and 907-192.168.10.125-6.80

Iteration#  17
FP
Class =  608
158-202.77.162.213-17.32773 and 907-192.168.10.125-6.80

Iteration#  18
FP
Class =  106
158-202.77.162.213-17.32773 and 907-192.168.10.125-6.80

Iteration#  19
FP
Class =  303
158-202.77.162.213-17.32773 and 907-192.168.10.125-6.80

Iteration#  20
FP
Class =  100
158-202.77.162.213-17.32773 and 907-192.168.10.125-6.80

Iteration#  21
FP
Class =  105
158-202.77.162.213-17.32773 and 907-192.168.10.125-6.80

Iteration#  22
FP
Class =  605
158-202.77.162.213-17.32773 and 907-192.168.10.125-6.80

Iteration#  23
FP
Class =  118
158-202.77.162.213-17.32773 and 907-192.168.10.125-6.80

Iteration#  24
FP
Class =  702
158-202.77.162.213-17.32773 and 907-192.168.10.125-6.80

Iteration#  25
FP
Class =  306
158-202.77.162.213-17.32773 and 907-192.168.10.125-6.80

Iteration#  26
FP
Class =  905
158-202.77.162.213-17.32773 and 907-192.168.10.125-6.80

Iteration#  27
FP
Class =  908
158-202.77.162.213-17.32773 and 907-192.168.10.125-6.80

Iteration#  28
FP
Class =  907
158-202.77.162.213-17.32773 and 907-192.168.10.125-6.80

Iteration#  29
FP
Class =  108
158-202.77.162.213-17.32773 and 907-192.168.10.125-6.80

Iteration#  30
FP
Class =  107
158-202.77.162.213-17.32773 and 907-192.168.10.125-6.80

Iteration#  31
FP
Class =  158
158-202.77.162.213-17.32773 and 907-192.168.10.125-6.80
['158-202.77.162.213-17.32773', '908-192.168.10.125-17.53', '1.35']


Iteration#  0
FP
Class =  107
158-202.77.162.213-17.32773 and 908-192.168.10.125-17.53

Iteration#  1
FP
Class =  309
158-202.77.162.213-17.32773 and 908-192.168.10.125-17.53

Iteration#  2
FP
Class =  114
158-202.77.162.213-17.32773 and 908-192.168.10.125-17.53

Iteration#  3
FP
Class =  909
158-202.77.162.213-17.32773 and 908-192.168.10.125-17.53

Iteration#  4
FP
Class =  119
158-202.77.162.213-17.32773 and 908-192.168.10.125-17.53

Iteration#  5
FP
Class =  606
158-202.77.162.213-17.32773 and 908-192.168.10.125-17.53

Iteration#  6
FP
Class =  103
158-202.77.162.213-17.32773 and 908-192.168.10.125-17.53

Iteration#  7
FP
Class =  600
158-202.77.162.213-17.32773 and 908-192.168.10.125-17.53

Iteration#  8
FP
Class =  115
158-202.77.162.213-17.32773 and 908-192.168.10.125-17.53

Iteration#  9
FP
Class =  103
158-202.77.162.213-17.32773 and 908-192.168.10.125-17.53

Iteration#  10
FP
Class =  903
158-202.77.162.213-17.32773 and 908-192.168.10.125-17.53

Iteration#  11
FP
Class =  301
158-202.77.162.213-17.32773 and 908-192.168.10.125-17.53

Iteration#  12
FP
Class =  900
158-202.77.162.213-17.32773 and 908-192.168.10.125-17.53

Iteration#  13
FP
Class =  101
158-202.77.162.213-17.32773 and 908-192.168.10.125-17.53

Iteration#  14
FP
Class =  157
158-202.77.162.213-17.32773 and 908-192.168.10.125-17.53

Iteration#  15
FP
Class =  113
158-202.77.162.213-17.32773 and 908-192.168.10.125-17.53

Iteration#  16
FP
Class =  706
158-202.77.162.213-17.32773 and 908-192.168.10.125-17.53

Iteration#  17
FP
Class =  608
158-202.77.162.213-17.32773 and 908-192.168.10.125-17.53

Iteration#  18
FP
Class =  106
158-202.77.162.213-17.32773 and 908-192.168.10.125-17.53

Iteration#  19
FP
Class =  303
158-202.77.162.213-17.32773 and 908-192.168.10.125-17.53

Iteration#  20
FP
Class =  100
158-202.77.162.213-17.32773 and 908-192.168.10.125-17.53

Iteration#  21
FP
Class =  105
158-202.77.162.213-17.32773 and 908-192.168.10.125-17.53

Iteration#  22
FP
Class =  605
158-202.77.162.213-17.32773 and 908-192.168.10.125-17.53

Iteration#  23
FP
Class =  118
158-202.77.162.213-17.32773 and 908-192.168.10.125-17.53

Iteration#  24
FP
Class =  702
158-202.77.162.213-17.32773 and 908-192.168.10.125-17.53

Iteration#  25
FP
Class =  306
158-202.77.162.213-17.32773 and 908-192.168.10.125-17.53

Iteration#  26
FP
Class =  905
158-202.77.162.213-17.32773 and 908-192.168.10.125-17.53

Iteration#  27
FP
Class =  908
158-202.77.162.213-17.32773 and 908-192.168.10.125-17.53

Iteration#  28
FP
Class =  907
158-202.77.162.213-17.32773 and 908-192.168.10.125-17.53

Iteration#  29
FP
Class =  108
158-202.77.162.213-17.32773 and 908-192.168.10.125-17.53

Iteration#  30
FP
Class =  107
158-202.77.162.213-17.32773 and 908-192.168.10.125-17.53

Iteration#  31
FP
Class =  158
158-202.77.162.213-17.32773 and 908-192.168.10.125-17.53
['158-202.77.162.213-17.32773', '905-212.58.253.68-6.1368', '1.3']


Iteration#  0
FP
Class =  107
158-202.77.162.213-17.32773 and 905-212.58.253.68-6.1368

Iteration#  1
FP
Class =  309
158-202.77.162.213-17.32773 and 905-212.58.253.68-6.1368

Iteration#  2
FP
Class =  114
158-202.77.162.213-17.32773 and 905-212.58.253.68-6.1368

Iteration#  3
FP
Class =  909
158-202.77.162.213-17.32773 and 905-212.58.253.68-6.1368

Iteration#  4
FP
Class =  119
158-202.77.162.213-17.32773 and 905-212.58.253.68-6.1368

Iteration#  5
FP
Class =  606
158-202.77.162.213-17.32773 and 905-212.58.253.68-6.1368

Iteration#  6
FP
Class =  103
158-202.77.162.213-17.32773 and 905-212.58.253.68-6.1368

Iteration#  7
FP
Class =  600
158-202.77.162.213-17.32773 and 905-212.58.253.68-6.1368

Iteration#  8
FP
Class =  115
158-202.77.162.213-17.32773 and 905-212.58.253.68-6.1368

Iteration#  9
FP
Class =  103
158-202.77.162.213-17.32773 and 905-212.58.253.68-6.1368

Iteration#  10
FP
Class =  903
158-202.77.162.213-17.32773 and 905-212.58.253.68-6.1368

Iteration#  11
FP
Class =  301
158-202.77.162.213-17.32773 and 905-212.58.253.68-6.1368

Iteration#  12
FP
Class =  900
158-202.77.162.213-17.32773 and 905-212.58.253.68-6.1368

Iteration#  13
FP
Class =  101
158-202.77.162.213-17.32773 and 905-212.58.253.68-6.1368

Iteration#  14
FP
Class =  157
158-202.77.162.213-17.32773 and 905-212.58.253.68-6.1368

Iteration#  15
FP
Class =  113
158-202.77.162.213-17.32773 and 905-212.58.253.68-6.1368

Iteration#  16
FP
Class =  706
158-202.77.162.213-17.32773 and 905-212.58.253.68-6.1368

Iteration#  17
FP
Class =  608
158-202.77.162.213-17.32773 and 905-212.58.253.68-6.1368

Iteration#  18
FP
Class =  106
158-202.77.162.213-17.32773 and 905-212.58.253.68-6.1368

Iteration#  19
FP
Class =  303
158-202.77.162.213-17.32773 and 905-212.58.253.68-6.1368

Iteration#  20
FP
Class =  100
158-202.77.162.213-17.32773 and 905-212.58.253.68-6.1368

Iteration#  21
FP
Class =  105
158-202.77.162.213-17.32773 and 905-212.58.253.68-6.1368

Iteration#  22
FP
Class =  605
158-202.77.162.213-17.32773 and 905-212.58.253.68-6.1368

Iteration#  23
FP
Class =  118
158-202.77.162.213-17.32773 and 905-212.58.253.68-6.1368

Iteration#  24
FP
Class =  702
158-202.77.162.213-17.32773 and 905-212.58.253.68-6.1368

Iteration#  25
FP
Class =  306
158-202.77.162.213-17.32773 and 905-212.58.253.68-6.1368

Iteration#  26
FP
Class =  905
158-202.77.162.213-17.32773 and 905-212.58.253.68-6.1368

Iteration#  27
FP
Class =  908
158-202.77.162.213-17.32773 and 905-212.58.253.68-6.1368

Iteration#  28
FP
Class =  907
158-202.77.162.213-17.32773 and 905-212.58.253.68-6.1368

Iteration#  29
FP
Class =  108
158-202.77.162.213-17.32773 and 905-212.58.253.68-6.1368

Iteration#  30
FP
Class =  107
158-202.77.162.213-17.32773 and 905-212.58.253.68-6.1368

Iteration#  31
FP
Class =  158
158-202.77.162.213-17.32773 and 905-212.58.253.68-6.1368
['158-202.77.162.213-17.32773', '306-192.168.10.101-6.1171', '1.07']


Iteration#  0
FP
Class =  107
158-202.77.162.213-17.32773 and 306-192.168.10.101-6.1171

Iteration#  1
FP
Class =  309
158-202.77.162.213-17.32773 and 306-192.168.10.101-6.1171

Iteration#  2
FP
Class =  114
158-202.77.162.213-17.32773 and 306-192.168.10.101-6.1171

Iteration#  3
FP
Class =  909
158-202.77.162.213-17.32773 and 306-192.168.10.101-6.1171

Iteration#  4
FP
Class =  119
158-202.77.162.213-17.32773 and 306-192.168.10.101-6.1171

Iteration#  5
FP
Class =  606
158-202.77.162.213-17.32773 and 306-192.168.10.101-6.1171

Iteration#  6
FP
Class =  103
158-202.77.162.213-17.32773 and 306-192.168.10.101-6.1171

Iteration#  7
FP
Class =  600
158-202.77.162.213-17.32773 and 306-192.168.10.101-6.1171

Iteration#  8
FP
Class =  115
158-202.77.162.213-17.32773 and 306-192.168.10.101-6.1171

Iteration#  9
FP
Class =  103
158-202.77.162.213-17.32773 and 306-192.168.10.101-6.1171

Iteration#  10
FP
Class =  903
158-202.77.162.213-17.32773 and 306-192.168.10.101-6.1171

Iteration#  11
FP
Class =  301
158-202.77.162.213-17.32773 and 306-192.168.10.101-6.1171

Iteration#  12
FP
Class =  900
158-202.77.162.213-17.32773 and 306-192.168.10.101-6.1171

Iteration#  13
FP
Class =  101
158-202.77.162.213-17.32773 and 306-192.168.10.101-6.1171

Iteration#  14
FP
Class =  157
158-202.77.162.213-17.32773 and 306-192.168.10.101-6.1171

Iteration#  15
FP
Class =  113
158-202.77.162.213-17.32773 and 306-192.168.10.101-6.1171

Iteration#  16
FP
Class =  706
158-202.77.162.213-17.32773 and 306-192.168.10.101-6.1171

Iteration#  17
FP
Class =  608
158-202.77.162.213-17.32773 and 306-192.168.10.101-6.1171

Iteration#  18
FP
Class =  106
158-202.77.162.213-17.32773 and 306-192.168.10.101-6.1171

Iteration#  19
FP
Class =  303
158-202.77.162.213-17.32773 and 306-192.168.10.101-6.1171

Iteration#  20
FP
Class =  100
158-202.77.162.213-17.32773 and 306-192.168.10.101-6.1171

Iteration#  21
FP
Class =  105
158-202.77.162.213-17.32773 and 306-192.168.10.101-6.1171

Iteration#  22
FP
Class =  605
158-202.77.162.213-17.32773 and 306-192.168.10.101-6.1171

Iteration#  23
FP
Class =  118
158-202.77.162.213-17.32773 and 306-192.168.10.101-6.1171

Iteration#  24
FP
Class =  702
158-202.77.162.213-17.32773 and 306-192.168.10.101-6.1171

Iteration#  25
FP
Class =  306
158-202.77.162.213-17.32773 and 306-192.168.10.101-6.1171

Iteration#  26
FP
Class =  905
158-202.77.162.213-17.32773 and 306-192.168.10.101-6.1171

Iteration#  27
FP
Class =  908
158-202.77.162.213-17.32773 and 306-192.168.10.101-6.1171

Iteration#  28
FP
Class =  907
158-202.77.162.213-17.32773 and 306-192.168.10.101-6.1171

Iteration#  29
FP
Class =  108
158-202.77.162.213-17.32773 and 306-192.168.10.101-6.1171

Iteration#  30
FP
Class =  107
158-202.77.162.213-17.32773 and 306-192.168.10.101-6.1171

Iteration#  31
FP
Class =  158
158-202.77.162.213-17.32773 and 306-192.168.10.101-6.1171
['158-202.77.162.213-17.32773', '702-192.168.10.101-17.34070', '1.05']


Iteration#  0
FP
Class =  107
158-202.77.162.213-17.32773 and 702-192.168.10.101-17.34070

Iteration#  1
FP
Class =  309
158-202.77.162.213-17.32773 and 702-192.168.10.101-17.34070

Iteration#  2
FP
Class =  114
158-202.77.162.213-17.32773 and 702-192.168.10.101-17.34070

Iteration#  3
FP
Class =  909
158-202.77.162.213-17.32773 and 702-192.168.10.101-17.34070

Iteration#  4
FP
Class =  119
158-202.77.162.213-17.32773 and 702-192.168.10.101-17.34070

Iteration#  5
FP
Class =  606
158-202.77.162.213-17.32773 and 702-192.168.10.101-17.34070

Iteration#  6
FP
Class =  103
158-202.77.162.213-17.32773 and 702-192.168.10.101-17.34070

Iteration#  7
FP
Class =  600
158-202.77.162.213-17.32773 and 702-192.168.10.101-17.34070

Iteration#  8
FP
Class =  115
158-202.77.162.213-17.32773 and 702-192.168.10.101-17.34070

Iteration#  9
FP
Class =  103
158-202.77.162.213-17.32773 and 702-192.168.10.101-17.34070

Iteration#  10
FP
Class =  903
158-202.77.162.213-17.32773 and 702-192.168.10.101-17.34070

Iteration#  11
FP
Class =  301
158-202.77.162.213-17.32773 and 702-192.168.10.101-17.34070

Iteration#  12
FP
Class =  900
158-202.77.162.213-17.32773 and 702-192.168.10.101-17.34070

Iteration#  13
FP
Class =  101
158-202.77.162.213-17.32773 and 702-192.168.10.101-17.34070

Iteration#  14
FP
Class =  157
158-202.77.162.213-17.32773 and 702-192.168.10.101-17.34070

Iteration#  15
FP
Class =  113
158-202.77.162.213-17.32773 and 702-192.168.10.101-17.34070

Iteration#  16
FP
Class =  706
158-202.77.162.213-17.32773 and 702-192.168.10.101-17.34070

Iteration#  17
FP
Class =  608
158-202.77.162.213-17.32773 and 702-192.168.10.101-17.34070

Iteration#  18
FP
Class =  106
158-202.77.162.213-17.32773 and 702-192.168.10.101-17.34070

Iteration#  19
FP
Class =  303
158-202.77.162.213-17.32773 and 702-192.168.10.101-17.34070

Iteration#  20
FP
Class =  100
158-202.77.162.213-17.32773 and 702-192.168.10.101-17.34070

Iteration#  21
FP
Class =  105
158-202.77.162.213-17.32773 and 702-192.168.10.101-17.34070

Iteration#  22
FP
Class =  605
158-202.77.162.213-17.32773 and 702-192.168.10.101-17.34070

Iteration#  23
FP
Class =  118
158-202.77.162.213-17.32773 and 702-192.168.10.101-17.34070

Iteration#  24
FP
Class =  702
158-202.77.162.213-17.32773 and 702-192.168.10.101-17.34070

Iteration#  25
FP
Class =  306
158-202.77.162.213-17.32773 and 702-192.168.10.101-17.34070

Iteration#  26
FP
Class =  905
158-202.77.162.213-17.32773 and 702-192.168.10.101-17.34070

Iteration#  27
FP
Class =  908
158-202.77.162.213-17.32773 and 702-192.168.10.101-17.34070

Iteration#  28
FP
Class =  907
158-202.77.162.213-17.32773 and 702-192.168.10.101-17.34070

Iteration#  29
FP
Class =  108
158-202.77.162.213-17.32773 and 702-192.168.10.101-17.34070

Iteration#  30
FP
Class =  107
158-202.77.162.213-17.32773 and 702-192.168.10.101-17.34070

Iteration#  31
FP
Class =  158
158-202.77.162.213-17.32773 and 702-192.168.10.101-17.34070
['158-202.77.162.213-17.32773', '118-24.6.98.163-6.80', '1.09']


Iteration#  0
FP
Class =  107
158-202.77.162.213-17.32773 and 118-24.6.98.163-6.80

Iteration#  1
FP
Class =  309
158-202.77.162.213-17.32773 and 118-24.6.98.163-6.80

Iteration#  2
FP
Class =  114
158-202.77.162.213-17.32773 and 118-24.6.98.163-6.80

Iteration#  3
FP
Class =  909
158-202.77.162.213-17.32773 and 118-24.6.98.163-6.80

Iteration#  4
FP
Class =  119
158-202.77.162.213-17.32773 and 118-24.6.98.163-6.80

Iteration#  5
FP
Class =  606
158-202.77.162.213-17.32773 and 118-24.6.98.163-6.80

Iteration#  6
FP
Class =  103
158-202.77.162.213-17.32773 and 118-24.6.98.163-6.80

Iteration#  7
FP
Class =  600
158-202.77.162.213-17.32773 and 118-24.6.98.163-6.80

Iteration#  8
FP
Class =  115
158-202.77.162.213-17.32773 and 118-24.6.98.163-6.80

Iteration#  9
FP
Class =  103
158-202.77.162.213-17.32773 and 118-24.6.98.163-6.80

Iteration#  10
FP
Class =  903
158-202.77.162.213-17.32773 and 118-24.6.98.163-6.80

Iteration#  11
FP
Class =  301
158-202.77.162.213-17.32773 and 118-24.6.98.163-6.80

Iteration#  12
FP
Class =  900
158-202.77.162.213-17.32773 and 118-24.6.98.163-6.80

Iteration#  13
FP
Class =  101
158-202.77.162.213-17.32773 and 118-24.6.98.163-6.80

Iteration#  14
FP
Class =  157
158-202.77.162.213-17.32773 and 118-24.6.98.163-6.80

Iteration#  15
FP
Class =  113
158-202.77.162.213-17.32773 and 118-24.6.98.163-6.80

Iteration#  16
FP
Class =  706
158-202.77.162.213-17.32773 and 118-24.6.98.163-6.80

Iteration#  17
FP
Class =  608
158-202.77.162.213-17.32773 and 118-24.6.98.163-6.80

Iteration#  18
FP
Class =  106
158-202.77.162.213-17.32773 and 118-24.6.98.163-6.80

Iteration#  19
FP
Class =  303
158-202.77.162.213-17.32773 and 118-24.6.98.163-6.80

Iteration#  20
FP
Class =  100
158-202.77.162.213-17.32773 and 118-24.6.98.163-6.80

Iteration#  21
FP
Class =  105
158-202.77.162.213-17.32773 and 118-24.6.98.163-6.80

Iteration#  22
FP
Class =  605
158-202.77.162.213-17.32773 and 118-24.6.98.163-6.80

Iteration#  23
FP
Class =  118
158-202.77.162.213-17.32773 and 118-24.6.98.163-6.80

Iteration#  24
FP
Class =  702
158-202.77.162.213-17.32773 and 118-24.6.98.163-6.80

Iteration#  25
FP
Class =  306
158-202.77.162.213-17.32773 and 118-24.6.98.163-6.80

Iteration#  26
FP
Class =  905
158-202.77.162.213-17.32773 and 118-24.6.98.163-6.80

Iteration#  27
FP
Class =  908
158-202.77.162.213-17.32773 and 118-24.6.98.163-6.80

Iteration#  28
FP
Class =  907
158-202.77.162.213-17.32773 and 118-24.6.98.163-6.80

Iteration#  29
FP
Class =  108
158-202.77.162.213-17.32773 and 118-24.6.98.163-6.80

Iteration#  30
FP
Class =  107
158-202.77.162.213-17.32773 and 118-24.6.98.163-6.80

Iteration#  31
FP
Class =  158
158-202.77.162.213-17.32773 and 118-24.6.98.163-6.80
['158-202.77.162.213-17.32773', '605-192.168.10.102-6.1180', '1.08']


Iteration#  0
FP
Class =  107
158-202.77.162.213-17.32773 and 605-192.168.10.102-6.1180

Iteration#  1
FP
Class =  309
158-202.77.162.213-17.32773 and 605-192.168.10.102-6.1180

Iteration#  2
FP
Class =  114
158-202.77.162.213-17.32773 and 605-192.168.10.102-6.1180

Iteration#  3
FP
Class =  909
158-202.77.162.213-17.32773 and 605-192.168.10.102-6.1180

Iteration#  4
FP
Class =  119
158-202.77.162.213-17.32773 and 605-192.168.10.102-6.1180

Iteration#  5
FP
Class =  606
158-202.77.162.213-17.32773 and 605-192.168.10.102-6.1180

Iteration#  6
FP
Class =  103
158-202.77.162.213-17.32773 and 605-192.168.10.102-6.1180

Iteration#  7
FP
Class =  600
158-202.77.162.213-17.32773 and 605-192.168.10.102-6.1180

Iteration#  8
FP
Class =  115
158-202.77.162.213-17.32773 and 605-192.168.10.102-6.1180

Iteration#  9
FP
Class =  103
158-202.77.162.213-17.32773 and 605-192.168.10.102-6.1180

Iteration#  10
FP
Class =  903
158-202.77.162.213-17.32773 and 605-192.168.10.102-6.1180

Iteration#  11
FP
Class =  301
158-202.77.162.213-17.32773 and 605-192.168.10.102-6.1180

Iteration#  12
FP
Class =  900
158-202.77.162.213-17.32773 and 605-192.168.10.102-6.1180

Iteration#  13
FP
Class =  101
158-202.77.162.213-17.32773 and 605-192.168.10.102-6.1180

Iteration#  14
FP
Class =  157
158-202.77.162.213-17.32773 and 605-192.168.10.102-6.1180

Iteration#  15
FP
Class =  113
158-202.77.162.213-17.32773 and 605-192.168.10.102-6.1180

Iteration#  16
FP
Class =  706
158-202.77.162.213-17.32773 and 605-192.168.10.102-6.1180

Iteration#  17
FP
Class =  608
158-202.77.162.213-17.32773 and 605-192.168.10.102-6.1180

Iteration#  18
FP
Class =  106
158-202.77.162.213-17.32773 and 605-192.168.10.102-6.1180

Iteration#  19
FP
Class =  303
158-202.77.162.213-17.32773 and 605-192.168.10.102-6.1180

Iteration#  20
FP
Class =  100
158-202.77.162.213-17.32773 and 605-192.168.10.102-6.1180

Iteration#  21
FP
Class =  105
158-202.77.162.213-17.32773 and 605-192.168.10.102-6.1180

Iteration#  22
FP
Class =  605
158-202.77.162.213-17.32773 and 605-192.168.10.102-6.1180

Iteration#  23
FP
Class =  118
158-202.77.162.213-17.32773 and 605-192.168.10.102-6.1180

Iteration#  24
FP
Class =  702
158-202.77.162.213-17.32773 and 605-192.168.10.102-6.1180

Iteration#  25
FP
Class =  306
158-202.77.162.213-17.32773 and 605-192.168.10.102-6.1180

Iteration#  26
FP
Class =  905
158-202.77.162.213-17.32773 and 605-192.168.10.102-6.1180

Iteration#  27
FP
Class =  908
158-202.77.162.213-17.32773 and 605-192.168.10.102-6.1180

Iteration#  28
FP
Class =  907
158-202.77.162.213-17.32773 and 605-192.168.10.102-6.1180

Iteration#  29
FP
Class =  108
158-202.77.162.213-17.32773 and 605-192.168.10.102-6.1180

Iteration#  30
FP
Class =  107
158-202.77.162.213-17.32773 and 605-192.168.10.102-6.1180

Iteration#  31
FP
Class =  158
158-202.77.162.213-17.32773 and 605-192.168.10.102-6.1180
['158-202.77.162.213-17.32773', '105-24.6.102.196-6.1585', '1.09']


Iteration#  0
FP
Class =  107
158-202.77.162.213-17.32773 and 105-24.6.102.196-6.1585

Iteration#  1
FP
Class =  309
158-202.77.162.213-17.32773 and 105-24.6.102.196-6.1585

Iteration#  2
FP
Class =  114
158-202.77.162.213-17.32773 and 105-24.6.102.196-6.1585

Iteration#  3
FP
Class =  909
158-202.77.162.213-17.32773 and 105-24.6.102.196-6.1585

Iteration#  4
FP
Class =  119
158-202.77.162.213-17.32773 and 105-24.6.102.196-6.1585

Iteration#  5
FP
Class =  606
158-202.77.162.213-17.32773 and 105-24.6.102.196-6.1585

Iteration#  6
FP
Class =  103
158-202.77.162.213-17.32773 and 105-24.6.102.196-6.1585

Iteration#  7
FP
Class =  600
158-202.77.162.213-17.32773 and 105-24.6.102.196-6.1585

Iteration#  8
FP
Class =  115
158-202.77.162.213-17.32773 and 105-24.6.102.196-6.1585

Iteration#  9
FP
Class =  103
158-202.77.162.213-17.32773 and 105-24.6.102.196-6.1585

Iteration#  10
FP
Class =  903
158-202.77.162.213-17.32773 and 105-24.6.102.196-6.1585

Iteration#  11
FP
Class =  301
158-202.77.162.213-17.32773 and 105-24.6.102.196-6.1585

Iteration#  12
FP
Class =  900
158-202.77.162.213-17.32773 and 105-24.6.102.196-6.1585

Iteration#  13
FP
Class =  101
158-202.77.162.213-17.32773 and 105-24.6.102.196-6.1585

Iteration#  14
FP
Class =  157
158-202.77.162.213-17.32773 and 105-24.6.102.196-6.1585

Iteration#  15
FP
Class =  113
158-202.77.162.213-17.32773 and 105-24.6.102.196-6.1585

Iteration#  16
FP
Class =  706
158-202.77.162.213-17.32773 and 105-24.6.102.196-6.1585

Iteration#  17
FP
Class =  608
158-202.77.162.213-17.32773 and 105-24.6.102.196-6.1585

Iteration#  18
FP
Class =  106
158-202.77.162.213-17.32773 and 105-24.6.102.196-6.1585

Iteration#  19
FP
Class =  303
158-202.77.162.213-17.32773 and 105-24.6.102.196-6.1585

Iteration#  20
FP
Class =  100
158-202.77.162.213-17.32773 and 105-24.6.102.196-6.1585

Iteration#  21
FP
Class =  105
158-202.77.162.213-17.32773 and 105-24.6.102.196-6.1585

Iteration#  22
FP
Class =  605
158-202.77.162.213-17.32773 and 105-24.6.102.196-6.1585

Iteration#  23
FP
Class =  118
158-202.77.162.213-17.32773 and 105-24.6.102.196-6.1585

Iteration#  24
FP
Class =  702
158-202.77.162.213-17.32773 and 105-24.6.102.196-6.1585

Iteration#  25
FP
Class =  306
158-202.77.162.213-17.32773 and 105-24.6.102.196-6.1585

Iteration#  26
FP
Class =  905
158-202.77.162.213-17.32773 and 105-24.6.102.196-6.1585

Iteration#  27
FP
Class =  908
158-202.77.162.213-17.32773 and 105-24.6.102.196-6.1585

Iteration#  28
FP
Class =  907
158-202.77.162.213-17.32773 and 105-24.6.102.196-6.1585

Iteration#  29
FP
Class =  108
158-202.77.162.213-17.32773 and 105-24.6.102.196-6.1585

Iteration#  30
FP
Class =  107
158-202.77.162.213-17.32773 and 105-24.6.102.196-6.1585

Iteration#  31
FP
Class =  158
158-202.77.162.213-17.32773 and 105-24.6.102.196-6.1585
['158-202.77.162.213-17.32773', '100-24.6.98.163-6.80', '1.1']


Iteration#  0
FP
Class =  107
158-202.77.162.213-17.32773 and 100-24.6.98.163-6.80

Iteration#  1
FP
Class =  309
158-202.77.162.213-17.32773 and 100-24.6.98.163-6.80

Iteration#  2
FP
Class =  114
158-202.77.162.213-17.32773 and 100-24.6.98.163-6.80

Iteration#  3
FP
Class =  909
158-202.77.162.213-17.32773 and 100-24.6.98.163-6.80

Iteration#  4
FP
Class =  119
158-202.77.162.213-17.32773 and 100-24.6.98.163-6.80

Iteration#  5
FP
Class =  606
158-202.77.162.213-17.32773 and 100-24.6.98.163-6.80

Iteration#  6
FP
Class =  103
158-202.77.162.213-17.32773 and 100-24.6.98.163-6.80

Iteration#  7
FP
Class =  600
158-202.77.162.213-17.32773 and 100-24.6.98.163-6.80

Iteration#  8
FP
Class =  115
158-202.77.162.213-17.32773 and 100-24.6.98.163-6.80

Iteration#  9
FP
Class =  103
158-202.77.162.213-17.32773 and 100-24.6.98.163-6.80

Iteration#  10
FP
Class =  903
158-202.77.162.213-17.32773 and 100-24.6.98.163-6.80

Iteration#  11
FP
Class =  301
158-202.77.162.213-17.32773 and 100-24.6.98.163-6.80

Iteration#  12
FP
Class =  900
158-202.77.162.213-17.32773 and 100-24.6.98.163-6.80

Iteration#  13
FP
Class =  101
158-202.77.162.213-17.32773 and 100-24.6.98.163-6.80

Iteration#  14
FP
Class =  157
158-202.77.162.213-17.32773 and 100-24.6.98.163-6.80

Iteration#  15
FP
Class =  113
158-202.77.162.213-17.32773 and 100-24.6.98.163-6.80

Iteration#  16
FP
Class =  706
158-202.77.162.213-17.32773 and 100-24.6.98.163-6.80

Iteration#  17
FP
Class =  608
158-202.77.162.213-17.32773 and 100-24.6.98.163-6.80

Iteration#  18
FP
Class =  106
158-202.77.162.213-17.32773 and 100-24.6.98.163-6.80

Iteration#  19
FP
Class =  303
158-202.77.162.213-17.32773 and 100-24.6.98.163-6.80

Iteration#  20
FP
Class =  100
158-202.77.162.213-17.32773 and 100-24.6.98.163-6.80

Iteration#  21
FP
Class =  105
158-202.77.162.213-17.32773 and 100-24.6.98.163-6.80

Iteration#  22
FP
Class =  605
158-202.77.162.213-17.32773 and 100-24.6.98.163-6.80

Iteration#  23
FP
Class =  118
158-202.77.162.213-17.32773 and 100-24.6.98.163-6.80

Iteration#  24
FP
Class =  702
158-202.77.162.213-17.32773 and 100-24.6.98.163-6.80

Iteration#  25
FP
Class =  306
158-202.77.162.213-17.32773 and 100-24.6.98.163-6.80

Iteration#  26
FP
Class =  905
158-202.77.162.213-17.32773 and 100-24.6.98.163-6.80

Iteration#  27
FP
Class =  908
158-202.77.162.213-17.32773 and 100-24.6.98.163-6.80

Iteration#  28
FP
Class =  907
158-202.77.162.213-17.32773 and 100-24.6.98.163-6.80

Iteration#  29
FP
Class =  108
158-202.77.162.213-17.32773 and 100-24.6.98.163-6.80

Iteration#  30
FP
Class =  107
158-202.77.162.213-17.32773 and 100-24.6.98.163-6.80

Iteration#  31
FP
Class =  158
158-202.77.162.213-17.32773 and 100-24.6.98.163-6.80
['158-202.77.162.213-17.32773', '303-192.168.10.126-6.445', '1.32']


Iteration#  0
FP
Class =  107
158-202.77.162.213-17.32773 and 303-192.168.10.126-6.445

Iteration#  1
FP
Class =  309
158-202.77.162.213-17.32773 and 303-192.168.10.126-6.445

Iteration#  2
FP
Class =  114
158-202.77.162.213-17.32773 and 303-192.168.10.126-6.445

Iteration#  3
FP
Class =  909
158-202.77.162.213-17.32773 and 303-192.168.10.126-6.445

Iteration#  4
FP
Class =  119
158-202.77.162.213-17.32773 and 303-192.168.10.126-6.445

Iteration#  5
FP
Class =  606
158-202.77.162.213-17.32773 and 303-192.168.10.126-6.445

Iteration#  6
FP
Class =  103
158-202.77.162.213-17.32773 and 303-192.168.10.126-6.445

Iteration#  7
FP
Class =  600
158-202.77.162.213-17.32773 and 303-192.168.10.126-6.445

Iteration#  8
FP
Class =  115
158-202.77.162.213-17.32773 and 303-192.168.10.126-6.445

Iteration#  9
FP
Class =  103
158-202.77.162.213-17.32773 and 303-192.168.10.126-6.445

Iteration#  10
FP
Class =  903
158-202.77.162.213-17.32773 and 303-192.168.10.126-6.445

Iteration#  11
FP
Class =  301
158-202.77.162.213-17.32773 and 303-192.168.10.126-6.445

Iteration#  12
FP
Class =  900
158-202.77.162.213-17.32773 and 303-192.168.10.126-6.445

Iteration#  13
FP
Class =  101
158-202.77.162.213-17.32773 and 303-192.168.10.126-6.445

Iteration#  14
FP
Class =  157
158-202.77.162.213-17.32773 and 303-192.168.10.126-6.445

Iteration#  15
FP
Class =  113
158-202.77.162.213-17.32773 and 303-192.168.10.126-6.445

Iteration#  16
FP
Class =  706
158-202.77.162.213-17.32773 and 303-192.168.10.126-6.445

Iteration#  17
FP
Class =  608
158-202.77.162.213-17.32773 and 303-192.168.10.126-6.445

Iteration#  18
FP
Class =  106
158-202.77.162.213-17.32773 and 303-192.168.10.126-6.445

Iteration#  19
FP
Class =  303
158-202.77.162.213-17.32773 and 303-192.168.10.126-6.445

Iteration#  20
FP
Class =  100
158-202.77.162.213-17.32773 and 303-192.168.10.126-6.445

Iteration#  21
FP
Class =  105
158-202.77.162.213-17.32773 and 303-192.168.10.126-6.445

Iteration#  22
FP
Class =  605
158-202.77.162.213-17.32773 and 303-192.168.10.126-6.445

Iteration#  23
FP
Class =  118
158-202.77.162.213-17.32773 and 303-192.168.10.126-6.445

Iteration#  24
FP
Class =  702
158-202.77.162.213-17.32773 and 303-192.168.10.126-6.445

Iteration#  25
FP
Class =  306
158-202.77.162.213-17.32773 and 303-192.168.10.126-6.445

Iteration#  26
FP
Class =  905
158-202.77.162.213-17.32773 and 303-192.168.10.126-6.445

Iteration#  27
FP
Class =  908
158-202.77.162.213-17.32773 and 303-192.168.10.126-6.445

Iteration#  28
FP
Class =  907
158-202.77.162.213-17.32773 and 303-192.168.10.126-6.445

Iteration#  29
FP
Class =  108
158-202.77.162.213-17.32773 and 303-192.168.10.126-6.445

Iteration#  30
FP
Class =  107
158-202.77.162.213-17.32773 and 303-192.168.10.126-6.445

Iteration#  31
FP
Class =  158
158-202.77.162.213-17.32773 and 303-192.168.10.126-6.445
['158-202.77.162.213-17.32773', '106-24.6.98.163-6.80', '1.08']


Iteration#  0
FP
Class =  107
158-202.77.162.213-17.32773 and 106-24.6.98.163-6.80

Iteration#  1
FP
Class =  309
158-202.77.162.213-17.32773 and 106-24.6.98.163-6.80

Iteration#  2
FP
Class =  114
158-202.77.162.213-17.32773 and 106-24.6.98.163-6.80

Iteration#  3
FP
Class =  909
158-202.77.162.213-17.32773 and 106-24.6.98.163-6.80

Iteration#  4
FP
Class =  119
158-202.77.162.213-17.32773 and 106-24.6.98.163-6.80

Iteration#  5
FP
Class =  606
158-202.77.162.213-17.32773 and 106-24.6.98.163-6.80

Iteration#  6
FP
Class =  103
158-202.77.162.213-17.32773 and 106-24.6.98.163-6.80

Iteration#  7
FP
Class =  600
158-202.77.162.213-17.32773 and 106-24.6.98.163-6.80

Iteration#  8
FP
Class =  115
158-202.77.162.213-17.32773 and 106-24.6.98.163-6.80

Iteration#  9
FP
Class =  103
158-202.77.162.213-17.32773 and 106-24.6.98.163-6.80

Iteration#  10
FP
Class =  903
158-202.77.162.213-17.32773 and 106-24.6.98.163-6.80

Iteration#  11
FP
Class =  301
158-202.77.162.213-17.32773 and 106-24.6.98.163-6.80

Iteration#  12
FP
Class =  900
158-202.77.162.213-17.32773 and 106-24.6.98.163-6.80

Iteration#  13
FP
Class =  101
158-202.77.162.213-17.32773 and 106-24.6.98.163-6.80

Iteration#  14
FP
Class =  157
158-202.77.162.213-17.32773 and 106-24.6.98.163-6.80

Iteration#  15
FP
Class =  113
158-202.77.162.213-17.32773 and 106-24.6.98.163-6.80

Iteration#  16
FP
Class =  706
158-202.77.162.213-17.32773 and 106-24.6.98.163-6.80

Iteration#  17
FP
Class =  608
158-202.77.162.213-17.32773 and 106-24.6.98.163-6.80

Iteration#  18
FP
Class =  106
158-202.77.162.213-17.32773 and 106-24.6.98.163-6.80

Iteration#  19
FP
Class =  303
158-202.77.162.213-17.32773 and 106-24.6.98.163-6.80

Iteration#  20
FP
Class =  100
158-202.77.162.213-17.32773 and 106-24.6.98.163-6.80

Iteration#  21
FP
Class =  105
158-202.77.162.213-17.32773 and 106-24.6.98.163-6.80

Iteration#  22
FP
Class =  605
158-202.77.162.213-17.32773 and 106-24.6.98.163-6.80

Iteration#  23
FP
Class =  118
158-202.77.162.213-17.32773 and 106-24.6.98.163-6.80

Iteration#  24
FP
Class =  702
158-202.77.162.213-17.32773 and 106-24.6.98.163-6.80

Iteration#  25
FP
Class =  306
158-202.77.162.213-17.32773 and 106-24.6.98.163-6.80

Iteration#  26
FP
Class =  905
158-202.77.162.213-17.32773 and 106-24.6.98.163-6.80

Iteration#  27
FP
Class =  908
158-202.77.162.213-17.32773 and 106-24.6.98.163-6.80

Iteration#  28
FP
Class =  907
158-202.77.162.213-17.32773 and 106-24.6.98.163-6.80

Iteration#  29
FP
Class =  108
158-202.77.162.213-17.32773 and 106-24.6.98.163-6.80

Iteration#  30
FP
Class =  107
158-202.77.162.213-17.32773 and 106-24.6.98.163-6.80

Iteration#  31
FP
Class =  158
158-202.77.162.213-17.32773 and 106-24.6.98.163-6.80
['158-202.77.162.213-17.32773', '608-192.168.10.102-6.1180', '1.06']


Iteration#  0
FP
Class =  107
158-202.77.162.213-17.32773 and 608-192.168.10.102-6.1180

Iteration#  1
FP
Class =  309
158-202.77.162.213-17.32773 and 608-192.168.10.102-6.1180

Iteration#  2
FP
Class =  114
158-202.77.162.213-17.32773 and 608-192.168.10.102-6.1180

Iteration#  3
FP
Class =  909
158-202.77.162.213-17.32773 and 608-192.168.10.102-6.1180

Iteration#  4
FP
Class =  119
158-202.77.162.213-17.32773 and 608-192.168.10.102-6.1180

Iteration#  5
FP
Class =  606
158-202.77.162.213-17.32773 and 608-192.168.10.102-6.1180

Iteration#  6
FP
Class =  103
158-202.77.162.213-17.32773 and 608-192.168.10.102-6.1180

Iteration#  7
FP
Class =  600
158-202.77.162.213-17.32773 and 608-192.168.10.102-6.1180

Iteration#  8
FP
Class =  115
158-202.77.162.213-17.32773 and 608-192.168.10.102-6.1180

Iteration#  9
FP
Class =  103
158-202.77.162.213-17.32773 and 608-192.168.10.102-6.1180

Iteration#  10
FP
Class =  903
158-202.77.162.213-17.32773 and 608-192.168.10.102-6.1180

Iteration#  11
FP
Class =  301
158-202.77.162.213-17.32773 and 608-192.168.10.102-6.1180

Iteration#  12
FP
Class =  900
158-202.77.162.213-17.32773 and 608-192.168.10.102-6.1180

Iteration#  13
FP
Class =  101
158-202.77.162.213-17.32773 and 608-192.168.10.102-6.1180

Iteration#  14
FP
Class =  157
158-202.77.162.213-17.32773 and 608-192.168.10.102-6.1180

Iteration#  15
FP
Class =  113
158-202.77.162.213-17.32773 and 608-192.168.10.102-6.1180

Iteration#  16
FP
Class =  706
158-202.77.162.213-17.32773 and 608-192.168.10.102-6.1180

Iteration#  17
FP
Class =  608
158-202.77.162.213-17.32773 and 608-192.168.10.102-6.1180

Iteration#  18
FP
Class =  106
158-202.77.162.213-17.32773 and 608-192.168.10.102-6.1180

Iteration#  19
FP
Class =  303
158-202.77.162.213-17.32773 and 608-192.168.10.102-6.1180

Iteration#  20
FP
Class =  100
158-202.77.162.213-17.32773 and 608-192.168.10.102-6.1180

Iteration#  21
FP
Class =  105
158-202.77.162.213-17.32773 and 608-192.168.10.102-6.1180

Iteration#  22
FP
Class =  605
158-202.77.162.213-17.32773 and 608-192.168.10.102-6.1180

Iteration#  23
FP
Class =  118
158-202.77.162.213-17.32773 and 608-192.168.10.102-6.1180

Iteration#  24
FP
Class =  702
158-202.77.162.213-17.32773 and 608-192.168.10.102-6.1180

Iteration#  25
FP
Class =  306
158-202.77.162.213-17.32773 and 608-192.168.10.102-6.1180

Iteration#  26
FP
Class =  905
158-202.77.162.213-17.32773 and 608-192.168.10.102-6.1180

Iteration#  27
FP
Class =  908
158-202.77.162.213-17.32773 and 608-192.168.10.102-6.1180

Iteration#  28
FP
Class =  907
158-202.77.162.213-17.32773 and 608-192.168.10.102-6.1180

Iteration#  29
FP
Class =  108
158-202.77.162.213-17.32773 and 608-192.168.10.102-6.1180

Iteration#  30
FP
Class =  107
158-202.77.162.213-17.32773 and 608-192.168.10.102-6.1180

Iteration#  31
FP
Class =  158
158-202.77.162.213-17.32773 and 608-192.168.10.102-6.1180
['158-202.77.162.213-17.32773', '706-80.68.89.43-6.34800', '1.09']


Iteration#  0
FP
Class =  107
158-202.77.162.213-17.32773 and 706-80.68.89.43-6.34800

Iteration#  1
FP
Class =  309
158-202.77.162.213-17.32773 and 706-80.68.89.43-6.34800

Iteration#  2
FP
Class =  114
158-202.77.162.213-17.32773 and 706-80.68.89.43-6.34800

Iteration#  3
FP
Class =  909
158-202.77.162.213-17.32773 and 706-80.68.89.43-6.34800

Iteration#  4
FP
Class =  119
158-202.77.162.213-17.32773 and 706-80.68.89.43-6.34800

Iteration#  5
FP
Class =  606
158-202.77.162.213-17.32773 and 706-80.68.89.43-6.34800

Iteration#  6
FP
Class =  103
158-202.77.162.213-17.32773 and 706-80.68.89.43-6.34800

Iteration#  7
FP
Class =  600
158-202.77.162.213-17.32773 and 706-80.68.89.43-6.34800

Iteration#  8
FP
Class =  115
158-202.77.162.213-17.32773 and 706-80.68.89.43-6.34800

Iteration#  9
FP
Class =  103
158-202.77.162.213-17.32773 and 706-80.68.89.43-6.34800

Iteration#  10
FP
Class =  903
158-202.77.162.213-17.32773 and 706-80.68.89.43-6.34800

Iteration#  11
FP
Class =  301
158-202.77.162.213-17.32773 and 706-80.68.89.43-6.34800

Iteration#  12
FP
Class =  900
158-202.77.162.213-17.32773 and 706-80.68.89.43-6.34800

Iteration#  13
FP
Class =  101
158-202.77.162.213-17.32773 and 706-80.68.89.43-6.34800

Iteration#  14
FP
Class =  157
158-202.77.162.213-17.32773 and 706-80.68.89.43-6.34800

Iteration#  15
FP
Class =  113
158-202.77.162.213-17.32773 and 706-80.68.89.43-6.34800

Iteration#  16
FP
Class =  706
158-202.77.162.213-17.32773 and 706-80.68.89.43-6.34800

Iteration#  17
FP
Class =  608
158-202.77.162.213-17.32773 and 706-80.68.89.43-6.34800

Iteration#  18
FP
Class =  106
158-202.77.162.213-17.32773 and 706-80.68.89.43-6.34800

Iteration#  19
FP
Class =  303
158-202.77.162.213-17.32773 and 706-80.68.89.43-6.34800

Iteration#  20
FP
Class =  100
158-202.77.162.213-17.32773 and 706-80.68.89.43-6.34800

Iteration#  21
FP
Class =  105
158-202.77.162.213-17.32773 and 706-80.68.89.43-6.34800

Iteration#  22
FP
Class =  605
158-202.77.162.213-17.32773 and 706-80.68.89.43-6.34800

Iteration#  23
FP
Class =  118
158-202.77.162.213-17.32773 and 706-80.68.89.43-6.34800

Iteration#  24
FP
Class =  702
158-202.77.162.213-17.32773 and 706-80.68.89.43-6.34800

Iteration#  25
FP
Class =  306
158-202.77.162.213-17.32773 and 706-80.68.89.43-6.34800

Iteration#  26
FP
Class =  905
158-202.77.162.213-17.32773 and 706-80.68.89.43-6.34800

Iteration#  27
FP
Class =  908
158-202.77.162.213-17.32773 and 706-80.68.89.43-6.34800

Iteration#  28
FP
Class =  907
158-202.77.162.213-17.32773 and 706-80.68.89.43-6.34800

Iteration#  29
FP
Class =  108
158-202.77.162.213-17.32773 and 706-80.68.89.43-6.34800

Iteration#  30
FP
Class =  107
158-202.77.162.213-17.32773 and 706-80.68.89.43-6.34800

Iteration#  31
FP
Class =  158
158-202.77.162.213-17.32773 and 706-80.68.89.43-6.34800
['158-202.77.162.213-17.32773', '113-24.6.102.196-6.1588', '1.09']


Iteration#  0
FP
Class =  107
158-202.77.162.213-17.32773 and 113-24.6.102.196-6.1588

Iteration#  1
FP
Class =  309
158-202.77.162.213-17.32773 and 113-24.6.102.196-6.1588

Iteration#  2
FP
Class =  114
158-202.77.162.213-17.32773 and 113-24.6.102.196-6.1588

Iteration#  3
FP
Class =  909
158-202.77.162.213-17.32773 and 113-24.6.102.196-6.1588

Iteration#  4
FP
Class =  119
158-202.77.162.213-17.32773 and 113-24.6.102.196-6.1588

Iteration#  5
FP
Class =  606
158-202.77.162.213-17.32773 and 113-24.6.102.196-6.1588

Iteration#  6
FP
Class =  103
158-202.77.162.213-17.32773 and 113-24.6.102.196-6.1588

Iteration#  7
FP
Class =  600
158-202.77.162.213-17.32773 and 113-24.6.102.196-6.1588

Iteration#  8
FP
Class =  115
158-202.77.162.213-17.32773 and 113-24.6.102.196-6.1588

Iteration#  9
FP
Class =  103
158-202.77.162.213-17.32773 and 113-24.6.102.196-6.1588

Iteration#  10
FP
Class =  903
158-202.77.162.213-17.32773 and 113-24.6.102.196-6.1588

Iteration#  11
FP
Class =  301
158-202.77.162.213-17.32773 and 113-24.6.102.196-6.1588

Iteration#  12
FP
Class =  900
158-202.77.162.213-17.32773 and 113-24.6.102.196-6.1588

Iteration#  13
FP
Class =  101
158-202.77.162.213-17.32773 and 113-24.6.102.196-6.1588

Iteration#  14
FP
Class =  157
158-202.77.162.213-17.32773 and 113-24.6.102.196-6.1588

Iteration#  15
FP
Class =  113
158-202.77.162.213-17.32773 and 113-24.6.102.196-6.1588

Iteration#  16
FP
Class =  706
158-202.77.162.213-17.32773 and 113-24.6.102.196-6.1588

Iteration#  17
FP
Class =  608
158-202.77.162.213-17.32773 and 113-24.6.102.196-6.1588

Iteration#  18
FP
Class =  106
158-202.77.162.213-17.32773 and 113-24.6.102.196-6.1588

Iteration#  19
FP
Class =  303
158-202.77.162.213-17.32773 and 113-24.6.102.196-6.1588

Iteration#  20
FP
Class =  100
158-202.77.162.213-17.32773 and 113-24.6.102.196-6.1588

Iteration#  21
FP
Class =  105
158-202.77.162.213-17.32773 and 113-24.6.102.196-6.1588

Iteration#  22
FP
Class =  605
158-202.77.162.213-17.32773 and 113-24.6.102.196-6.1588

Iteration#  23
FP
Class =  118
158-202.77.162.213-17.32773 and 113-24.6.102.196-6.1588

Iteration#  24
FP
Class =  702
158-202.77.162.213-17.32773 and 113-24.6.102.196-6.1588

Iteration#  25
FP
Class =  306
158-202.77.162.213-17.32773 and 113-24.6.102.196-6.1588

Iteration#  26
FP
Class =  905
158-202.77.162.213-17.32773 and 113-24.6.102.196-6.1588

Iteration#  27
FP
Class =  908
158-202.77.162.213-17.32773 and 113-24.6.102.196-6.1588

Iteration#  28
FP
Class =  907
158-202.77.162.213-17.32773 and 113-24.6.102.196-6.1588

Iteration#  29
FP
Class =  108
158-202.77.162.213-17.32773 and 113-24.6.102.196-6.1588

Iteration#  30
FP
Class =  107
158-202.77.162.213-17.32773 and 113-24.6.102.196-6.1588

Iteration#  31
FP
Class =  158
158-202.77.162.213-17.32773 and 113-24.6.102.196-6.1588
['158-202.77.162.213-17.32773', '157-202.77.162.213-17.111', '0.79']


Iteration#  0
FP
Class =  107
158-202.77.162.213-17.32773 and 157-202.77.162.213-17.111

Iteration#  1
FP
Class =  309
158-202.77.162.213-17.32773 and 157-202.77.162.213-17.111

Iteration#  2
FP
Class =  114
158-202.77.162.213-17.32773 and 157-202.77.162.213-17.111

Iteration#  3
FP
Class =  909
158-202.77.162.213-17.32773 and 157-202.77.162.213-17.111

Iteration#  4
FP
Class =  119
158-202.77.162.213-17.32773 and 157-202.77.162.213-17.111

Iteration#  5
FP
Class =  606
158-202.77.162.213-17.32773 and 157-202.77.162.213-17.111

Iteration#  6
FP
Class =  103
158-202.77.162.213-17.32773 and 157-202.77.162.213-17.111

Iteration#  7
FP
Class =  600
158-202.77.162.213-17.32773 and 157-202.77.162.213-17.111

Iteration#  8
FP
Class =  115
158-202.77.162.213-17.32773 and 157-202.77.162.213-17.111

Iteration#  9
FP
Class =  103
158-202.77.162.213-17.32773 and 157-202.77.162.213-17.111

Iteration#  10
FP
Class =  903
158-202.77.162.213-17.32773 and 157-202.77.162.213-17.111

Iteration#  11
FP
Class =  301
158-202.77.162.213-17.32773 and 157-202.77.162.213-17.111

Iteration#  12
FP
Class =  900
158-202.77.162.213-17.32773 and 157-202.77.162.213-17.111

Iteration#  13
FP
Class =  101
158-202.77.162.213-17.32773 and 157-202.77.162.213-17.111

Iteration#  14
FP
Class =  157
158-202.77.162.213-17.32773 and 157-202.77.162.213-17.111

Iteration#  15
FP
Class =  113
158-202.77.162.213-17.32773 and 157-202.77.162.213-17.111

Iteration#  16
FP
Class =  706
158-202.77.162.213-17.32773 and 157-202.77.162.213-17.111

Iteration#  17
FP
Class =  608
158-202.77.162.213-17.32773 and 157-202.77.162.213-17.111

Iteration#  18
FP
Class =  106
158-202.77.162.213-17.32773 and 157-202.77.162.213-17.111

Iteration#  19
FP
Class =  303
158-202.77.162.213-17.32773 and 157-202.77.162.213-17.111

Iteration#  20
FP
Class =  100
158-202.77.162.213-17.32773 and 157-202.77.162.213-17.111

Iteration#  21
FP
Class =  105
158-202.77.162.213-17.32773 and 157-202.77.162.213-17.111

Iteration#  22
FP
Class =  605
158-202.77.162.213-17.32773 and 157-202.77.162.213-17.111

Iteration#  23
FP
Class =  118
158-202.77.162.213-17.32773 and 157-202.77.162.213-17.111

Iteration#  24
FP
Class =  702
158-202.77.162.213-17.32773 and 157-202.77.162.213-17.111

Iteration#  25
FP
Class =  306
158-202.77.162.213-17.32773 and 157-202.77.162.213-17.111

Iteration#  26
FP
Class =  905
158-202.77.162.213-17.32773 and 157-202.77.162.213-17.111

Iteration#  27
FP
Class =  908
158-202.77.162.213-17.32773 and 157-202.77.162.213-17.111

Iteration#  28
FP
Class =  907
158-202.77.162.213-17.32773 and 157-202.77.162.213-17.111

Iteration#  29
FP
Class =  108
158-202.77.162.213-17.32773 and 157-202.77.162.213-17.111

Iteration#  30
FP
Class =  107
158-202.77.162.213-17.32773 and 157-202.77.162.213-17.111

Iteration#  31
FP
Class =  158
158-202.77.162.213-17.32773 and 157-202.77.162.213-17.111
['158-202.77.162.213-17.32773', '101-24.6.102.196-6.1585', '1.09']


Iteration#  0
FP
Class =  107
158-202.77.162.213-17.32773 and 101-24.6.102.196-6.1585

Iteration#  1
FP
Class =  309
158-202.77.162.213-17.32773 and 101-24.6.102.196-6.1585

Iteration#  2
FP
Class =  114
158-202.77.162.213-17.32773 and 101-24.6.102.196-6.1585

Iteration#  3
FP
Class =  909
158-202.77.162.213-17.32773 and 101-24.6.102.196-6.1585

Iteration#  4
FP
Class =  119
158-202.77.162.213-17.32773 and 101-24.6.102.196-6.1585

Iteration#  5
FP
Class =  606
158-202.77.162.213-17.32773 and 101-24.6.102.196-6.1585

Iteration#  6
FP
Class =  103
158-202.77.162.213-17.32773 and 101-24.6.102.196-6.1585

Iteration#  7
FP
Class =  600
158-202.77.162.213-17.32773 and 101-24.6.102.196-6.1585

Iteration#  8
FP
Class =  115
158-202.77.162.213-17.32773 and 101-24.6.102.196-6.1585

Iteration#  9
FP
Class =  103
158-202.77.162.213-17.32773 and 101-24.6.102.196-6.1585

Iteration#  10
FP
Class =  903
158-202.77.162.213-17.32773 and 101-24.6.102.196-6.1585

Iteration#  11
FP
Class =  301
158-202.77.162.213-17.32773 and 101-24.6.102.196-6.1585

Iteration#  12
FP
Class =  900
158-202.77.162.213-17.32773 and 101-24.6.102.196-6.1585

Iteration#  13
FP
Class =  101
158-202.77.162.213-17.32773 and 101-24.6.102.196-6.1585

Iteration#  14
FP
Class =  157
158-202.77.162.213-17.32773 and 101-24.6.102.196-6.1585

Iteration#  15
FP
Class =  113
158-202.77.162.213-17.32773 and 101-24.6.102.196-6.1585

Iteration#  16
FP
Class =  706
158-202.77.162.213-17.32773 and 101-24.6.102.196-6.1585

Iteration#  17
FP
Class =  608
158-202.77.162.213-17.32773 and 101-24.6.102.196-6.1585

Iteration#  18
FP
Class =  106
158-202.77.162.213-17.32773 and 101-24.6.102.196-6.1585

Iteration#  19
FP
Class =  303
158-202.77.162.213-17.32773 and 101-24.6.102.196-6.1585

Iteration#  20
FP
Class =  100
158-202.77.162.213-17.32773 and 101-24.6.102.196-6.1585

Iteration#  21
FP
Class =  105
158-202.77.162.213-17.32773 and 101-24.6.102.196-6.1585

Iteration#  22
FP
Class =  605
158-202.77.162.213-17.32773 and 101-24.6.102.196-6.1585

Iteration#  23
FP
Class =  118
158-202.77.162.213-17.32773 and 101-24.6.102.196-6.1585

Iteration#  24
FP
Class =  702
158-202.77.162.213-17.32773 and 101-24.6.102.196-6.1585

Iteration#  25
FP
Class =  306
158-202.77.162.213-17.32773 and 101-24.6.102.196-6.1585

Iteration#  26
FP
Class =  905
158-202.77.162.213-17.32773 and 101-24.6.102.196-6.1585

Iteration#  27
FP
Class =  908
158-202.77.162.213-17.32773 and 101-24.6.102.196-6.1585

Iteration#  28
FP
Class =  907
158-202.77.162.213-17.32773 and 101-24.6.102.196-6.1585

Iteration#  29
FP
Class =  108
158-202.77.162.213-17.32773 and 101-24.6.102.196-6.1585

Iteration#  30
FP
Class =  107
158-202.77.162.213-17.32773 and 101-24.6.102.196-6.1585

Iteration#  31
FP
Class =  158
158-202.77.162.213-17.32773 and 101-24.6.102.196-6.1585
['158-202.77.162.213-17.32773', '900-212.58.253.68-6.1368', '1.29']


Iteration#  0
FP
Class =  107
158-202.77.162.213-17.32773 and 900-212.58.253.68-6.1368

Iteration#  1
FP
Class =  309
158-202.77.162.213-17.32773 and 900-212.58.253.68-6.1368

Iteration#  2
FP
Class =  114
158-202.77.162.213-17.32773 and 900-212.58.253.68-6.1368

Iteration#  3
FP
Class =  909
158-202.77.162.213-17.32773 and 900-212.58.253.68-6.1368

Iteration#  4
FP
Class =  119
158-202.77.162.213-17.32773 and 900-212.58.253.68-6.1368

Iteration#  5
FP
Class =  606
158-202.77.162.213-17.32773 and 900-212.58.253.68-6.1368

Iteration#  6
FP
Class =  103
158-202.77.162.213-17.32773 and 900-212.58.253.68-6.1368

Iteration#  7
FP
Class =  600
158-202.77.162.213-17.32773 and 900-212.58.253.68-6.1368

Iteration#  8
FP
Class =  115
158-202.77.162.213-17.32773 and 900-212.58.253.68-6.1368

Iteration#  9
FP
Class =  103
158-202.77.162.213-17.32773 and 900-212.58.253.68-6.1368

Iteration#  10
FP
Class =  903
158-202.77.162.213-17.32773 and 900-212.58.253.68-6.1368

Iteration#  11
FP
Class =  301
158-202.77.162.213-17.32773 and 900-212.58.253.68-6.1368

Iteration#  12
FP
Class =  900
158-202.77.162.213-17.32773 and 900-212.58.253.68-6.1368

Iteration#  13
FP
Class =  101
158-202.77.162.213-17.32773 and 900-212.58.253.68-6.1368

Iteration#  14
FP
Class =  157
158-202.77.162.213-17.32773 and 900-212.58.253.68-6.1368

Iteration#  15
FP
Class =  113
158-202.77.162.213-17.32773 and 900-212.58.253.68-6.1368

Iteration#  16
FP
Class =  706
158-202.77.162.213-17.32773 and 900-212.58.253.68-6.1368

Iteration#  17
FP
Class =  608
158-202.77.162.213-17.32773 and 900-212.58.253.68-6.1368

Iteration#  18
FP
Class =  106
158-202.77.162.213-17.32773 and 900-212.58.253.68-6.1368

Iteration#  19
FP
Class =  303
158-202.77.162.213-17.32773 and 900-212.58.253.68-6.1368

Iteration#  20
FP
Class =  100
158-202.77.162.213-17.32773 and 900-212.58.253.68-6.1368

Iteration#  21
FP
Class =  105
158-202.77.162.213-17.32773 and 900-212.58.253.68-6.1368

Iteration#  22
FP
Class =  605
158-202.77.162.213-17.32773 and 900-212.58.253.68-6.1368

Iteration#  23
FP
Class =  118
158-202.77.162.213-17.32773 and 900-212.58.253.68-6.1368

Iteration#  24
FP
Class =  702
158-202.77.162.213-17.32773 and 900-212.58.253.68-6.1368

Iteration#  25
FP
Class =  306
158-202.77.162.213-17.32773 and 900-212.58.253.68-6.1368

Iteration#  26
FP
Class =  905
158-202.77.162.213-17.32773 and 900-212.58.253.68-6.1368

Iteration#  27
FP
Class =  908
158-202.77.162.213-17.32773 and 900-212.58.253.68-6.1368

Iteration#  28
FP
Class =  907
158-202.77.162.213-17.32773 and 900-212.58.253.68-6.1368

Iteration#  29
FP
Class =  108
158-202.77.162.213-17.32773 and 900-212.58.253.68-6.1368

Iteration#  30
FP
Class =  107
158-202.77.162.213-17.32773 and 900-212.58.253.68-6.1368

Iteration#  31
FP
Class =  158
158-202.77.162.213-17.32773 and 900-212.58.253.68-6.1368
['158-202.77.162.213-17.32773', '301-192.168.10.126-6.445', '1.27']


Iteration#  0
FP
Class =  107
158-202.77.162.213-17.32773 and 301-192.168.10.126-6.445

Iteration#  1
FP
Class =  309
158-202.77.162.213-17.32773 and 301-192.168.10.126-6.445

Iteration#  2
FP
Class =  114
158-202.77.162.213-17.32773 and 301-192.168.10.126-6.445

Iteration#  3
FP
Class =  909
158-202.77.162.213-17.32773 and 301-192.168.10.126-6.445

Iteration#  4
FP
Class =  119
158-202.77.162.213-17.32773 and 301-192.168.10.126-6.445

Iteration#  5
FP
Class =  606
158-202.77.162.213-17.32773 and 301-192.168.10.126-6.445

Iteration#  6
FP
Class =  103
158-202.77.162.213-17.32773 and 301-192.168.10.126-6.445

Iteration#  7
FP
Class =  600
158-202.77.162.213-17.32773 and 301-192.168.10.126-6.445

Iteration#  8
FP
Class =  115
158-202.77.162.213-17.32773 and 301-192.168.10.126-6.445

Iteration#  9
FP
Class =  103
158-202.77.162.213-17.32773 and 301-192.168.10.126-6.445

Iteration#  10
FP
Class =  903
158-202.77.162.213-17.32773 and 301-192.168.10.126-6.445

Iteration#  11
FP
Class =  301
158-202.77.162.213-17.32773 and 301-192.168.10.126-6.445

Iteration#  12
FP
Class =  900
158-202.77.162.213-17.32773 and 301-192.168.10.126-6.445

Iteration#  13
FP
Class =  101
158-202.77.162.213-17.32773 and 301-192.168.10.126-6.445

Iteration#  14
FP
Class =  157
158-202.77.162.213-17.32773 and 301-192.168.10.126-6.445

Iteration#  15
FP
Class =  113
158-202.77.162.213-17.32773 and 301-192.168.10.126-6.445

Iteration#  16
FP
Class =  706
158-202.77.162.213-17.32773 and 301-192.168.10.126-6.445

Iteration#  17
FP
Class =  608
158-202.77.162.213-17.32773 and 301-192.168.10.126-6.445

Iteration#  18
FP
Class =  106
158-202.77.162.213-17.32773 and 301-192.168.10.126-6.445

Iteration#  19
FP
Class =  303
158-202.77.162.213-17.32773 and 301-192.168.10.126-6.445

Iteration#  20
FP
Class =  100
158-202.77.162.213-17.32773 and 301-192.168.10.126-6.445

Iteration#  21
FP
Class =  105
158-202.77.162.213-17.32773 and 301-192.168.10.126-6.445

Iteration#  22
FP
Class =  605
158-202.77.162.213-17.32773 and 301-192.168.10.126-6.445

Iteration#  23
FP
Class =  118
158-202.77.162.213-17.32773 and 301-192.168.10.126-6.445

Iteration#  24
FP
Class =  702
158-202.77.162.213-17.32773 and 301-192.168.10.126-6.445

Iteration#  25
FP
Class =  306
158-202.77.162.213-17.32773 and 301-192.168.10.126-6.445

Iteration#  26
FP
Class =  905
158-202.77.162.213-17.32773 and 301-192.168.10.126-6.445

Iteration#  27
FP
Class =  908
158-202.77.162.213-17.32773 and 301-192.168.10.126-6.445

Iteration#  28
FP
Class =  907
158-202.77.162.213-17.32773 and 301-192.168.10.126-6.445

Iteration#  29
FP
Class =  108
158-202.77.162.213-17.32773 and 301-192.168.10.126-6.445

Iteration#  30
FP
Class =  107
158-202.77.162.213-17.32773 and 301-192.168.10.126-6.445

Iteration#  31
FP
Class =  158
158-202.77.162.213-17.32773 and 301-192.168.10.126-6.445
['158-202.77.162.213-17.32773', '903-212.58.253.68-6.1368', '1.22']


Iteration#  0
FP
Class =  107
158-202.77.162.213-17.32773 and 903-212.58.253.68-6.1368

Iteration#  1
FP
Class =  309
158-202.77.162.213-17.32773 and 903-212.58.253.68-6.1368

Iteration#  2
FP
Class =  114
158-202.77.162.213-17.32773 and 903-212.58.253.68-6.1368

Iteration#  3
FP
Class =  909
158-202.77.162.213-17.32773 and 903-212.58.253.68-6.1368

Iteration#  4
FP
Class =  119
158-202.77.162.213-17.32773 and 903-212.58.253.68-6.1368

Iteration#  5
FP
Class =  606
158-202.77.162.213-17.32773 and 903-212.58.253.68-6.1368

Iteration#  6
FP
Class =  103
158-202.77.162.213-17.32773 and 903-212.58.253.68-6.1368

Iteration#  7
FP
Class =  600
158-202.77.162.213-17.32773 and 903-212.58.253.68-6.1368

Iteration#  8
FP
Class =  115
158-202.77.162.213-17.32773 and 903-212.58.253.68-6.1368

Iteration#  9
FP
Class =  103
158-202.77.162.213-17.32773 and 903-212.58.253.68-6.1368

Iteration#  10
FP
Class =  903
158-202.77.162.213-17.32773 and 903-212.58.253.68-6.1368

Iteration#  11
FP
Class =  301
158-202.77.162.213-17.32773 and 903-212.58.253.68-6.1368

Iteration#  12
FP
Class =  900
158-202.77.162.213-17.32773 and 903-212.58.253.68-6.1368

Iteration#  13
FP
Class =  101
158-202.77.162.213-17.32773 and 903-212.58.253.68-6.1368

Iteration#  14
FP
Class =  157
158-202.77.162.213-17.32773 and 903-212.58.253.68-6.1368

Iteration#  15
FP
Class =  113
158-202.77.162.213-17.32773 and 903-212.58.253.68-6.1368

Iteration#  16
FP
Class =  706
158-202.77.162.213-17.32773 and 903-212.58.253.68-6.1368

Iteration#  17
FP
Class =  608
158-202.77.162.213-17.32773 and 903-212.58.253.68-6.1368

Iteration#  18
FP
Class =  106
158-202.77.162.213-17.32773 and 903-212.58.253.68-6.1368

Iteration#  19
FP
Class =  303
158-202.77.162.213-17.32773 and 903-212.58.253.68-6.1368

Iteration#  20
FP
Class =  100
158-202.77.162.213-17.32773 and 903-212.58.253.68-6.1368

Iteration#  21
FP
Class =  105
158-202.77.162.213-17.32773 and 903-212.58.253.68-6.1368

Iteration#  22
FP
Class =  605
158-202.77.162.213-17.32773 and 903-212.58.253.68-6.1368

Iteration#  23
FP
Class =  118
158-202.77.162.213-17.32773 and 903-212.58.253.68-6.1368

Iteration#  24
FP
Class =  702
158-202.77.162.213-17.32773 and 903-212.58.253.68-6.1368

Iteration#  25
FP
Class =  306
158-202.77.162.213-17.32773 and 903-212.58.253.68-6.1368

Iteration#  26
FP
Class =  905
158-202.77.162.213-17.32773 and 903-212.58.253.68-6.1368

Iteration#  27
FP
Class =  908
158-202.77.162.213-17.32773 and 903-212.58.253.68-6.1368

Iteration#  28
FP
Class =  907
158-202.77.162.213-17.32773 and 903-212.58.253.68-6.1368

Iteration#  29
FP
Class =  108
158-202.77.162.213-17.32773 and 903-212.58.253.68-6.1368

Iteration#  30
FP
Class =  107
158-202.77.162.213-17.32773 and 903-212.58.253.68-6.1368

Iteration#  31
FP
Class =  158
158-202.77.162.213-17.32773 and 903-212.58.253.68-6.1368
['158-202.77.162.213-17.32773', '115-24.6.98.163-6.80', '1.1']


Iteration#  0
FP
Class =  107
158-202.77.162.213-17.32773 and 115-24.6.98.163-6.80

Iteration#  1
FP
Class =  309
158-202.77.162.213-17.32773 and 115-24.6.98.163-6.80

Iteration#  2
FP
Class =  114
158-202.77.162.213-17.32773 and 115-24.6.98.163-6.80

Iteration#  3
FP
Class =  909
158-202.77.162.213-17.32773 and 115-24.6.98.163-6.80

Iteration#  4
FP
Class =  119
158-202.77.162.213-17.32773 and 115-24.6.98.163-6.80

Iteration#  5
FP
Class =  606
158-202.77.162.213-17.32773 and 115-24.6.98.163-6.80

Iteration#  6
FP
Class =  103
158-202.77.162.213-17.32773 and 115-24.6.98.163-6.80

Iteration#  7
FP
Class =  600
158-202.77.162.213-17.32773 and 115-24.6.98.163-6.80

Iteration#  8
FP
Class =  115
158-202.77.162.213-17.32773 and 115-24.6.98.163-6.80

Iteration#  9
FP
Class =  103
158-202.77.162.213-17.32773 and 115-24.6.98.163-6.80

Iteration#  10
FP
Class =  903
158-202.77.162.213-17.32773 and 115-24.6.98.163-6.80

Iteration#  11
FP
Class =  301
158-202.77.162.213-17.32773 and 115-24.6.98.163-6.80

Iteration#  12
FP
Class =  900
158-202.77.162.213-17.32773 and 115-24.6.98.163-6.80

Iteration#  13
FP
Class =  101
158-202.77.162.213-17.32773 and 115-24.6.98.163-6.80

Iteration#  14
FP
Class =  157
158-202.77.162.213-17.32773 and 115-24.6.98.163-6.80

Iteration#  15
FP
Class =  113
158-202.77.162.213-17.32773 and 115-24.6.98.163-6.80

Iteration#  16
FP
Class =  706
158-202.77.162.213-17.32773 and 115-24.6.98.163-6.80

Iteration#  17
FP
Class =  608
158-202.77.162.213-17.32773 and 115-24.6.98.163-6.80

Iteration#  18
FP
Class =  106
158-202.77.162.213-17.32773 and 115-24.6.98.163-6.80

Iteration#  19
FP
Class =  303
158-202.77.162.213-17.32773 and 115-24.6.98.163-6.80

Iteration#  20
FP
Class =  100
158-202.77.162.213-17.32773 and 115-24.6.98.163-6.80

Iteration#  21
FP
Class =  105
158-202.77.162.213-17.32773 and 115-24.6.98.163-6.80

Iteration#  22
FP
Class =  605
158-202.77.162.213-17.32773 and 115-24.6.98.163-6.80

Iteration#  23
FP
Class =  118
158-202.77.162.213-17.32773 and 115-24.6.98.163-6.80

Iteration#  24
FP
Class =  702
158-202.77.162.213-17.32773 and 115-24.6.98.163-6.80

Iteration#  25
FP
Class =  306
158-202.77.162.213-17.32773 and 115-24.6.98.163-6.80

Iteration#  26
FP
Class =  905
158-202.77.162.213-17.32773 and 115-24.6.98.163-6.80

Iteration#  27
FP
Class =  908
158-202.77.162.213-17.32773 and 115-24.6.98.163-6.80

Iteration#  28
FP
Class =  907
158-202.77.162.213-17.32773 and 115-24.6.98.163-6.80

Iteration#  29
FP
Class =  108
158-202.77.162.213-17.32773 and 115-24.6.98.163-6.80

Iteration#  30
FP
Class =  107
158-202.77.162.213-17.32773 and 115-24.6.98.163-6.80

Iteration#  31
FP
Class =  158
158-202.77.162.213-17.32773 and 115-24.6.98.163-6.80
['158-202.77.162.213-17.32773', '103-24.6.98.163-6.80', '1.09']


Iteration#  0
FP
Class =  107
158-202.77.162.213-17.32773 and 103-24.6.98.163-6.80

Iteration#  1
FP
Class =  309
158-202.77.162.213-17.32773 and 103-24.6.98.163-6.80

Iteration#  2
FP
Class =  114
158-202.77.162.213-17.32773 and 103-24.6.98.163-6.80

Iteration#  3
FP
Class =  909
158-202.77.162.213-17.32773 and 103-24.6.98.163-6.80

Iteration#  4
FP
Class =  119
158-202.77.162.213-17.32773 and 103-24.6.98.163-6.80

Iteration#  5
FP
Class =  606
158-202.77.162.213-17.32773 and 103-24.6.98.163-6.80

Iteration#  6
FP
Class =  103
158-202.77.162.213-17.32773 and 103-24.6.98.163-6.80

Iteration#  7
FP
Class =  600
158-202.77.162.213-17.32773 and 103-24.6.98.163-6.80

Iteration#  8
FP
Class =  115
158-202.77.162.213-17.32773 and 103-24.6.98.163-6.80

Iteration#  9
FP
Class =  103
158-202.77.162.213-17.32773 and 103-24.6.98.163-6.80

Iteration#  10
FP
Class =  903
158-202.77.162.213-17.32773 and 103-24.6.98.163-6.80

Iteration#  11
FP
Class =  301
158-202.77.162.213-17.32773 and 103-24.6.98.163-6.80

Iteration#  12
FP
Class =  900
158-202.77.162.213-17.32773 and 103-24.6.98.163-6.80

Iteration#  13
FP
Class =  101
158-202.77.162.213-17.32773 and 103-24.6.98.163-6.80

Iteration#  14
FP
Class =  157
158-202.77.162.213-17.32773 and 103-24.6.98.163-6.80

Iteration#  15
FP
Class =  113
158-202.77.162.213-17.32773 and 103-24.6.98.163-6.80

Iteration#  16
FP
Class =  706
158-202.77.162.213-17.32773 and 103-24.6.98.163-6.80

Iteration#  17
FP
Class =  608
158-202.77.162.213-17.32773 and 103-24.6.98.163-6.80

Iteration#  18
FP
Class =  106
158-202.77.162.213-17.32773 and 103-24.6.98.163-6.80

Iteration#  19
FP
Class =  303
158-202.77.162.213-17.32773 and 103-24.6.98.163-6.80

Iteration#  20
FP
Class =  100
158-202.77.162.213-17.32773 and 103-24.6.98.163-6.80

Iteration#  21
FP
Class =  105
158-202.77.162.213-17.32773 and 103-24.6.98.163-6.80

Iteration#  22
FP
Class =  605
158-202.77.162.213-17.32773 and 103-24.6.98.163-6.80

Iteration#  23
FP
Class =  118
158-202.77.162.213-17.32773 and 103-24.6.98.163-6.80

Iteration#  24
FP
Class =  702
158-202.77.162.213-17.32773 and 103-24.6.98.163-6.80

Iteration#  25
FP
Class =  306
158-202.77.162.213-17.32773 and 103-24.6.98.163-6.80

Iteration#  26
FP
Class =  905
158-202.77.162.213-17.32773 and 103-24.6.98.163-6.80

Iteration#  27
FP
Class =  908
158-202.77.162.213-17.32773 and 103-24.6.98.163-6.80

Iteration#  28
FP
Class =  907
158-202.77.162.213-17.32773 and 103-24.6.98.163-6.80

Iteration#  29
FP
Class =  108
158-202.77.162.213-17.32773 and 103-24.6.98.163-6.80

Iteration#  30
FP
Class =  107
158-202.77.162.213-17.32773 and 103-24.6.98.163-6.80

Iteration#  31
FP
Class =  158
158-202.77.162.213-17.32773 and 103-24.6.98.163-6.80
['158-202.77.162.213-17.32773', '600-192.168.10.126-6.110', '1.04']


Iteration#  0
FP
Class =  107
158-202.77.162.213-17.32773 and 600-192.168.10.126-6.110

Iteration#  1
FP
Class =  309
158-202.77.162.213-17.32773 and 600-192.168.10.126-6.110

Iteration#  2
FP
Class =  114
158-202.77.162.213-17.32773 and 600-192.168.10.126-6.110

Iteration#  3
FP
Class =  909
158-202.77.162.213-17.32773 and 600-192.168.10.126-6.110

Iteration#  4
FP
Class =  119
158-202.77.162.213-17.32773 and 600-192.168.10.126-6.110

Iteration#  5
FP
Class =  606
158-202.77.162.213-17.32773 and 600-192.168.10.126-6.110

Iteration#  6
FP
Class =  103
158-202.77.162.213-17.32773 and 600-192.168.10.126-6.110

Iteration#  7
FP
Class =  600
158-202.77.162.213-17.32773 and 600-192.168.10.126-6.110

Iteration#  8
FP
Class =  115
158-202.77.162.213-17.32773 and 600-192.168.10.126-6.110

Iteration#  9
FP
Class =  103
158-202.77.162.213-17.32773 and 600-192.168.10.126-6.110

Iteration#  10
FP
Class =  903
158-202.77.162.213-17.32773 and 600-192.168.10.126-6.110

Iteration#  11
FP
Class =  301
158-202.77.162.213-17.32773 and 600-192.168.10.126-6.110

Iteration#  12
FP
Class =  900
158-202.77.162.213-17.32773 and 600-192.168.10.126-6.110

Iteration#  13
FP
Class =  101
158-202.77.162.213-17.32773 and 600-192.168.10.126-6.110

Iteration#  14
FP
Class =  157
158-202.77.162.213-17.32773 and 600-192.168.10.126-6.110

Iteration#  15
FP
Class =  113
158-202.77.162.213-17.32773 and 600-192.168.10.126-6.110

Iteration#  16
FP
Class =  706
158-202.77.162.213-17.32773 and 600-192.168.10.126-6.110

Iteration#  17
FP
Class =  608
158-202.77.162.213-17.32773 and 600-192.168.10.126-6.110

Iteration#  18
FP
Class =  106
158-202.77.162.213-17.32773 and 600-192.168.10.126-6.110

Iteration#  19
FP
Class =  303
158-202.77.162.213-17.32773 and 600-192.168.10.126-6.110

Iteration#  20
FP
Class =  100
158-202.77.162.213-17.32773 and 600-192.168.10.126-6.110

Iteration#  21
FP
Class =  105
158-202.77.162.213-17.32773 and 600-192.168.10.126-6.110

Iteration#  22
FP
Class =  605
158-202.77.162.213-17.32773 and 600-192.168.10.126-6.110

Iteration#  23
FP
Class =  118
158-202.77.162.213-17.32773 and 600-192.168.10.126-6.110

Iteration#  24
FP
Class =  702
158-202.77.162.213-17.32773 and 600-192.168.10.126-6.110

Iteration#  25
FP
Class =  306
158-202.77.162.213-17.32773 and 600-192.168.10.126-6.110

Iteration#  26
FP
Class =  905
158-202.77.162.213-17.32773 and 600-192.168.10.126-6.110

Iteration#  27
FP
Class =  908
158-202.77.162.213-17.32773 and 600-192.168.10.126-6.110

Iteration#  28
FP
Class =  907
158-202.77.162.213-17.32773 and 600-192.168.10.126-6.110

Iteration#  29
FP
Class =  108
158-202.77.162.213-17.32773 and 600-192.168.10.126-6.110

Iteration#  30
FP
Class =  107
158-202.77.162.213-17.32773 and 600-192.168.10.126-6.110

Iteration#  31
FP
Class =  158
158-202.77.162.213-17.32773 and 600-192.168.10.126-6.110
['158-202.77.162.213-17.32773', '606-192.168.10.102-6.1180', '1.07']


Iteration#  0
FP
Class =  107
158-202.77.162.213-17.32773 and 606-192.168.10.102-6.1180

Iteration#  1
FP
Class =  309
158-202.77.162.213-17.32773 and 606-192.168.10.102-6.1180

Iteration#  2
FP
Class =  114
158-202.77.162.213-17.32773 and 606-192.168.10.102-6.1180

Iteration#  3
FP
Class =  909
158-202.77.162.213-17.32773 and 606-192.168.10.102-6.1180

Iteration#  4
FP
Class =  119
158-202.77.162.213-17.32773 and 606-192.168.10.102-6.1180

Iteration#  5
FP
Class =  606
158-202.77.162.213-17.32773 and 606-192.168.10.102-6.1180

Iteration#  6
FP
Class =  103
158-202.77.162.213-17.32773 and 606-192.168.10.102-6.1180

Iteration#  7
FP
Class =  600
158-202.77.162.213-17.32773 and 606-192.168.10.102-6.1180

Iteration#  8
FP
Class =  115
158-202.77.162.213-17.32773 and 606-192.168.10.102-6.1180

Iteration#  9
FP
Class =  103
158-202.77.162.213-17.32773 and 606-192.168.10.102-6.1180

Iteration#  10
FP
Class =  903
158-202.77.162.213-17.32773 and 606-192.168.10.102-6.1180

Iteration#  11
FP
Class =  301
158-202.77.162.213-17.32773 and 606-192.168.10.102-6.1180

Iteration#  12
FP
Class =  900
158-202.77.162.213-17.32773 and 606-192.168.10.102-6.1180

Iteration#  13
FP
Class =  101
158-202.77.162.213-17.32773 and 606-192.168.10.102-6.1180

Iteration#  14
FP
Class =  157
158-202.77.162.213-17.32773 and 606-192.168.10.102-6.1180

Iteration#  15
FP
Class =  113
158-202.77.162.213-17.32773 and 606-192.168.10.102-6.1180

Iteration#  16
FP
Class =  706
158-202.77.162.213-17.32773 and 606-192.168.10.102-6.1180

Iteration#  17
FP
Class =  608
158-202.77.162.213-17.32773 and 606-192.168.10.102-6.1180

Iteration#  18
FP
Class =  106
158-202.77.162.213-17.32773 and 606-192.168.10.102-6.1180

Iteration#  19
FP
Class =  303
158-202.77.162.213-17.32773 and 606-192.168.10.102-6.1180

Iteration#  20
FP
Class =  100
158-202.77.162.213-17.32773 and 606-192.168.10.102-6.1180

Iteration#  21
FP
Class =  105
158-202.77.162.213-17.32773 and 606-192.168.10.102-6.1180

Iteration#  22
FP
Class =  605
158-202.77.162.213-17.32773 and 606-192.168.10.102-6.1180

Iteration#  23
FP
Class =  118
158-202.77.162.213-17.32773 and 606-192.168.10.102-6.1180

Iteration#  24
FP
Class =  702
158-202.77.162.213-17.32773 and 606-192.168.10.102-6.1180

Iteration#  25
FP
Class =  306
158-202.77.162.213-17.32773 and 606-192.168.10.102-6.1180

Iteration#  26
FP
Class =  905
158-202.77.162.213-17.32773 and 606-192.168.10.102-6.1180

Iteration#  27
FP
Class =  908
158-202.77.162.213-17.32773 and 606-192.168.10.102-6.1180

Iteration#  28
FP
Class =  907
158-202.77.162.213-17.32773 and 606-192.168.10.102-6.1180

Iteration#  29
FP
Class =  108
158-202.77.162.213-17.32773 and 606-192.168.10.102-6.1180

Iteration#  30
FP
Class =  107
158-202.77.162.213-17.32773 and 606-192.168.10.102-6.1180

Iteration#  31
FP
Class =  158
158-202.77.162.213-17.32773 and 606-192.168.10.102-6.1180
['158-202.77.162.213-17.32773', '307-192.168.10.126-6.445', '1.35']


Iteration#  0
FP
Class =  107
158-202.77.162.213-17.32773 and 307-192.168.10.126-6.445

Iteration#  1
FP
Class =  309
158-202.77.162.213-17.32773 and 307-192.168.10.126-6.445

Iteration#  2
FP
Class =  114
158-202.77.162.213-17.32773 and 307-192.168.10.126-6.445

Iteration#  3
FP
Class =  909
158-202.77.162.213-17.32773 and 307-192.168.10.126-6.445

Iteration#  4
FP
Class =  119
158-202.77.162.213-17.32773 and 307-192.168.10.126-6.445

Iteration#  5
FP
Class =  606
158-202.77.162.213-17.32773 and 307-192.168.10.126-6.445

Iteration#  6
FP
Class =  103
158-202.77.162.213-17.32773 and 307-192.168.10.126-6.445

Iteration#  7
FP
Class =  600
158-202.77.162.213-17.32773 and 307-192.168.10.126-6.445

Iteration#  8
FP
Class =  115
158-202.77.162.213-17.32773 and 307-192.168.10.126-6.445

Iteration#  9
FP
Class =  103
158-202.77.162.213-17.32773 and 307-192.168.10.126-6.445

Iteration#  10
FP
Class =  903
158-202.77.162.213-17.32773 and 307-192.168.10.126-6.445

Iteration#  11
FP
Class =  301
158-202.77.162.213-17.32773 and 307-192.168.10.126-6.445

Iteration#  12
FP
Class =  900
158-202.77.162.213-17.32773 and 307-192.168.10.126-6.445

Iteration#  13
FP
Class =  101
158-202.77.162.213-17.32773 and 307-192.168.10.126-6.445

Iteration#  14
FP
Class =  157
158-202.77.162.213-17.32773 and 307-192.168.10.126-6.445

Iteration#  15
FP
Class =  113
158-202.77.162.213-17.32773 and 307-192.168.10.126-6.445

Iteration#  16
FP
Class =  706
158-202.77.162.213-17.32773 and 307-192.168.10.126-6.445

Iteration#  17
FP
Class =  608
158-202.77.162.213-17.32773 and 307-192.168.10.126-6.445

Iteration#  18
FP
Class =  106
158-202.77.162.213-17.32773 and 307-192.168.10.126-6.445

Iteration#  19
FP
Class =  303
158-202.77.162.213-17.32773 and 307-192.168.10.126-6.445

Iteration#  20
FP
Class =  100
158-202.77.162.213-17.32773 and 307-192.168.10.126-6.445

Iteration#  21
FP
Class =  105
158-202.77.162.213-17.32773 and 307-192.168.10.126-6.445

Iteration#  22
FP
Class =  605
158-202.77.162.213-17.32773 and 307-192.168.10.126-6.445

Iteration#  23
FP
Class =  118
158-202.77.162.213-17.32773 and 307-192.168.10.126-6.445

Iteration#  24
FP
Class =  702
158-202.77.162.213-17.32773 and 307-192.168.10.126-6.445

Iteration#  25
FP
Class =  306
158-202.77.162.213-17.32773 and 307-192.168.10.126-6.445

Iteration#  26
FP
Class =  905
158-202.77.162.213-17.32773 and 307-192.168.10.126-6.445

Iteration#  27
FP
Class =  908
158-202.77.162.213-17.32773 and 307-192.168.10.126-6.445

Iteration#  28
FP
Class =  907
158-202.77.162.213-17.32773 and 307-192.168.10.126-6.445

Iteration#  29
FP
Class =  108
158-202.77.162.213-17.32773 and 307-192.168.10.126-6.445

Iteration#  30
FP
Class =  107
158-202.77.162.213-17.32773 and 307-192.168.10.126-6.445

Iteration#  31
FP
Class =  158
158-202.77.162.213-17.32773 and 307-192.168.10.126-6.445
['158-202.77.162.213-17.32773', '119-24.6.98.163-6.80', '1.09']


Iteration#  0
FP
Class =  107
158-202.77.162.213-17.32773 and 119-24.6.98.163-6.80

Iteration#  1
FP
Class =  309
158-202.77.162.213-17.32773 and 119-24.6.98.163-6.80

Iteration#  2
FP
Class =  114
158-202.77.162.213-17.32773 and 119-24.6.98.163-6.80

Iteration#  3
FP
Class =  909
158-202.77.162.213-17.32773 and 119-24.6.98.163-6.80

Iteration#  4
FP
Class =  119
158-202.77.162.213-17.32773 and 119-24.6.98.163-6.80

Iteration#  5
FP
Class =  606
158-202.77.162.213-17.32773 and 119-24.6.98.163-6.80

Iteration#  6
FP
Class =  103
158-202.77.162.213-17.32773 and 119-24.6.98.163-6.80

Iteration#  7
FP
Class =  600
158-202.77.162.213-17.32773 and 119-24.6.98.163-6.80

Iteration#  8
FP
Class =  115
158-202.77.162.213-17.32773 and 119-24.6.98.163-6.80

Iteration#  9
FP
Class =  103
158-202.77.162.213-17.32773 and 119-24.6.98.163-6.80

Iteration#  10
FP
Class =  903
158-202.77.162.213-17.32773 and 119-24.6.98.163-6.80

Iteration#  11
FP
Class =  301
158-202.77.162.213-17.32773 and 119-24.6.98.163-6.80

Iteration#  12
FP
Class =  900
158-202.77.162.213-17.32773 and 119-24.6.98.163-6.80

Iteration#  13
FP
Class =  101
158-202.77.162.213-17.32773 and 119-24.6.98.163-6.80

Iteration#  14
FP
Class =  157
158-202.77.162.213-17.32773 and 119-24.6.98.163-6.80

Iteration#  15
FP
Class =  113
158-202.77.162.213-17.32773 and 119-24.6.98.163-6.80

Iteration#  16
FP
Class =  706
158-202.77.162.213-17.32773 and 119-24.6.98.163-6.80

Iteration#  17
FP
Class =  608
158-202.77.162.213-17.32773 and 119-24.6.98.163-6.80

Iteration#  18
FP
Class =  106
158-202.77.162.213-17.32773 and 119-24.6.98.163-6.80

Iteration#  19
FP
Class =  303
158-202.77.162.213-17.32773 and 119-24.6.98.163-6.80

Iteration#  20
FP
Class =  100
158-202.77.162.213-17.32773 and 119-24.6.98.163-6.80

Iteration#  21
FP
Class =  105
158-202.77.162.213-17.32773 and 119-24.6.98.163-6.80

Iteration#  22
FP
Class =  605
158-202.77.162.213-17.32773 and 119-24.6.98.163-6.80

Iteration#  23
FP
Class =  118
158-202.77.162.213-17.32773 and 119-24.6.98.163-6.80

Iteration#  24
FP
Class =  702
158-202.77.162.213-17.32773 and 119-24.6.98.163-6.80

Iteration#  25
FP
Class =  306
158-202.77.162.213-17.32773 and 119-24.6.98.163-6.80

Iteration#  26
FP
Class =  905
158-202.77.162.213-17.32773 and 119-24.6.98.163-6.80

Iteration#  27
FP
Class =  908
158-202.77.162.213-17.32773 and 119-24.6.98.163-6.80

Iteration#  28
FP
Class =  907
158-202.77.162.213-17.32773 and 119-24.6.98.163-6.80

Iteration#  29
FP
Class =  108
158-202.77.162.213-17.32773 and 119-24.6.98.163-6.80

Iteration#  30
FP
Class =  107
158-202.77.162.213-17.32773 and 119-24.6.98.163-6.80

Iteration#  31
FP
Class =  158
158-202.77.162.213-17.32773 and 119-24.6.98.163-6.80
['158-202.77.162.213-17.32773', '602-192.168.10.126-6.110', '1.04']


Iteration#  0
FP
Class =  107
158-202.77.162.213-17.32773 and 602-192.168.10.126-6.110

Iteration#  1
FP
Class =  309
158-202.77.162.213-17.32773 and 602-192.168.10.126-6.110

Iteration#  2
FP
Class =  114
158-202.77.162.213-17.32773 and 602-192.168.10.126-6.110

Iteration#  3
FP
Class =  909
158-202.77.162.213-17.32773 and 602-192.168.10.126-6.110

Iteration#  4
FP
Class =  119
158-202.77.162.213-17.32773 and 602-192.168.10.126-6.110

Iteration#  5
FP
Class =  606
158-202.77.162.213-17.32773 and 602-192.168.10.126-6.110

Iteration#  6
FP
Class =  103
158-202.77.162.213-17.32773 and 602-192.168.10.126-6.110

Iteration#  7
FP
Class =  600
158-202.77.162.213-17.32773 and 602-192.168.10.126-6.110

Iteration#  8
FP
Class =  115
158-202.77.162.213-17.32773 and 602-192.168.10.126-6.110

Iteration#  9
FP
Class =  103
158-202.77.162.213-17.32773 and 602-192.168.10.126-6.110

Iteration#  10
FP
Class =  903
158-202.77.162.213-17.32773 and 602-192.168.10.126-6.110

Iteration#  11
FP
Class =  301
158-202.77.162.213-17.32773 and 602-192.168.10.126-6.110

Iteration#  12
FP
Class =  900
158-202.77.162.213-17.32773 and 602-192.168.10.126-6.110

Iteration#  13
FP
Class =  101
158-202.77.162.213-17.32773 and 602-192.168.10.126-6.110

Iteration#  14
FP
Class =  157
158-202.77.162.213-17.32773 and 602-192.168.10.126-6.110

Iteration#  15
FP
Class =  113
158-202.77.162.213-17.32773 and 602-192.168.10.126-6.110

Iteration#  16
FP
Class =  706
158-202.77.162.213-17.32773 and 602-192.168.10.126-6.110

Iteration#  17
FP
Class =  608
158-202.77.162.213-17.32773 and 602-192.168.10.126-6.110

Iteration#  18
FP
Class =  106
158-202.77.162.213-17.32773 and 602-192.168.10.126-6.110

Iteration#  19
FP
Class =  303
158-202.77.162.213-17.32773 and 602-192.168.10.126-6.110

Iteration#  20
FP
Class =  100
158-202.77.162.213-17.32773 and 602-192.168.10.126-6.110

Iteration#  21
FP
Class =  105
158-202.77.162.213-17.32773 and 602-192.168.10.126-6.110

Iteration#  22
FP
Class =  605
158-202.77.162.213-17.32773 and 602-192.168.10.126-6.110

Iteration#  23
FP
Class =  118
158-202.77.162.213-17.32773 and 602-192.168.10.126-6.110

Iteration#  24
FP
Class =  702
158-202.77.162.213-17.32773 and 602-192.168.10.126-6.110

Iteration#  25
FP
Class =  306
158-202.77.162.213-17.32773 and 602-192.168.10.126-6.110

Iteration#  26
FP
Class =  905
158-202.77.162.213-17.32773 and 602-192.168.10.126-6.110

Iteration#  27
FP
Class =  908
158-202.77.162.213-17.32773 and 602-192.168.10.126-6.110

Iteration#  28
FP
Class =  907
158-202.77.162.213-17.32773 and 602-192.168.10.126-6.110

Iteration#  29
FP
Class =  108
158-202.77.162.213-17.32773 and 602-192.168.10.126-6.110

Iteration#  30
FP
Class =  107
158-202.77.162.213-17.32773 and 602-192.168.10.126-6.110

Iteration#  31
FP
Class =  158
158-202.77.162.213-17.32773 and 602-192.168.10.126-6.110
['158-202.77.162.213-17.32773', '110-24.6.98.163-6.80', '1.1']


Iteration#  0
FP
Class =  107
158-202.77.162.213-17.32773 and 110-24.6.98.163-6.80

Iteration#  1
FP
Class =  309
158-202.77.162.213-17.32773 and 110-24.6.98.163-6.80

Iteration#  2
FP
Class =  114
158-202.77.162.213-17.32773 and 110-24.6.98.163-6.80

Iteration#  3
FP
Class =  909
158-202.77.162.213-17.32773 and 110-24.6.98.163-6.80

Iteration#  4
FP
Class =  119
158-202.77.162.213-17.32773 and 110-24.6.98.163-6.80

Iteration#  5
FP
Class =  606
158-202.77.162.213-17.32773 and 110-24.6.98.163-6.80

Iteration#  6
FP
Class =  103
158-202.77.162.213-17.32773 and 110-24.6.98.163-6.80

Iteration#  7
FP
Class =  600
158-202.77.162.213-17.32773 and 110-24.6.98.163-6.80

Iteration#  8
FP
Class =  115
158-202.77.162.213-17.32773 and 110-24.6.98.163-6.80

Iteration#  9
FP
Class =  103
158-202.77.162.213-17.32773 and 110-24.6.98.163-6.80

Iteration#  10
FP
Class =  903
158-202.77.162.213-17.32773 and 110-24.6.98.163-6.80

Iteration#  11
FP
Class =  301
158-202.77.162.213-17.32773 and 110-24.6.98.163-6.80

Iteration#  12
FP
Class =  900
158-202.77.162.213-17.32773 and 110-24.6.98.163-6.80

Iteration#  13
FP
Class =  101
158-202.77.162.213-17.32773 and 110-24.6.98.163-6.80

Iteration#  14
FP
Class =  157
158-202.77.162.213-17.32773 and 110-24.6.98.163-6.80

Iteration#  15
FP
Class =  113
158-202.77.162.213-17.32773 and 110-24.6.98.163-6.80

Iteration#  16
FP
Class =  706
158-202.77.162.213-17.32773 and 110-24.6.98.163-6.80

Iteration#  17
FP
Class =  608
158-202.77.162.213-17.32773 and 110-24.6.98.163-6.80

Iteration#  18
FP
Class =  106
158-202.77.162.213-17.32773 and 110-24.6.98.163-6.80

Iteration#  19
FP
Class =  303
158-202.77.162.213-17.32773 and 110-24.6.98.163-6.80

Iteration#  20
FP
Class =  100
158-202.77.162.213-17.32773 and 110-24.6.98.163-6.80

Iteration#  21
FP
Class =  105
158-202.77.162.213-17.32773 and 110-24.6.98.163-6.80

Iteration#  22
FP
Class =  605
158-202.77.162.213-17.32773 and 110-24.6.98.163-6.80

Iteration#  23
FP
Class =  118
158-202.77.162.213-17.32773 and 110-24.6.98.163-6.80

Iteration#  24
FP
Class =  702
158-202.77.162.213-17.32773 and 110-24.6.98.163-6.80

Iteration#  25
FP
Class =  306
158-202.77.162.213-17.32773 and 110-24.6.98.163-6.80

Iteration#  26
FP
Class =  905
158-202.77.162.213-17.32773 and 110-24.6.98.163-6.80

Iteration#  27
FP
Class =  908
158-202.77.162.213-17.32773 and 110-24.6.98.163-6.80

Iteration#  28
FP
Class =  907
158-202.77.162.213-17.32773 and 110-24.6.98.163-6.80

Iteration#  29
FP
Class =  108
158-202.77.162.213-17.32773 and 110-24.6.98.163-6.80

Iteration#  30
FP
Class =  107
158-202.77.162.213-17.32773 and 110-24.6.98.163-6.80

Iteration#  31
FP
Class =  158
158-202.77.162.213-17.32773 and 110-24.6.98.163-6.80
['158-202.77.162.213-17.32773', '909-192.168.10.101-17.53', '1.31']


Iteration#  0
FP
Class =  107
158-202.77.162.213-17.32773 and 909-192.168.10.101-17.53

Iteration#  1
FP
Class =  309
158-202.77.162.213-17.32773 and 909-192.168.10.101-17.53

Iteration#  2
FP
Class =  114
158-202.77.162.213-17.32773 and 909-192.168.10.101-17.53

Iteration#  3
FP
Class =  909
158-202.77.162.213-17.32773 and 909-192.168.10.101-17.53

Iteration#  4
FP
Class =  119
158-202.77.162.213-17.32773 and 909-192.168.10.101-17.53

Iteration#  5
FP
Class =  606
158-202.77.162.213-17.32773 and 909-192.168.10.101-17.53

Iteration#  6
FP
Class =  103
158-202.77.162.213-17.32773 and 909-192.168.10.101-17.53

Iteration#  7
FP
Class =  600
158-202.77.162.213-17.32773 and 909-192.168.10.101-17.53

Iteration#  8
FP
Class =  115
158-202.77.162.213-17.32773 and 909-192.168.10.101-17.53

Iteration#  9
FP
Class =  103
158-202.77.162.213-17.32773 and 909-192.168.10.101-17.53

Iteration#  10
FP
Class =  903
158-202.77.162.213-17.32773 and 909-192.168.10.101-17.53

Iteration#  11
FP
Class =  301
158-202.77.162.213-17.32773 and 909-192.168.10.101-17.53

Iteration#  12
FP
Class =  900
158-202.77.162.213-17.32773 and 909-192.168.10.101-17.53

Iteration#  13
FP
Class =  101
158-202.77.162.213-17.32773 and 909-192.168.10.101-17.53

Iteration#  14
FP
Class =  157
158-202.77.162.213-17.32773 and 909-192.168.10.101-17.53

Iteration#  15
FP
Class =  113
158-202.77.162.213-17.32773 and 909-192.168.10.101-17.53

Iteration#  16
FP
Class =  706
158-202.77.162.213-17.32773 and 909-192.168.10.101-17.53

Iteration#  17
FP
Class =  608
158-202.77.162.213-17.32773 and 909-192.168.10.101-17.53

Iteration#  18
FP
Class =  106
158-202.77.162.213-17.32773 and 909-192.168.10.101-17.53

Iteration#  19
FP
Class =  303
158-202.77.162.213-17.32773 and 909-192.168.10.101-17.53

Iteration#  20
FP
Class =  100
158-202.77.162.213-17.32773 and 909-192.168.10.101-17.53

Iteration#  21
FP
Class =  105
158-202.77.162.213-17.32773 and 909-192.168.10.101-17.53

Iteration#  22
FP
Class =  605
158-202.77.162.213-17.32773 and 909-192.168.10.101-17.53

Iteration#  23
FP
Class =  118
158-202.77.162.213-17.32773 and 909-192.168.10.101-17.53

Iteration#  24
FP
Class =  702
158-202.77.162.213-17.32773 and 909-192.168.10.101-17.53

Iteration#  25
FP
Class =  306
158-202.77.162.213-17.32773 and 909-192.168.10.101-17.53

Iteration#  26
FP
Class =  905
158-202.77.162.213-17.32773 and 909-192.168.10.101-17.53

Iteration#  27
FP
Class =  908
158-202.77.162.213-17.32773 and 909-192.168.10.101-17.53

Iteration#  28
FP
Class =  907
158-202.77.162.213-17.32773 and 909-192.168.10.101-17.53

Iteration#  29
FP
Class =  108
158-202.77.162.213-17.32773 and 909-192.168.10.101-17.53

Iteration#  30
FP
Class =  107
158-202.77.162.213-17.32773 and 909-192.168.10.101-17.53

Iteration#  31
FP
Class =  158
158-202.77.162.213-17.32773 and 909-192.168.10.101-17.53
['158-202.77.162.213-17.32773', '114-24.6.98.163-6.80', '1.1']


Iteration#  0
FP
Class =  107
158-202.77.162.213-17.32773 and 114-24.6.98.163-6.80

Iteration#  1
FP
Class =  309
158-202.77.162.213-17.32773 and 114-24.6.98.163-6.80

Iteration#  2
FP
Class =  114
158-202.77.162.213-17.32773 and 114-24.6.98.163-6.80

Iteration#  3
FP
Class =  909
158-202.77.162.213-17.32773 and 114-24.6.98.163-6.80

Iteration#  4
FP
Class =  119
158-202.77.162.213-17.32773 and 114-24.6.98.163-6.80

Iteration#  5
FP
Class =  606
158-202.77.162.213-17.32773 and 114-24.6.98.163-6.80

Iteration#  6
FP
Class =  103
158-202.77.162.213-17.32773 and 114-24.6.98.163-6.80

Iteration#  7
FP
Class =  600
158-202.77.162.213-17.32773 and 114-24.6.98.163-6.80

Iteration#  8
FP
Class =  115
158-202.77.162.213-17.32773 and 114-24.6.98.163-6.80

Iteration#  9
FP
Class =  103
158-202.77.162.213-17.32773 and 114-24.6.98.163-6.80

Iteration#  10
FP
Class =  903
158-202.77.162.213-17.32773 and 114-24.6.98.163-6.80

Iteration#  11
FP
Class =  301
158-202.77.162.213-17.32773 and 114-24.6.98.163-6.80

Iteration#  12
FP
Class =  900
158-202.77.162.213-17.32773 and 114-24.6.98.163-6.80

Iteration#  13
FP
Class =  101
158-202.77.162.213-17.32773 and 114-24.6.98.163-6.80

Iteration#  14
FP
Class =  157
158-202.77.162.213-17.32773 and 114-24.6.98.163-6.80

Iteration#  15
FP
Class =  113
158-202.77.162.213-17.32773 and 114-24.6.98.163-6.80

Iteration#  16
FP
Class =  706
158-202.77.162.213-17.32773 and 114-24.6.98.163-6.80

Iteration#  17
FP
Class =  608
158-202.77.162.213-17.32773 and 114-24.6.98.163-6.80

Iteration#  18
FP
Class =  106
158-202.77.162.213-17.32773 and 114-24.6.98.163-6.80

Iteration#  19
FP
Class =  303
158-202.77.162.213-17.32773 and 114-24.6.98.163-6.80

Iteration#  20
FP
Class =  100
158-202.77.162.213-17.32773 and 114-24.6.98.163-6.80

Iteration#  21
FP
Class =  105
158-202.77.162.213-17.32773 and 114-24.6.98.163-6.80

Iteration#  22
FP
Class =  605
158-202.77.162.213-17.32773 and 114-24.6.98.163-6.80

Iteration#  23
FP
Class =  118
158-202.77.162.213-17.32773 and 114-24.6.98.163-6.80

Iteration#  24
FP
Class =  702
158-202.77.162.213-17.32773 and 114-24.6.98.163-6.80

Iteration#  25
FP
Class =  306
158-202.77.162.213-17.32773 and 114-24.6.98.163-6.80

Iteration#  26
FP
Class =  905
158-202.77.162.213-17.32773 and 114-24.6.98.163-6.80

Iteration#  27
FP
Class =  908
158-202.77.162.213-17.32773 and 114-24.6.98.163-6.80

Iteration#  28
FP
Class =  907
158-202.77.162.213-17.32773 and 114-24.6.98.163-6.80

Iteration#  29
FP
Class =  108
158-202.77.162.213-17.32773 and 114-24.6.98.163-6.80

Iteration#  30
FP
Class =  107
158-202.77.162.213-17.32773 and 114-24.6.98.163-6.80

Iteration#  31
FP
Class =  158
158-202.77.162.213-17.32773 and 114-24.6.98.163-6.80
['158-202.77.162.213-17.32773', '902-212.58.253.68-6.1368', '1.28']


Iteration#  0
FP
Class =  107
158-202.77.162.213-17.32773 and 902-212.58.253.68-6.1368

Iteration#  1
FP
Class =  309
158-202.77.162.213-17.32773 and 902-212.58.253.68-6.1368

Iteration#  2
FP
Class =  114
158-202.77.162.213-17.32773 and 902-212.58.253.68-6.1368

Iteration#  3
FP
Class =  909
158-202.77.162.213-17.32773 and 902-212.58.253.68-6.1368

Iteration#  4
FP
Class =  119
158-202.77.162.213-17.32773 and 902-212.58.253.68-6.1368

Iteration#  5
FP
Class =  606
158-202.77.162.213-17.32773 and 902-212.58.253.68-6.1368

Iteration#  6
FP
Class =  103
158-202.77.162.213-17.32773 and 902-212.58.253.68-6.1368

Iteration#  7
FP
Class =  600
158-202.77.162.213-17.32773 and 902-212.58.253.68-6.1368

Iteration#  8
FP
Class =  115
158-202.77.162.213-17.32773 and 902-212.58.253.68-6.1368

Iteration#  9
FP
Class =  103
158-202.77.162.213-17.32773 and 902-212.58.253.68-6.1368

Iteration#  10
FP
Class =  903
158-202.77.162.213-17.32773 and 902-212.58.253.68-6.1368

Iteration#  11
FP
Class =  301
158-202.77.162.213-17.32773 and 902-212.58.253.68-6.1368

Iteration#  12
FP
Class =  900
158-202.77.162.213-17.32773 and 902-212.58.253.68-6.1368

Iteration#  13
FP
Class =  101
158-202.77.162.213-17.32773 and 902-212.58.253.68-6.1368

Iteration#  14
FP
Class =  157
158-202.77.162.213-17.32773 and 902-212.58.253.68-6.1368

Iteration#  15
FP
Class =  113
158-202.77.162.213-17.32773 and 902-212.58.253.68-6.1368

Iteration#  16
FP
Class =  706
158-202.77.162.213-17.32773 and 902-212.58.253.68-6.1368

Iteration#  17
FP
Class =  608
158-202.77.162.213-17.32773 and 902-212.58.253.68-6.1368

Iteration#  18
FP
Class =  106
158-202.77.162.213-17.32773 and 902-212.58.253.68-6.1368

Iteration#  19
FP
Class =  303
158-202.77.162.213-17.32773 and 902-212.58.253.68-6.1368

Iteration#  20
FP
Class =  100
158-202.77.162.213-17.32773 and 902-212.58.253.68-6.1368

Iteration#  21
FP
Class =  105
158-202.77.162.213-17.32773 and 902-212.58.253.68-6.1368

Iteration#  22
FP
Class =  605
158-202.77.162.213-17.32773 and 902-212.58.253.68-6.1368

Iteration#  23
FP
Class =  118
158-202.77.162.213-17.32773 and 902-212.58.253.68-6.1368

Iteration#  24
FP
Class =  702
158-202.77.162.213-17.32773 and 902-212.58.253.68-6.1368

Iteration#  25
FP
Class =  306
158-202.77.162.213-17.32773 and 902-212.58.253.68-6.1368

Iteration#  26
FP
Class =  905
158-202.77.162.213-17.32773 and 902-212.58.253.68-6.1368

Iteration#  27
FP
Class =  908
158-202.77.162.213-17.32773 and 902-212.58.253.68-6.1368

Iteration#  28
FP
Class =  907
158-202.77.162.213-17.32773 and 902-212.58.253.68-6.1368

Iteration#  29
FP
Class =  108
158-202.77.162.213-17.32773 and 902-212.58.253.68-6.1368

Iteration#  30
FP
Class =  107
158-202.77.162.213-17.32773 and 902-212.58.253.68-6.1368

Iteration#  31
FP
Class =  158
158-202.77.162.213-17.32773 and 902-212.58.253.68-6.1368
['158-202.77.162.213-17.32773', '309-192.168.10.126-6.445', '1.36']


Iteration#  0
FP
Class =  107
158-202.77.162.213-17.32773 and 309-192.168.10.126-6.445

Iteration#  1
FP
Class =  309
158-202.77.162.213-17.32773 and 309-192.168.10.126-6.445

Iteration#  2
FP
Class =  114
158-202.77.162.213-17.32773 and 309-192.168.10.126-6.445

Iteration#  3
FP
Class =  909
158-202.77.162.213-17.32773 and 309-192.168.10.126-6.445

Iteration#  4
FP
Class =  119
158-202.77.162.213-17.32773 and 309-192.168.10.126-6.445

Iteration#  5
FP
Class =  606
158-202.77.162.213-17.32773 and 309-192.168.10.126-6.445

Iteration#  6
FP
Class =  103
158-202.77.162.213-17.32773 and 309-192.168.10.126-6.445

Iteration#  7
FP
Class =  600
158-202.77.162.213-17.32773 and 309-192.168.10.126-6.445

Iteration#  8
FP
Class =  115
158-202.77.162.213-17.32773 and 309-192.168.10.126-6.445

Iteration#  9
FP
Class =  103
158-202.77.162.213-17.32773 and 309-192.168.10.126-6.445

Iteration#  10
FP
Class =  903
158-202.77.162.213-17.32773 and 309-192.168.10.126-6.445

Iteration#  11
FP
Class =  301
158-202.77.162.213-17.32773 and 309-192.168.10.126-6.445

Iteration#  12
FP
Class =  900
158-202.77.162.213-17.32773 and 309-192.168.10.126-6.445

Iteration#  13
FP
Class =  101
158-202.77.162.213-17.32773 and 309-192.168.10.126-6.445

Iteration#  14
FP
Class =  157
158-202.77.162.213-17.32773 and 309-192.168.10.126-6.445

Iteration#  15
FP
Class =  113
158-202.77.162.213-17.32773 and 309-192.168.10.126-6.445

Iteration#  16
FP
Class =  706
158-202.77.162.213-17.32773 and 309-192.168.10.126-6.445

Iteration#  17
FP
Class =  608
158-202.77.162.213-17.32773 and 309-192.168.10.126-6.445

Iteration#  18
FP
Class =  106
158-202.77.162.213-17.32773 and 309-192.168.10.126-6.445

Iteration#  19
FP
Class =  303
158-202.77.162.213-17.32773 and 309-192.168.10.126-6.445

Iteration#  20
FP
Class =  100
158-202.77.162.213-17.32773 and 309-192.168.10.126-6.445

Iteration#  21
FP
Class =  105
158-202.77.162.213-17.32773 and 309-192.168.10.126-6.445

Iteration#  22
FP
Class =  605
158-202.77.162.213-17.32773 and 309-192.168.10.126-6.445

Iteration#  23
FP
Class =  118
158-202.77.162.213-17.32773 and 309-192.168.10.126-6.445

Iteration#  24
FP
Class =  702
158-202.77.162.213-17.32773 and 309-192.168.10.126-6.445

Iteration#  25
FP
Class =  306
158-202.77.162.213-17.32773 and 309-192.168.10.126-6.445

Iteration#  26
FP
Class =  905
158-202.77.162.213-17.32773 and 309-192.168.10.126-6.445

Iteration#  27
FP
Class =  908
158-202.77.162.213-17.32773 and 309-192.168.10.126-6.445

Iteration#  28
FP
Class =  907
158-202.77.162.213-17.32773 and 309-192.168.10.126-6.445

Iteration#  29
FP
Class =  108
158-202.77.162.213-17.32773 and 309-192.168.10.126-6.445

Iteration#  30
FP
Class =  107
158-202.77.162.213-17.32773 and 309-192.168.10.126-6.445

Iteration#  31
FP
Class =  158
158-202.77.162.213-17.32773 and 309-192.168.10.126-6.445
['158-202.77.162.213-17.32773', '156-24.6.98.163-6.80', '1.09']


Iteration#  0
FP
Class =  107
158-202.77.162.213-17.32773 and 156-24.6.98.163-6.80

Iteration#  1
FP
Class =  309
158-202.77.162.213-17.32773 and 156-24.6.98.163-6.80

Iteration#  2
FP
Class =  114
158-202.77.162.213-17.32773 and 156-24.6.98.163-6.80

Iteration#  3
FP
Class =  909
158-202.77.162.213-17.32773 and 156-24.6.98.163-6.80

Iteration#  4
FP
Class =  119
158-202.77.162.213-17.32773 and 156-24.6.98.163-6.80

Iteration#  5
FP
Class =  606
158-202.77.162.213-17.32773 and 156-24.6.98.163-6.80

Iteration#  6
FP
Class =  103
158-202.77.162.213-17.32773 and 156-24.6.98.163-6.80

Iteration#  7
FP
Class =  600
158-202.77.162.213-17.32773 and 156-24.6.98.163-6.80

Iteration#  8
FP
Class =  115
158-202.77.162.213-17.32773 and 156-24.6.98.163-6.80

Iteration#  9
FP
Class =  103
158-202.77.162.213-17.32773 and 156-24.6.98.163-6.80

Iteration#  10
FP
Class =  903
158-202.77.162.213-17.32773 and 156-24.6.98.163-6.80

Iteration#  11
FP
Class =  301
158-202.77.162.213-17.32773 and 156-24.6.98.163-6.80

Iteration#  12
FP
Class =  900
158-202.77.162.213-17.32773 and 156-24.6.98.163-6.80

Iteration#  13
FP
Class =  101
158-202.77.162.213-17.32773 and 156-24.6.98.163-6.80

Iteration#  14
FP
Class =  157
158-202.77.162.213-17.32773 and 156-24.6.98.163-6.80

Iteration#  15
FP
Class =  113
158-202.77.162.213-17.32773 and 156-24.6.98.163-6.80

Iteration#  16
FP
Class =  706
158-202.77.162.213-17.32773 and 156-24.6.98.163-6.80

Iteration#  17
FP
Class =  608
158-202.77.162.213-17.32773 and 156-24.6.98.163-6.80

Iteration#  18
FP
Class =  106
158-202.77.162.213-17.32773 and 156-24.6.98.163-6.80

Iteration#  19
FP
Class =  303
158-202.77.162.213-17.32773 and 156-24.6.98.163-6.80

Iteration#  20
FP
Class =  100
158-202.77.162.213-17.32773 and 156-24.6.98.163-6.80

Iteration#  21
FP
Class =  105
158-202.77.162.213-17.32773 and 156-24.6.98.163-6.80

Iteration#  22
FP
Class =  605
158-202.77.162.213-17.32773 and 156-24.6.98.163-6.80

Iteration#  23
FP
Class =  118
158-202.77.162.213-17.32773 and 156-24.6.98.163-6.80

Iteration#  24
FP
Class =  702
158-202.77.162.213-17.32773 and 156-24.6.98.163-6.80

Iteration#  25
FP
Class =  306
158-202.77.162.213-17.32773 and 156-24.6.98.163-6.80

Iteration#  26
FP
Class =  905
158-202.77.162.213-17.32773 and 156-24.6.98.163-6.80

Iteration#  27
FP
Class =  908
158-202.77.162.213-17.32773 and 156-24.6.98.163-6.80

Iteration#  28
FP
Class =  907
158-202.77.162.213-17.32773 and 156-24.6.98.163-6.80

Iteration#  29
FP
Class =  108
158-202.77.162.213-17.32773 and 156-24.6.98.163-6.80

Iteration#  30
FP
Class =  107
158-202.77.162.213-17.32773 and 156-24.6.98.163-6.80

Iteration#  31
FP
Class =  158
158-202.77.162.213-17.32773 and 156-24.6.98.163-6.80
['158-202.77.162.213-17.32773', '117-24.6.98.163-6.80', '1.1']


Iteration#  0
FP
Class =  107
158-202.77.162.213-17.32773 and 117-24.6.98.163-6.80

Iteration#  1
FP
Class =  309
158-202.77.162.213-17.32773 and 117-24.6.98.163-6.80

Iteration#  2
FP
Class =  114
158-202.77.162.213-17.32773 and 117-24.6.98.163-6.80

Iteration#  3
FP
Class =  909
158-202.77.162.213-17.32773 and 117-24.6.98.163-6.80

Iteration#  4
FP
Class =  119
158-202.77.162.213-17.32773 and 117-24.6.98.163-6.80

Iteration#  5
FP
Class =  606
158-202.77.162.213-17.32773 and 117-24.6.98.163-6.80

Iteration#  6
FP
Class =  103
158-202.77.162.213-17.32773 and 117-24.6.98.163-6.80

Iteration#  7
FP
Class =  600
158-202.77.162.213-17.32773 and 117-24.6.98.163-6.80

Iteration#  8
FP
Class =  115
158-202.77.162.213-17.32773 and 117-24.6.98.163-6.80

Iteration#  9
FP
Class =  103
158-202.77.162.213-17.32773 and 117-24.6.98.163-6.80

Iteration#  10
FP
Class =  903
158-202.77.162.213-17.32773 and 117-24.6.98.163-6.80

Iteration#  11
FP
Class =  301
158-202.77.162.213-17.32773 and 117-24.6.98.163-6.80

Iteration#  12
FP
Class =  900
158-202.77.162.213-17.32773 and 117-24.6.98.163-6.80

Iteration#  13
FP
Class =  101
158-202.77.162.213-17.32773 and 117-24.6.98.163-6.80

Iteration#  14
FP
Class =  157
158-202.77.162.213-17.32773 and 117-24.6.98.163-6.80

Iteration#  15
FP
Class =  113
158-202.77.162.213-17.32773 and 117-24.6.98.163-6.80

Iteration#  16
FP
Class =  706
158-202.77.162.213-17.32773 and 117-24.6.98.163-6.80

Iteration#  17
FP
Class =  608
158-202.77.162.213-17.32773 and 117-24.6.98.163-6.80

Iteration#  18
FP
Class =  106
158-202.77.162.213-17.32773 and 117-24.6.98.163-6.80

Iteration#  19
FP
Class =  303
158-202.77.162.213-17.32773 and 117-24.6.98.163-6.80

Iteration#  20
FP
Class =  100
158-202.77.162.213-17.32773 and 117-24.6.98.163-6.80

Iteration#  21
FP
Class =  105
158-202.77.162.213-17.32773 and 117-24.6.98.163-6.80

Iteration#  22
FP
Class =  605
158-202.77.162.213-17.32773 and 117-24.6.98.163-6.80

Iteration#  23
FP
Class =  118
158-202.77.162.213-17.32773 and 117-24.6.98.163-6.80

Iteration#  24
FP
Class =  702
158-202.77.162.213-17.32773 and 117-24.6.98.163-6.80

Iteration#  25
FP
Class =  306
158-202.77.162.213-17.32773 and 117-24.6.98.163-6.80

Iteration#  26
FP
Class =  905
158-202.77.162.213-17.32773 and 117-24.6.98.163-6.80

Iteration#  27
FP
Class =  908
158-202.77.162.213-17.32773 and 117-24.6.98.163-6.80

Iteration#  28
FP
Class =  907
158-202.77.162.213-17.32773 and 117-24.6.98.163-6.80

Iteration#  29
FP
Class =  108
158-202.77.162.213-17.32773 and 117-24.6.98.163-6.80

Iteration#  30
FP
Class =  107
158-202.77.162.213-17.32773 and 117-24.6.98.163-6.80

Iteration#  31
FP
Class =  158
158-202.77.162.213-17.32773 and 117-24.6.98.163-6.80
['158-202.77.162.213-17.32773', '707-192.168.10.102-6.25', '1.05']


Iteration#  0
FP
Class =  107
158-202.77.162.213-17.32773 and 707-192.168.10.102-6.25

Iteration#  1
FP
Class =  309
158-202.77.162.213-17.32773 and 707-192.168.10.102-6.25

Iteration#  2
FP
Class =  114
158-202.77.162.213-17.32773 and 707-192.168.10.102-6.25

Iteration#  3
FP
Class =  909
158-202.77.162.213-17.32773 and 707-192.168.10.102-6.25

Iteration#  4
FP
Class =  119
158-202.77.162.213-17.32773 and 707-192.168.10.102-6.25

Iteration#  5
FP
Class =  606
158-202.77.162.213-17.32773 and 707-192.168.10.102-6.25

Iteration#  6
FP
Class =  103
158-202.77.162.213-17.32773 and 707-192.168.10.102-6.25

Iteration#  7
FP
Class =  600
158-202.77.162.213-17.32773 and 707-192.168.10.102-6.25

Iteration#  8
FP
Class =  115
158-202.77.162.213-17.32773 and 707-192.168.10.102-6.25

Iteration#  9
FP
Class =  103
158-202.77.162.213-17.32773 and 707-192.168.10.102-6.25

Iteration#  10
FP
Class =  903
158-202.77.162.213-17.32773 and 707-192.168.10.102-6.25

Iteration#  11
FP
Class =  301
158-202.77.162.213-17.32773 and 707-192.168.10.102-6.25

Iteration#  12
FP
Class =  900
158-202.77.162.213-17.32773 and 707-192.168.10.102-6.25

Iteration#  13
FP
Class =  101
158-202.77.162.213-17.32773 and 707-192.168.10.102-6.25

Iteration#  14
FP
Class =  157
158-202.77.162.213-17.32773 and 707-192.168.10.102-6.25

Iteration#  15
FP
Class =  113
158-202.77.162.213-17.32773 and 707-192.168.10.102-6.25

Iteration#  16
FP
Class =  706
158-202.77.162.213-17.32773 and 707-192.168.10.102-6.25

Iteration#  17
FP
Class =  608
158-202.77.162.213-17.32773 and 707-192.168.10.102-6.25

Iteration#  18
FP
Class =  106
158-202.77.162.213-17.32773 and 707-192.168.10.102-6.25

Iteration#  19
FP
Class =  303
158-202.77.162.213-17.32773 and 707-192.168.10.102-6.25

Iteration#  20
FP
Class =  100
158-202.77.162.213-17.32773 and 707-192.168.10.102-6.25

Iteration#  21
FP
Class =  105
158-202.77.162.213-17.32773 and 707-192.168.10.102-6.25

Iteration#  22
FP
Class =  605
158-202.77.162.213-17.32773 and 707-192.168.10.102-6.25

Iteration#  23
FP
Class =  118
158-202.77.162.213-17.32773 and 707-192.168.10.102-6.25

Iteration#  24
FP
Class =  702
158-202.77.162.213-17.32773 and 707-192.168.10.102-6.25

Iteration#  25
FP
Class =  306
158-202.77.162.213-17.32773 and 707-192.168.10.102-6.25

Iteration#  26
FP
Class =  905
158-202.77.162.213-17.32773 and 707-192.168.10.102-6.25

Iteration#  27
FP
Class =  908
158-202.77.162.213-17.32773 and 707-192.168.10.102-6.25

Iteration#  28
FP
Class =  907
158-202.77.162.213-17.32773 and 707-192.168.10.102-6.25

Iteration#  29
FP
Class =  108
158-202.77.162.213-17.32773 and 707-192.168.10.102-6.25

Iteration#  30
FP
Class =  107
158-202.77.162.213-17.32773 and 707-192.168.10.102-6.25

Iteration#  31
FP
Class =  158
158-202.77.162.213-17.32773 and 707-192.168.10.102-6.25
['158-202.77.162.213-17.32773', '601-192.168.10.102-6.1180', '1.07']


Iteration#  0
FP
Class =  107
158-202.77.162.213-17.32773 and 601-192.168.10.102-6.1180

Iteration#  1
FP
Class =  309
158-202.77.162.213-17.32773 and 601-192.168.10.102-6.1180

Iteration#  2
FP
Class =  114
158-202.77.162.213-17.32773 and 601-192.168.10.102-6.1180

Iteration#  3
FP
Class =  909
158-202.77.162.213-17.32773 and 601-192.168.10.102-6.1180

Iteration#  4
FP
Class =  119
158-202.77.162.213-17.32773 and 601-192.168.10.102-6.1180

Iteration#  5
FP
Class =  606
158-202.77.162.213-17.32773 and 601-192.168.10.102-6.1180

Iteration#  6
FP
Class =  103
158-202.77.162.213-17.32773 and 601-192.168.10.102-6.1180

Iteration#  7
FP
Class =  600
158-202.77.162.213-17.32773 and 601-192.168.10.102-6.1180

Iteration#  8
FP
Class =  115
158-202.77.162.213-17.32773 and 601-192.168.10.102-6.1180

Iteration#  9
FP
Class =  103
158-202.77.162.213-17.32773 and 601-192.168.10.102-6.1180

Iteration#  10
FP
Class =  903
158-202.77.162.213-17.32773 and 601-192.168.10.102-6.1180

Iteration#  11
FP
Class =  301
158-202.77.162.213-17.32773 and 601-192.168.10.102-6.1180

Iteration#  12
FP
Class =  900
158-202.77.162.213-17.32773 and 601-192.168.10.102-6.1180

Iteration#  13
FP
Class =  101
158-202.77.162.213-17.32773 and 601-192.168.10.102-6.1180

Iteration#  14
FP
Class =  157
158-202.77.162.213-17.32773 and 601-192.168.10.102-6.1180

Iteration#  15
FP
Class =  113
158-202.77.162.213-17.32773 and 601-192.168.10.102-6.1180

Iteration#  16
FP
Class =  706
158-202.77.162.213-17.32773 and 601-192.168.10.102-6.1180

Iteration#  17
FP
Class =  608
158-202.77.162.213-17.32773 and 601-192.168.10.102-6.1180

Iteration#  18
FP
Class =  106
158-202.77.162.213-17.32773 and 601-192.168.10.102-6.1180

Iteration#  19
FP
Class =  303
158-202.77.162.213-17.32773 and 601-192.168.10.102-6.1180

Iteration#  20
FP
Class =  100
158-202.77.162.213-17.32773 and 601-192.168.10.102-6.1180

Iteration#  21
FP
Class =  105
158-202.77.162.213-17.32773 and 601-192.168.10.102-6.1180

Iteration#  22
FP
Class =  605
158-202.77.162.213-17.32773 and 601-192.168.10.102-6.1180

Iteration#  23
FP
Class =  118
158-202.77.162.213-17.32773 and 601-192.168.10.102-6.1180

Iteration#  24
FP
Class =  702
158-202.77.162.213-17.32773 and 601-192.168.10.102-6.1180

Iteration#  25
FP
Class =  306
158-202.77.162.213-17.32773 and 601-192.168.10.102-6.1180

Iteration#  26
FP
Class =  905
158-202.77.162.213-17.32773 and 601-192.168.10.102-6.1180

Iteration#  27
FP
Class =  908
158-202.77.162.213-17.32773 and 601-192.168.10.102-6.1180

Iteration#  28
FP
Class =  907
158-202.77.162.213-17.32773 and 601-192.168.10.102-6.1180

Iteration#  29
FP
Class =  108
158-202.77.162.213-17.32773 and 601-192.168.10.102-6.1180

Iteration#  30
FP
Class =  107
158-202.77.162.213-17.32773 and 601-192.168.10.102-6.1180

Iteration#  31
FP
Class =  158
158-202.77.162.213-17.32773 and 601-192.168.10.102-6.1180
['158-202.77.162.213-17.32773', '116-24.6.102.196-6.1592', '1.09']


Iteration#  0
FP
Class =  107
158-202.77.162.213-17.32773 and 116-24.6.102.196-6.1592

Iteration#  1
FP
Class =  309
158-202.77.162.213-17.32773 and 116-24.6.102.196-6.1592

Iteration#  2
FP
Class =  114
158-202.77.162.213-17.32773 and 116-24.6.102.196-6.1592

Iteration#  3
FP
Class =  909
158-202.77.162.213-17.32773 and 116-24.6.102.196-6.1592

Iteration#  4
FP
Class =  119
158-202.77.162.213-17.32773 and 116-24.6.102.196-6.1592

Iteration#  5
FP
Class =  606
158-202.77.162.213-17.32773 and 116-24.6.102.196-6.1592

Iteration#  6
FP
Class =  103
158-202.77.162.213-17.32773 and 116-24.6.102.196-6.1592

Iteration#  7
FP
Class =  600
158-202.77.162.213-17.32773 and 116-24.6.102.196-6.1592

Iteration#  8
FP
Class =  115
158-202.77.162.213-17.32773 and 116-24.6.102.196-6.1592

Iteration#  9
FP
Class =  103
158-202.77.162.213-17.32773 and 116-24.6.102.196-6.1592

Iteration#  10
FP
Class =  903
158-202.77.162.213-17.32773 and 116-24.6.102.196-6.1592

Iteration#  11
FP
Class =  301
158-202.77.162.213-17.32773 and 116-24.6.102.196-6.1592

Iteration#  12
FP
Class =  900
158-202.77.162.213-17.32773 and 116-24.6.102.196-6.1592

Iteration#  13
FP
Class =  101
158-202.77.162.213-17.32773 and 116-24.6.102.196-6.1592

Iteration#  14
FP
Class =  157
158-202.77.162.213-17.32773 and 116-24.6.102.196-6.1592

Iteration#  15
FP
Class =  113
158-202.77.162.213-17.32773 and 116-24.6.102.196-6.1592

Iteration#  16
FP
Class =  706
158-202.77.162.213-17.32773 and 116-24.6.102.196-6.1592

Iteration#  17
FP
Class =  608
158-202.77.162.213-17.32773 and 116-24.6.102.196-6.1592

Iteration#  18
FP
Class =  106
158-202.77.162.213-17.32773 and 116-24.6.102.196-6.1592

Iteration#  19
FP
Class =  303
158-202.77.162.213-17.32773 and 116-24.6.102.196-6.1592

Iteration#  20
FP
Class =  100
158-202.77.162.213-17.32773 and 116-24.6.102.196-6.1592

Iteration#  21
FP
Class =  105
158-202.77.162.213-17.32773 and 116-24.6.102.196-6.1592

Iteration#  22
FP
Class =  605
158-202.77.162.213-17.32773 and 116-24.6.102.196-6.1592

Iteration#  23
FP
Class =  118
158-202.77.162.213-17.32773 and 116-24.6.102.196-6.1592

Iteration#  24
FP
Class =  702
158-202.77.162.213-17.32773 and 116-24.6.102.196-6.1592

Iteration#  25
FP
Class =  306
158-202.77.162.213-17.32773 and 116-24.6.102.196-6.1592

Iteration#  26
FP
Class =  905
158-202.77.162.213-17.32773 and 116-24.6.102.196-6.1592

Iteration#  27
FP
Class =  908
158-202.77.162.213-17.32773 and 116-24.6.102.196-6.1592

Iteration#  28
FP
Class =  907
158-202.77.162.213-17.32773 and 116-24.6.102.196-6.1592

Iteration#  29
FP
Class =  108
158-202.77.162.213-17.32773 and 116-24.6.102.196-6.1592

Iteration#  30
FP
Class =  107
158-202.77.162.213-17.32773 and 116-24.6.102.196-6.1592

Iteration#  31
FP
Class =  158
158-202.77.162.213-17.32773 and 116-24.6.102.196-6.1592
['158-202.77.162.213-17.32773', '302-192.168.10.101-6.1171', '1.05']


Iteration#  0
FP
Class =  107
158-202.77.162.213-17.32773 and 302-192.168.10.101-6.1171

Iteration#  1
FP
Class =  309
158-202.77.162.213-17.32773 and 302-192.168.10.101-6.1171

Iteration#  2
FP
Class =  114
158-202.77.162.213-17.32773 and 302-192.168.10.101-6.1171

Iteration#  3
FP
Class =  909
158-202.77.162.213-17.32773 and 302-192.168.10.101-6.1171

Iteration#  4
FP
Class =  119
158-202.77.162.213-17.32773 and 302-192.168.10.101-6.1171

Iteration#  5
FP
Class =  606
158-202.77.162.213-17.32773 and 302-192.168.10.101-6.1171

Iteration#  6
FP
Class =  103
158-202.77.162.213-17.32773 and 302-192.168.10.101-6.1171

Iteration#  7
FP
Class =  600
158-202.77.162.213-17.32773 and 302-192.168.10.101-6.1171

Iteration#  8
FP
Class =  115
158-202.77.162.213-17.32773 and 302-192.168.10.101-6.1171

Iteration#  9
FP
Class =  103
158-202.77.162.213-17.32773 and 302-192.168.10.101-6.1171

Iteration#  10
FP
Class =  903
158-202.77.162.213-17.32773 and 302-192.168.10.101-6.1171

Iteration#  11
FP
Class =  301
158-202.77.162.213-17.32773 and 302-192.168.10.101-6.1171

Iteration#  12
FP
Class =  900
158-202.77.162.213-17.32773 and 302-192.168.10.101-6.1171

Iteration#  13
FP
Class =  101
158-202.77.162.213-17.32773 and 302-192.168.10.101-6.1171

Iteration#  14
FP
Class =  157
158-202.77.162.213-17.32773 and 302-192.168.10.101-6.1171

Iteration#  15
FP
Class =  113
158-202.77.162.213-17.32773 and 302-192.168.10.101-6.1171

Iteration#  16
FP
Class =  706
158-202.77.162.213-17.32773 and 302-192.168.10.101-6.1171

Iteration#  17
FP
Class =  608
158-202.77.162.213-17.32773 and 302-192.168.10.101-6.1171

Iteration#  18
FP
Class =  106
158-202.77.162.213-17.32773 and 302-192.168.10.101-6.1171

Iteration#  19
FP
Class =  303
158-202.77.162.213-17.32773 and 302-192.168.10.101-6.1171

Iteration#  20
FP
Class =  100
158-202.77.162.213-17.32773 and 302-192.168.10.101-6.1171

Iteration#  21
FP
Class =  105
158-202.77.162.213-17.32773 and 302-192.168.10.101-6.1171

Iteration#  22
FP
Class =  605
158-202.77.162.213-17.32773 and 302-192.168.10.101-6.1171

Iteration#  23
FP
Class =  118
158-202.77.162.213-17.32773 and 302-192.168.10.101-6.1171

Iteration#  24
FP
Class =  702
158-202.77.162.213-17.32773 and 302-192.168.10.101-6.1171

Iteration#  25
FP
Class =  306
158-202.77.162.213-17.32773 and 302-192.168.10.101-6.1171

Iteration#  26
FP
Class =  905
158-202.77.162.213-17.32773 and 302-192.168.10.101-6.1171

Iteration#  27
FP
Class =  908
158-202.77.162.213-17.32773 and 302-192.168.10.101-6.1171

Iteration#  28
FP
Class =  907
158-202.77.162.213-17.32773 and 302-192.168.10.101-6.1171

Iteration#  29
FP
Class =  108
158-202.77.162.213-17.32773 and 302-192.168.10.101-6.1171

Iteration#  30
FP
Class =  107
158-202.77.162.213-17.32773 and 302-192.168.10.101-6.1171

Iteration#  31
FP
Class =  158
158-202.77.162.213-17.32773 and 302-192.168.10.101-6.1171
['158-202.77.162.213-17.32773', '801-218.232.95.60-17.1434', '1.09']


Iteration#  0
FP
Class =  107
158-202.77.162.213-17.32773 and 801-218.232.95.60-17.1434

Iteration#  1
FP
Class =  309
158-202.77.162.213-17.32773 and 801-218.232.95.60-17.1434

Iteration#  2
FP
Class =  114
158-202.77.162.213-17.32773 and 801-218.232.95.60-17.1434

Iteration#  3
FP
Class =  909
158-202.77.162.213-17.32773 and 801-218.232.95.60-17.1434

Iteration#  4
FP
Class =  119
158-202.77.162.213-17.32773 and 801-218.232.95.60-17.1434

Iteration#  5
FP
Class =  606
158-202.77.162.213-17.32773 and 801-218.232.95.60-17.1434

Iteration#  6
FP
Class =  103
158-202.77.162.213-17.32773 and 801-218.232.95.60-17.1434

Iteration#  7
FP
Class =  600
158-202.77.162.213-17.32773 and 801-218.232.95.60-17.1434

Iteration#  8
FP
Class =  115
158-202.77.162.213-17.32773 and 801-218.232.95.60-17.1434

Iteration#  9
FP
Class =  103
158-202.77.162.213-17.32773 and 801-218.232.95.60-17.1434

Iteration#  10
FP
Class =  903
158-202.77.162.213-17.32773 and 801-218.232.95.60-17.1434

Iteration#  11
FP
Class =  301
158-202.77.162.213-17.32773 and 801-218.232.95.60-17.1434

Iteration#  12
FP
Class =  900
158-202.77.162.213-17.32773 and 801-218.232.95.60-17.1434

Iteration#  13
FP
Class =  101
158-202.77.162.213-17.32773 and 801-218.232.95.60-17.1434

Iteration#  14
FP
Class =  157
158-202.77.162.213-17.32773 and 801-218.232.95.60-17.1434

Iteration#  15
FP
Class =  113
158-202.77.162.213-17.32773 and 801-218.232.95.60-17.1434

Iteration#  16
FP
Class =  706
158-202.77.162.213-17.32773 and 801-218.232.95.60-17.1434

Iteration#  17
FP
Class =  608
158-202.77.162.213-17.32773 and 801-218.232.95.60-17.1434

Iteration#  18
FP
Class =  106
158-202.77.162.213-17.32773 and 801-218.232.95.60-17.1434

Iteration#  19
FP
Class =  303
158-202.77.162.213-17.32773 and 801-218.232.95.60-17.1434

Iteration#  20
FP
Class =  100
158-202.77.162.213-17.32773 and 801-218.232.95.60-17.1434

Iteration#  21
FP
Class =  105
158-202.77.162.213-17.32773 and 801-218.232.95.60-17.1434

Iteration#  22
FP
Class =  605
158-202.77.162.213-17.32773 and 801-218.232.95.60-17.1434

Iteration#  23
FP
Class =  118
158-202.77.162.213-17.32773 and 801-218.232.95.60-17.1434

Iteration#  24
FP
Class =  702
158-202.77.162.213-17.32773 and 801-218.232.95.60-17.1434

Iteration#  25
FP
Class =  306
158-202.77.162.213-17.32773 and 801-218.232.95.60-17.1434

Iteration#  26
FP
Class =  905
158-202.77.162.213-17.32773 and 801-218.232.95.60-17.1434

Iteration#  27
FP
Class =  908
158-202.77.162.213-17.32773 and 801-218.232.95.60-17.1434

Iteration#  28
FP
Class =  907
158-202.77.162.213-17.32773 and 801-218.232.95.60-17.1434

Iteration#  29
FP
Class =  108
158-202.77.162.213-17.32773 and 801-218.232.95.60-17.1434

Iteration#  30
FP
Class =  107
158-202.77.162.213-17.32773 and 801-218.232.95.60-17.1434

Iteration#  31
FP
Class =  158
158-202.77.162.213-17.32773 and 801-218.232.95.60-17.1434
['158-202.77.162.213-17.32773', '906-192.168.10.125-6.80', '1.33']


Iteration#  0
FP
Class =  107
158-202.77.162.213-17.32773 and 906-192.168.10.125-6.80

Iteration#  1
FP
Class =  309
158-202.77.162.213-17.32773 and 906-192.168.10.125-6.80

Iteration#  2
FP
Class =  114
158-202.77.162.213-17.32773 and 906-192.168.10.125-6.80

Iteration#  3
FP
Class =  909
158-202.77.162.213-17.32773 and 906-192.168.10.125-6.80

Iteration#  4
FP
Class =  119
158-202.77.162.213-17.32773 and 906-192.168.10.125-6.80

Iteration#  5
FP
Class =  606
158-202.77.162.213-17.32773 and 906-192.168.10.125-6.80

Iteration#  6
FP
Class =  103
158-202.77.162.213-17.32773 and 906-192.168.10.125-6.80

Iteration#  7
FP
Class =  600
158-202.77.162.213-17.32773 and 906-192.168.10.125-6.80

Iteration#  8
FP
Class =  115
158-202.77.162.213-17.32773 and 906-192.168.10.125-6.80

Iteration#  9
FP
Class =  103
158-202.77.162.213-17.32773 and 906-192.168.10.125-6.80

Iteration#  10
FP
Class =  903
158-202.77.162.213-17.32773 and 906-192.168.10.125-6.80

Iteration#  11
FP
Class =  301
158-202.77.162.213-17.32773 and 906-192.168.10.125-6.80

Iteration#  12
FP
Class =  900
158-202.77.162.213-17.32773 and 906-192.168.10.125-6.80

Iteration#  13
FP
Class =  101
158-202.77.162.213-17.32773 and 906-192.168.10.125-6.80

Iteration#  14
FP
Class =  157
158-202.77.162.213-17.32773 and 906-192.168.10.125-6.80

Iteration#  15
FP
Class =  113
158-202.77.162.213-17.32773 and 906-192.168.10.125-6.80

Iteration#  16
FP
Class =  706
158-202.77.162.213-17.32773 and 906-192.168.10.125-6.80

Iteration#  17
FP
Class =  608
158-202.77.162.213-17.32773 and 906-192.168.10.125-6.80

Iteration#  18
FP
Class =  106
158-202.77.162.213-17.32773 and 906-192.168.10.125-6.80

Iteration#  19
FP
Class =  303
158-202.77.162.213-17.32773 and 906-192.168.10.125-6.80

Iteration#  20
FP
Class =  100
158-202.77.162.213-17.32773 and 906-192.168.10.125-6.80

Iteration#  21
FP
Class =  105
158-202.77.162.213-17.32773 and 906-192.168.10.125-6.80

Iteration#  22
FP
Class =  605
158-202.77.162.213-17.32773 and 906-192.168.10.125-6.80

Iteration#  23
FP
Class =  118
158-202.77.162.213-17.32773 and 906-192.168.10.125-6.80

Iteration#  24
FP
Class =  702
158-202.77.162.213-17.32773 and 906-192.168.10.125-6.80

Iteration#  25
FP
Class =  306
158-202.77.162.213-17.32773 and 906-192.168.10.125-6.80

Iteration#  26
FP
Class =  905
158-202.77.162.213-17.32773 and 906-192.168.10.125-6.80

Iteration#  27
FP
Class =  908
158-202.77.162.213-17.32773 and 906-192.168.10.125-6.80

Iteration#  28
FP
Class =  907
158-202.77.162.213-17.32773 and 906-192.168.10.125-6.80

Iteration#  29
FP
Class =  108
158-202.77.162.213-17.32773 and 906-192.168.10.125-6.80

Iteration#  30
FP
Class =  107
158-202.77.162.213-17.32773 and 906-192.168.10.125-6.80

Iteration#  31
FP
Class =  158
158-202.77.162.213-17.32773 and 906-192.168.10.125-6.80
['158-202.77.162.213-17.32773', '603-192.168.10.102-6.1180', '1.12']


Iteration#  0
FP
Class =  107
158-202.77.162.213-17.32773 and 603-192.168.10.102-6.1180

Iteration#  1
FP
Class =  309
158-202.77.162.213-17.32773 and 603-192.168.10.102-6.1180

Iteration#  2
FP
Class =  114
158-202.77.162.213-17.32773 and 603-192.168.10.102-6.1180

Iteration#  3
FP
Class =  909
158-202.77.162.213-17.32773 and 603-192.168.10.102-6.1180

Iteration#  4
FP
Class =  119
158-202.77.162.213-17.32773 and 603-192.168.10.102-6.1180

Iteration#  5
FP
Class =  606
158-202.77.162.213-17.32773 and 603-192.168.10.102-6.1180

Iteration#  6
FP
Class =  103
158-202.77.162.213-17.32773 and 603-192.168.10.102-6.1180

Iteration#  7
FP
Class =  600
158-202.77.162.213-17.32773 and 603-192.168.10.102-6.1180

Iteration#  8
FP
Class =  115
158-202.77.162.213-17.32773 and 603-192.168.10.102-6.1180

Iteration#  9
FP
Class =  103
158-202.77.162.213-17.32773 and 603-192.168.10.102-6.1180

Iteration#  10
FP
Class =  903
158-202.77.162.213-17.32773 and 603-192.168.10.102-6.1180

Iteration#  11
FP
Class =  301
158-202.77.162.213-17.32773 and 603-192.168.10.102-6.1180

Iteration#  12
FP
Class =  900
158-202.77.162.213-17.32773 and 603-192.168.10.102-6.1180

Iteration#  13
FP
Class =  101
158-202.77.162.213-17.32773 and 603-192.168.10.102-6.1180

Iteration#  14
FP
Class =  157
158-202.77.162.213-17.32773 and 603-192.168.10.102-6.1180

Iteration#  15
FP
Class =  113
158-202.77.162.213-17.32773 and 603-192.168.10.102-6.1180

Iteration#  16
FP
Class =  706
158-202.77.162.213-17.32773 and 603-192.168.10.102-6.1180

Iteration#  17
FP
Class =  608
158-202.77.162.213-17.32773 and 603-192.168.10.102-6.1180

Iteration#  18
FP
Class =  106
158-202.77.162.213-17.32773 and 603-192.168.10.102-6.1180

Iteration#  19
FP
Class =  303
158-202.77.162.213-17.32773 and 603-192.168.10.102-6.1180

Iteration#  20
FP
Class =  100
158-202.77.162.213-17.32773 and 603-192.168.10.102-6.1180

Iteration#  21
FP
Class =  105
158-202.77.162.213-17.32773 and 603-192.168.10.102-6.1180

Iteration#  22
FP
Class =  605
158-202.77.162.213-17.32773 and 603-192.168.10.102-6.1180

Iteration#  23
FP
Class =  118
158-202.77.162.213-17.32773 and 603-192.168.10.102-6.1180

Iteration#  24
FP
Class =  702
158-202.77.162.213-17.32773 and 603-192.168.10.102-6.1180

Iteration#  25
FP
Class =  306
158-202.77.162.213-17.32773 and 603-192.168.10.102-6.1180

Iteration#  26
FP
Class =  905
158-202.77.162.213-17.32773 and 603-192.168.10.102-6.1180

Iteration#  27
FP
Class =  908
158-202.77.162.213-17.32773 and 603-192.168.10.102-6.1180

Iteration#  28
FP
Class =  907
158-202.77.162.213-17.32773 and 603-192.168.10.102-6.1180

Iteration#  29
FP
Class =  108
158-202.77.162.213-17.32773 and 603-192.168.10.102-6.1180

Iteration#  30
FP
Class =  107
158-202.77.162.213-17.32773 and 603-192.168.10.102-6.1180

Iteration#  31
FP
Class =  158
158-202.77.162.213-17.32773 and 603-192.168.10.102-6.1180
['158-202.77.162.213-17.32773', '700-192.168.10.101-17.50334', '1.04']


Iteration#  0
FP
Class =  107
158-202.77.162.213-17.32773 and 700-192.168.10.101-17.50334

Iteration#  1
FP
Class =  309
158-202.77.162.213-17.32773 and 700-192.168.10.101-17.50334

Iteration#  2
FP
Class =  114
158-202.77.162.213-17.32773 and 700-192.168.10.101-17.50334

Iteration#  3
FP
Class =  909
158-202.77.162.213-17.32773 and 700-192.168.10.101-17.50334

Iteration#  4
FP
Class =  119
158-202.77.162.213-17.32773 and 700-192.168.10.101-17.50334

Iteration#  5
FP
Class =  606
158-202.77.162.213-17.32773 and 700-192.168.10.101-17.50334

Iteration#  6
FP
Class =  103
158-202.77.162.213-17.32773 and 700-192.168.10.101-17.50334

Iteration#  7
FP
Class =  600
158-202.77.162.213-17.32773 and 700-192.168.10.101-17.50334

Iteration#  8
FP
Class =  115
158-202.77.162.213-17.32773 and 700-192.168.10.101-17.50334

Iteration#  9
FP
Class =  103
158-202.77.162.213-17.32773 and 700-192.168.10.101-17.50334

Iteration#  10
FP
Class =  903
158-202.77.162.213-17.32773 and 700-192.168.10.101-17.50334

Iteration#  11
FP
Class =  301
158-202.77.162.213-17.32773 and 700-192.168.10.101-17.50334

Iteration#  12
FP
Class =  900
158-202.77.162.213-17.32773 and 700-192.168.10.101-17.50334

Iteration#  13
FP
Class =  101
158-202.77.162.213-17.32773 and 700-192.168.10.101-17.50334

Iteration#  14
FP
Class =  157
158-202.77.162.213-17.32773 and 700-192.168.10.101-17.50334

Iteration#  15
FP
Class =  113
158-202.77.162.213-17.32773 and 700-192.168.10.101-17.50334

Iteration#  16
FP
Class =  706
158-202.77.162.213-17.32773 and 700-192.168.10.101-17.50334

Iteration#  17
FP
Class =  608
158-202.77.162.213-17.32773 and 700-192.168.10.101-17.50334

Iteration#  18
FP
Class =  106
158-202.77.162.213-17.32773 and 700-192.168.10.101-17.50334

Iteration#  19
FP
Class =  303
158-202.77.162.213-17.32773 and 700-192.168.10.101-17.50334

Iteration#  20
FP
Class =  100
158-202.77.162.213-17.32773 and 700-192.168.10.101-17.50334

Iteration#  21
FP
Class =  105
158-202.77.162.213-17.32773 and 700-192.168.10.101-17.50334

Iteration#  22
FP
Class =  605
158-202.77.162.213-17.32773 and 700-192.168.10.101-17.50334

Iteration#  23
FP
Class =  118
158-202.77.162.213-17.32773 and 700-192.168.10.101-17.50334

Iteration#  24
FP
Class =  702
158-202.77.162.213-17.32773 and 700-192.168.10.101-17.50334

Iteration#  25
FP
Class =  306
158-202.77.162.213-17.32773 and 700-192.168.10.101-17.50334

Iteration#  26
FP
Class =  905
158-202.77.162.213-17.32773 and 700-192.168.10.101-17.50334

Iteration#  27
FP
Class =  908
158-202.77.162.213-17.32773 and 700-192.168.10.101-17.50334

Iteration#  28
FP
Class =  907
158-202.77.162.213-17.32773 and 700-192.168.10.101-17.50334

Iteration#  29
FP
Class =  108
158-202.77.162.213-17.32773 and 700-192.168.10.101-17.50334

Iteration#  30
FP
Class =  107
158-202.77.162.213-17.32773 and 700-192.168.10.101-17.50334

Iteration#  31
FP
Class =  158
158-202.77.162.213-17.32773 and 700-192.168.10.101-17.50334
['158-202.77.162.213-17.32773', '111-24.6.98.163-6.80', '1.1']


Iteration#  0
FP
Class =  107
158-202.77.162.213-17.32773 and 111-24.6.98.163-6.80

Iteration#  1
FP
Class =  309
158-202.77.162.213-17.32773 and 111-24.6.98.163-6.80

Iteration#  2
FP
Class =  114
158-202.77.162.213-17.32773 and 111-24.6.98.163-6.80

Iteration#  3
FP
Class =  909
158-202.77.162.213-17.32773 and 111-24.6.98.163-6.80

Iteration#  4
FP
Class =  119
158-202.77.162.213-17.32773 and 111-24.6.98.163-6.80

Iteration#  5
FP
Class =  606
158-202.77.162.213-17.32773 and 111-24.6.98.163-6.80

Iteration#  6
FP
Class =  103
158-202.77.162.213-17.32773 and 111-24.6.98.163-6.80

Iteration#  7
FP
Class =  600
158-202.77.162.213-17.32773 and 111-24.6.98.163-6.80

Iteration#  8
FP
Class =  115
158-202.77.162.213-17.32773 and 111-24.6.98.163-6.80

Iteration#  9
FP
Class =  103
158-202.77.162.213-17.32773 and 111-24.6.98.163-6.80

Iteration#  10
FP
Class =  903
158-202.77.162.213-17.32773 and 111-24.6.98.163-6.80

Iteration#  11
FP
Class =  301
158-202.77.162.213-17.32773 and 111-24.6.98.163-6.80

Iteration#  12
FP
Class =  900
158-202.77.162.213-17.32773 and 111-24.6.98.163-6.80

Iteration#  13
FP
Class =  101
158-202.77.162.213-17.32773 and 111-24.6.98.163-6.80

Iteration#  14
FP
Class =  157
158-202.77.162.213-17.32773 and 111-24.6.98.163-6.80

Iteration#  15
FP
Class =  113
158-202.77.162.213-17.32773 and 111-24.6.98.163-6.80

Iteration#  16
FP
Class =  706
158-202.77.162.213-17.32773 and 111-24.6.98.163-6.80

Iteration#  17
FP
Class =  608
158-202.77.162.213-17.32773 and 111-24.6.98.163-6.80

Iteration#  18
FP
Class =  106
158-202.77.162.213-17.32773 and 111-24.6.98.163-6.80

Iteration#  19
FP
Class =  303
158-202.77.162.213-17.32773 and 111-24.6.98.163-6.80

Iteration#  20
FP
Class =  100
158-202.77.162.213-17.32773 and 111-24.6.98.163-6.80

Iteration#  21
FP
Class =  105
158-202.77.162.213-17.32773 and 111-24.6.98.163-6.80

Iteration#  22
FP
Class =  605
158-202.77.162.213-17.32773 and 111-24.6.98.163-6.80

Iteration#  23
FP
Class =  118
158-202.77.162.213-17.32773 and 111-24.6.98.163-6.80

Iteration#  24
FP
Class =  702
158-202.77.162.213-17.32773 and 111-24.6.98.163-6.80

Iteration#  25
FP
Class =  306
158-202.77.162.213-17.32773 and 111-24.6.98.163-6.80

Iteration#  26
FP
Class =  905
158-202.77.162.213-17.32773 and 111-24.6.98.163-6.80

Iteration#  27
FP
Class =  908
158-202.77.162.213-17.32773 and 111-24.6.98.163-6.80

Iteration#  28
FP
Class =  907
158-202.77.162.213-17.32773 and 111-24.6.98.163-6.80

Iteration#  29
FP
Class =  108
158-202.77.162.213-17.32773 and 111-24.6.98.163-6.80

Iteration#  30
FP
Class =  107
158-202.77.162.213-17.32773 and 111-24.6.98.163-6.80

Iteration#  31
FP
Class =  158
158-202.77.162.213-17.32773 and 111-24.6.98.163-6.80
['158-202.77.162.213-17.32773', '304-192.168.10.101-6.1171', '1.06']


Iteration#  0
FP
Class =  107
158-202.77.162.213-17.32773 and 304-192.168.10.101-6.1171

Iteration#  1
FP
Class =  309
158-202.77.162.213-17.32773 and 304-192.168.10.101-6.1171

Iteration#  2
FP
Class =  114
158-202.77.162.213-17.32773 and 304-192.168.10.101-6.1171

Iteration#  3
FP
Class =  909
158-202.77.162.213-17.32773 and 304-192.168.10.101-6.1171

Iteration#  4
FP
Class =  119
158-202.77.162.213-17.32773 and 304-192.168.10.101-6.1171

Iteration#  5
FP
Class =  606
158-202.77.162.213-17.32773 and 304-192.168.10.101-6.1171

Iteration#  6
FP
Class =  103
158-202.77.162.213-17.32773 and 304-192.168.10.101-6.1171

Iteration#  7
FP
Class =  600
158-202.77.162.213-17.32773 and 304-192.168.10.101-6.1171

Iteration#  8
FP
Class =  115
158-202.77.162.213-17.32773 and 304-192.168.10.101-6.1171

Iteration#  9
FP
Class =  103
158-202.77.162.213-17.32773 and 304-192.168.10.101-6.1171

Iteration#  10
FP
Class =  903
158-202.77.162.213-17.32773 and 304-192.168.10.101-6.1171

Iteration#  11
FP
Class =  301
158-202.77.162.213-17.32773 and 304-192.168.10.101-6.1171

Iteration#  12
FP
Class =  900
158-202.77.162.213-17.32773 and 304-192.168.10.101-6.1171

Iteration#  13
FP
Class =  101
158-202.77.162.213-17.32773 and 304-192.168.10.101-6.1171

Iteration#  14
FP
Class =  157
158-202.77.162.213-17.32773 and 304-192.168.10.101-6.1171

Iteration#  15
FP
Class =  113
158-202.77.162.213-17.32773 and 304-192.168.10.101-6.1171

Iteration#  16
FP
Class =  706
158-202.77.162.213-17.32773 and 304-192.168.10.101-6.1171

Iteration#  17
FP
Class =  608
158-202.77.162.213-17.32773 and 304-192.168.10.101-6.1171

Iteration#  18
FP
Class =  106
158-202.77.162.213-17.32773 and 304-192.168.10.101-6.1171

Iteration#  19
FP
Class =  303
158-202.77.162.213-17.32773 and 304-192.168.10.101-6.1171

Iteration#  20
FP
Class =  100
158-202.77.162.213-17.32773 and 304-192.168.10.101-6.1171

Iteration#  21
FP
Class =  105
158-202.77.162.213-17.32773 and 304-192.168.10.101-6.1171

Iteration#  22
FP
Class =  605
158-202.77.162.213-17.32773 and 304-192.168.10.101-6.1171

Iteration#  23
FP
Class =  118
158-202.77.162.213-17.32773 and 304-192.168.10.101-6.1171

Iteration#  24
FP
Class =  702
158-202.77.162.213-17.32773 and 304-192.168.10.101-6.1171

Iteration#  25
FP
Class =  306
158-202.77.162.213-17.32773 and 304-192.168.10.101-6.1171

Iteration#  26
FP
Class =  905
158-202.77.162.213-17.32773 and 304-192.168.10.101-6.1171

Iteration#  27
FP
Class =  908
158-202.77.162.213-17.32773 and 304-192.168.10.101-6.1171

Iteration#  28
FP
Class =  907
158-202.77.162.213-17.32773 and 304-192.168.10.101-6.1171

Iteration#  29
FP
Class =  108
158-202.77.162.213-17.32773 and 304-192.168.10.101-6.1171

Iteration#  30
FP
Class =  107
158-202.77.162.213-17.32773 and 304-192.168.10.101-6.1171

Iteration#  31
FP
Class =  158
158-202.77.162.213-17.32773 and 304-192.168.10.101-6.1171
['158-202.77.162.213-17.32773', '607-192.168.10.126-6.110', '1.02']


Iteration#  0
FP
Class =  107
158-202.77.162.213-17.32773 and 607-192.168.10.126-6.110

Iteration#  1
FP
Class =  309
158-202.77.162.213-17.32773 and 607-192.168.10.126-6.110

Iteration#  2
FP
Class =  114
158-202.77.162.213-17.32773 and 607-192.168.10.126-6.110

Iteration#  3
FP
Class =  909
158-202.77.162.213-17.32773 and 607-192.168.10.126-6.110

Iteration#  4
FP
Class =  119
158-202.77.162.213-17.32773 and 607-192.168.10.126-6.110

Iteration#  5
FP
Class =  606
158-202.77.162.213-17.32773 and 607-192.168.10.126-6.110

Iteration#  6
FP
Class =  103
158-202.77.162.213-17.32773 and 607-192.168.10.126-6.110

Iteration#  7
FP
Class =  600
158-202.77.162.213-17.32773 and 607-192.168.10.126-6.110

Iteration#  8
FP
Class =  115
158-202.77.162.213-17.32773 and 607-192.168.10.126-6.110

Iteration#  9
FP
Class =  103
158-202.77.162.213-17.32773 and 607-192.168.10.126-6.110

Iteration#  10
FP
Class =  903
158-202.77.162.213-17.32773 and 607-192.168.10.126-6.110

Iteration#  11
FP
Class =  301
158-202.77.162.213-17.32773 and 607-192.168.10.126-6.110

Iteration#  12
FP
Class =  900
158-202.77.162.213-17.32773 and 607-192.168.10.126-6.110

Iteration#  13
FP
Class =  101
158-202.77.162.213-17.32773 and 607-192.168.10.126-6.110

Iteration#  14
FP
Class =  157
158-202.77.162.213-17.32773 and 607-192.168.10.126-6.110

Iteration#  15
FP
Class =  113
158-202.77.162.213-17.32773 and 607-192.168.10.126-6.110

Iteration#  16
FP
Class =  706
158-202.77.162.213-17.32773 and 607-192.168.10.126-6.110

Iteration#  17
FP
Class =  608
158-202.77.162.213-17.32773 and 607-192.168.10.126-6.110

Iteration#  18
FP
Class =  106
158-202.77.162.213-17.32773 and 607-192.168.10.126-6.110

Iteration#  19
FP
Class =  303
158-202.77.162.213-17.32773 and 607-192.168.10.126-6.110

Iteration#  20
FP
Class =  100
158-202.77.162.213-17.32773 and 607-192.168.10.126-6.110

Iteration#  21
FP
Class =  105
158-202.77.162.213-17.32773 and 607-192.168.10.126-6.110

Iteration#  22
FP
Class =  605
158-202.77.162.213-17.32773 and 607-192.168.10.126-6.110

Iteration#  23
FP
Class =  118
158-202.77.162.213-17.32773 and 607-192.168.10.126-6.110

Iteration#  24
FP
Class =  702
158-202.77.162.213-17.32773 and 607-192.168.10.126-6.110

Iteration#  25
FP
Class =  306
158-202.77.162.213-17.32773 and 607-192.168.10.126-6.110

Iteration#  26
FP
Class =  905
158-202.77.162.213-17.32773 and 607-192.168.10.126-6.110

Iteration#  27
FP
Class =  908
158-202.77.162.213-17.32773 and 607-192.168.10.126-6.110

Iteration#  28
FP
Class =  907
158-202.77.162.213-17.32773 and 607-192.168.10.126-6.110

Iteration#  29
FP
Class =  108
158-202.77.162.213-17.32773 and 607-192.168.10.126-6.110

Iteration#  30
FP
Class =  107
158-202.77.162.213-17.32773 and 607-192.168.10.126-6.110

Iteration#  31
FP
Class =  158
158-202.77.162.213-17.32773 and 607-192.168.10.126-6.110
['158-202.77.162.213-17.32773', '800-213.76.212.22-17.1434', '1.1']


Iteration#  0
FP
Class =  107
158-202.77.162.213-17.32773 and 800-213.76.212.22-17.1434

Iteration#  1
FP
Class =  309
158-202.77.162.213-17.32773 and 800-213.76.212.22-17.1434

Iteration#  2
FP
Class =  114
158-202.77.162.213-17.32773 and 800-213.76.212.22-17.1434

Iteration#  3
FP
Class =  909
158-202.77.162.213-17.32773 and 800-213.76.212.22-17.1434

Iteration#  4
FP
Class =  119
158-202.77.162.213-17.32773 and 800-213.76.212.22-17.1434

Iteration#  5
FP
Class =  606
158-202.77.162.213-17.32773 and 800-213.76.212.22-17.1434

Iteration#  6
FP
Class =  103
158-202.77.162.213-17.32773 and 800-213.76.212.22-17.1434

Iteration#  7
FP
Class =  600
158-202.77.162.213-17.32773 and 800-213.76.212.22-17.1434

Iteration#  8
FP
Class =  115
158-202.77.162.213-17.32773 and 800-213.76.212.22-17.1434

Iteration#  9
FP
Class =  103
158-202.77.162.213-17.32773 and 800-213.76.212.22-17.1434

Iteration#  10
FP
Class =  903
158-202.77.162.213-17.32773 and 800-213.76.212.22-17.1434

Iteration#  11
FP
Class =  301
158-202.77.162.213-17.32773 and 800-213.76.212.22-17.1434

Iteration#  12
FP
Class =  900
158-202.77.162.213-17.32773 and 800-213.76.212.22-17.1434

Iteration#  13
FP
Class =  101
158-202.77.162.213-17.32773 and 800-213.76.212.22-17.1434

Iteration#  14
FP
Class =  157
158-202.77.162.213-17.32773 and 800-213.76.212.22-17.1434

Iteration#  15
FP
Class =  113
158-202.77.162.213-17.32773 and 800-213.76.212.22-17.1434

Iteration#  16
FP
Class =  706
158-202.77.162.213-17.32773 and 800-213.76.212.22-17.1434

Iteration#  17
FP
Class =  608
158-202.77.162.213-17.32773 and 800-213.76.212.22-17.1434

Iteration#  18
FP
Class =  106
158-202.77.162.213-17.32773 and 800-213.76.212.22-17.1434

Iteration#  19
FP
Class =  303
158-202.77.162.213-17.32773 and 800-213.76.212.22-17.1434

Iteration#  20
FP
Class =  100
158-202.77.162.213-17.32773 and 800-213.76.212.22-17.1434

Iteration#  21
FP
Class =  105
158-202.77.162.213-17.32773 and 800-213.76.212.22-17.1434

Iteration#  22
FP
Class =  605
158-202.77.162.213-17.32773 and 800-213.76.212.22-17.1434

Iteration#  23
FP
Class =  118
158-202.77.162.213-17.32773 and 800-213.76.212.22-17.1434

Iteration#  24
FP
Class =  702
158-202.77.162.213-17.32773 and 800-213.76.212.22-17.1434

Iteration#  25
FP
Class =  306
158-202.77.162.213-17.32773 and 800-213.76.212.22-17.1434

Iteration#  26
FP
Class =  905
158-202.77.162.213-17.32773 and 800-213.76.212.22-17.1434

Iteration#  27
FP
Class =  908
158-202.77.162.213-17.32773 and 800-213.76.212.22-17.1434

Iteration#  28
FP
Class =  907
158-202.77.162.213-17.32773 and 800-213.76.212.22-17.1434

Iteration#  29
FP
Class =  108
158-202.77.162.213-17.32773 and 800-213.76.212.22-17.1434

Iteration#  30
FP
Class =  107
158-202.77.162.213-17.32773 and 800-213.76.212.22-17.1434

Iteration#  31
FP
Class =  158
158-202.77.162.213-17.32773 and 800-213.76.212.22-17.1434
['158-202.77.162.213-17.32773', '154-24.6.98.163-6.80', '1.09']


Iteration#  0
FP
Class =  107
158-202.77.162.213-17.32773 and 154-24.6.98.163-6.80

Iteration#  1
FP
Class =  309
158-202.77.162.213-17.32773 and 154-24.6.98.163-6.80

Iteration#  2
FP
Class =  114
158-202.77.162.213-17.32773 and 154-24.6.98.163-6.80

Iteration#  3
FP
Class =  909
158-202.77.162.213-17.32773 and 154-24.6.98.163-6.80

Iteration#  4
FP
Class =  119
158-202.77.162.213-17.32773 and 154-24.6.98.163-6.80

Iteration#  5
FP
Class =  606
158-202.77.162.213-17.32773 and 154-24.6.98.163-6.80

Iteration#  6
FP
Class =  103
158-202.77.162.213-17.32773 and 154-24.6.98.163-6.80

Iteration#  7
FP
Class =  600
158-202.77.162.213-17.32773 and 154-24.6.98.163-6.80

Iteration#  8
FP
Class =  115
158-202.77.162.213-17.32773 and 154-24.6.98.163-6.80

Iteration#  9
FP
Class =  103
158-202.77.162.213-17.32773 and 154-24.6.98.163-6.80

Iteration#  10
FP
Class =  903
158-202.77.162.213-17.32773 and 154-24.6.98.163-6.80

Iteration#  11
FP
Class =  301
158-202.77.162.213-17.32773 and 154-24.6.98.163-6.80

Iteration#  12
FP
Class =  900
158-202.77.162.213-17.32773 and 154-24.6.98.163-6.80

Iteration#  13
FP
Class =  101
158-202.77.162.213-17.32773 and 154-24.6.98.163-6.80

Iteration#  14
FP
Class =  157
158-202.77.162.213-17.32773 and 154-24.6.98.163-6.80

Iteration#  15
FP
Class =  113
158-202.77.162.213-17.32773 and 154-24.6.98.163-6.80

Iteration#  16
FP
Class =  706
158-202.77.162.213-17.32773 and 154-24.6.98.163-6.80

Iteration#  17
FP
Class =  608
158-202.77.162.213-17.32773 and 154-24.6.98.163-6.80

Iteration#  18
FP
Class =  106
158-202.77.162.213-17.32773 and 154-24.6.98.163-6.80

Iteration#  19
FP
Class =  303
158-202.77.162.213-17.32773 and 154-24.6.98.163-6.80

Iteration#  20
FP
Class =  100
158-202.77.162.213-17.32773 and 154-24.6.98.163-6.80

Iteration#  21
FP
Class =  105
158-202.77.162.213-17.32773 and 154-24.6.98.163-6.80

Iteration#  22
FP
Class =  605
158-202.77.162.213-17.32773 and 154-24.6.98.163-6.80

Iteration#  23
FP
Class =  118
158-202.77.162.213-17.32773 and 154-24.6.98.163-6.80

Iteration#  24
FP
Class =  702
158-202.77.162.213-17.32773 and 154-24.6.98.163-6.80

Iteration#  25
FP
Class =  306
158-202.77.162.213-17.32773 and 154-24.6.98.163-6.80

Iteration#  26
FP
Class =  905
158-202.77.162.213-17.32773 and 154-24.6.98.163-6.80

Iteration#  27
FP
Class =  908
158-202.77.162.213-17.32773 and 154-24.6.98.163-6.80

Iteration#  28
FP
Class =  907
158-202.77.162.213-17.32773 and 154-24.6.98.163-6.80

Iteration#  29
FP
Class =  108
158-202.77.162.213-17.32773 and 154-24.6.98.163-6.80

Iteration#  30
FP
Class =  107
158-202.77.162.213-17.32773 and 154-24.6.98.163-6.80

Iteration#  31
FP
Class =  158
158-202.77.162.213-17.32773 and 154-24.6.98.163-6.80
['158-202.77.162.213-17.32773', '701-192.168.10.102-17.53', '0.98']


Iteration#  0
FP
Class =  107
158-202.77.162.213-17.32773 and 701-192.168.10.102-17.53

Iteration#  1
FP
Class =  309
158-202.77.162.213-17.32773 and 701-192.168.10.102-17.53

Iteration#  2
FP
Class =  114
158-202.77.162.213-17.32773 and 701-192.168.10.102-17.53

Iteration#  3
FP
Class =  909
158-202.77.162.213-17.32773 and 701-192.168.10.102-17.53

Iteration#  4
FP
Class =  119
158-202.77.162.213-17.32773 and 701-192.168.10.102-17.53

Iteration#  5
FP
Class =  606
158-202.77.162.213-17.32773 and 701-192.168.10.102-17.53

Iteration#  6
FP
Class =  103
158-202.77.162.213-17.32773 and 701-192.168.10.102-17.53

Iteration#  7
FP
Class =  600
158-202.77.162.213-17.32773 and 701-192.168.10.102-17.53

Iteration#  8
FP
Class =  115
158-202.77.162.213-17.32773 and 701-192.168.10.102-17.53

Iteration#  9
FP
Class =  103
158-202.77.162.213-17.32773 and 701-192.168.10.102-17.53

Iteration#  10
FP
Class =  903
158-202.77.162.213-17.32773 and 701-192.168.10.102-17.53

Iteration#  11
FP
Class =  301
158-202.77.162.213-17.32773 and 701-192.168.10.102-17.53

Iteration#  12
FP
Class =  900
158-202.77.162.213-17.32773 and 701-192.168.10.102-17.53

Iteration#  13
FP
Class =  101
158-202.77.162.213-17.32773 and 701-192.168.10.102-17.53

Iteration#  14
FP
Class =  157
158-202.77.162.213-17.32773 and 701-192.168.10.102-17.53

Iteration#  15
FP
Class =  113
158-202.77.162.213-17.32773 and 701-192.168.10.102-17.53

Iteration#  16
FP
Class =  706
158-202.77.162.213-17.32773 and 701-192.168.10.102-17.53

Iteration#  17
FP
Class =  608
158-202.77.162.213-17.32773 and 701-192.168.10.102-17.53

Iteration#  18
FP
Class =  106
158-202.77.162.213-17.32773 and 701-192.168.10.102-17.53

Iteration#  19
FP
Class =  303
158-202.77.162.213-17.32773 and 701-192.168.10.102-17.53

Iteration#  20
FP
Class =  100
158-202.77.162.213-17.32773 and 701-192.168.10.102-17.53

Iteration#  21
FP
Class =  105
158-202.77.162.213-17.32773 and 701-192.168.10.102-17.53

Iteration#  22
FP
Class =  605
158-202.77.162.213-17.32773 and 701-192.168.10.102-17.53

Iteration#  23
FP
Class =  118
158-202.77.162.213-17.32773 and 701-192.168.10.102-17.53

Iteration#  24
FP
Class =  702
158-202.77.162.213-17.32773 and 701-192.168.10.102-17.53

Iteration#  25
FP
Class =  306
158-202.77.162.213-17.32773 and 701-192.168.10.102-17.53

Iteration#  26
FP
Class =  905
158-202.77.162.213-17.32773 and 701-192.168.10.102-17.53

Iteration#  27
FP
Class =  908
158-202.77.162.213-17.32773 and 701-192.168.10.102-17.53

Iteration#  28
FP
Class =  907
158-202.77.162.213-17.32773 and 701-192.168.10.102-17.53

Iteration#  29
FP
Class =  108
158-202.77.162.213-17.32773 and 701-192.168.10.102-17.53

Iteration#  30
FP
Class =  107
158-202.77.162.213-17.32773 and 701-192.168.10.102-17.53

Iteration#  31
FP
Class =  158
158-202.77.162.213-17.32773 and 701-192.168.10.102-17.53
['158-202.77.162.213-17.32773', '705-192.168.10.102-6.25', '1.05']


Iteration#  0
FP
Class =  107
158-202.77.162.213-17.32773 and 705-192.168.10.102-6.25

Iteration#  1
FP
Class =  309
158-202.77.162.213-17.32773 and 705-192.168.10.102-6.25

Iteration#  2
FP
Class =  114
158-202.77.162.213-17.32773 and 705-192.168.10.102-6.25

Iteration#  3
FP
Class =  909
158-202.77.162.213-17.32773 and 705-192.168.10.102-6.25

Iteration#  4
FP
Class =  119
158-202.77.162.213-17.32773 and 705-192.168.10.102-6.25

Iteration#  5
FP
Class =  606
158-202.77.162.213-17.32773 and 705-192.168.10.102-6.25

Iteration#  6
FP
Class =  103
158-202.77.162.213-17.32773 and 705-192.168.10.102-6.25

Iteration#  7
FP
Class =  600
158-202.77.162.213-17.32773 and 705-192.168.10.102-6.25

Iteration#  8
FP
Class =  115
158-202.77.162.213-17.32773 and 705-192.168.10.102-6.25

Iteration#  9
FP
Class =  103
158-202.77.162.213-17.32773 and 705-192.168.10.102-6.25

Iteration#  10
FP
Class =  903
158-202.77.162.213-17.32773 and 705-192.168.10.102-6.25

Iteration#  11
FP
Class =  301
158-202.77.162.213-17.32773 and 705-192.168.10.102-6.25

Iteration#  12
FP
Class =  900
158-202.77.162.213-17.32773 and 705-192.168.10.102-6.25

Iteration#  13
FP
Class =  101
158-202.77.162.213-17.32773 and 705-192.168.10.102-6.25

Iteration#  14
FP
Class =  157
158-202.77.162.213-17.32773 and 705-192.168.10.102-6.25

Iteration#  15
FP
Class =  113
158-202.77.162.213-17.32773 and 705-192.168.10.102-6.25

Iteration#  16
FP
Class =  706
158-202.77.162.213-17.32773 and 705-192.168.10.102-6.25

Iteration#  17
FP
Class =  608
158-202.77.162.213-17.32773 and 705-192.168.10.102-6.25

Iteration#  18
FP
Class =  106
158-202.77.162.213-17.32773 and 705-192.168.10.102-6.25

Iteration#  19
FP
Class =  303
158-202.77.162.213-17.32773 and 705-192.168.10.102-6.25

Iteration#  20
FP
Class =  100
158-202.77.162.213-17.32773 and 705-192.168.10.102-6.25

Iteration#  21
FP
Class =  105
158-202.77.162.213-17.32773 and 705-192.168.10.102-6.25

Iteration#  22
FP
Class =  605
158-202.77.162.213-17.32773 and 705-192.168.10.102-6.25

Iteration#  23
FP
Class =  118
158-202.77.162.213-17.32773 and 705-192.168.10.102-6.25

Iteration#  24
FP
Class =  702
158-202.77.162.213-17.32773 and 705-192.168.10.102-6.25

Iteration#  25
FP
Class =  306
158-202.77.162.213-17.32773 and 705-192.168.10.102-6.25

Iteration#  26
FP
Class =  905
158-202.77.162.213-17.32773 and 705-192.168.10.102-6.25

Iteration#  27
FP
Class =  908
158-202.77.162.213-17.32773 and 705-192.168.10.102-6.25

Iteration#  28
FP
Class =  907
158-202.77.162.213-17.32773 and 705-192.168.10.102-6.25

Iteration#  29
FP
Class =  108
158-202.77.162.213-17.32773 and 705-192.168.10.102-6.25

Iteration#  30
FP
Class =  107
158-202.77.162.213-17.32773 and 705-192.168.10.102-6.25

Iteration#  31
FP
Class =  158
158-202.77.162.213-17.32773 and 705-192.168.10.102-6.25
['158-202.77.162.213-17.32773', '901-192.168.10.125-6.80', '1.32']


Iteration#  0
FP
Class =  107
158-202.77.162.213-17.32773 and 901-192.168.10.125-6.80

Iteration#  1
FP
Class =  309
158-202.77.162.213-17.32773 and 901-192.168.10.125-6.80

Iteration#  2
FP
Class =  114
158-202.77.162.213-17.32773 and 901-192.168.10.125-6.80

Iteration#  3
FP
Class =  909
158-202.77.162.213-17.32773 and 901-192.168.10.125-6.80

Iteration#  4
FP
Class =  119
158-202.77.162.213-17.32773 and 901-192.168.10.125-6.80

Iteration#  5
FP
Class =  606
158-202.77.162.213-17.32773 and 901-192.168.10.125-6.80

Iteration#  6
FP
Class =  103
158-202.77.162.213-17.32773 and 901-192.168.10.125-6.80

Iteration#  7
FP
Class =  600
158-202.77.162.213-17.32773 and 901-192.168.10.125-6.80

Iteration#  8
FP
Class =  115
158-202.77.162.213-17.32773 and 901-192.168.10.125-6.80

Iteration#  9
FP
Class =  103
158-202.77.162.213-17.32773 and 901-192.168.10.125-6.80

Iteration#  10
FP
Class =  903
158-202.77.162.213-17.32773 and 901-192.168.10.125-6.80

Iteration#  11
FP
Class =  301
158-202.77.162.213-17.32773 and 901-192.168.10.125-6.80

Iteration#  12
FP
Class =  900
158-202.77.162.213-17.32773 and 901-192.168.10.125-6.80

Iteration#  13
FP
Class =  101
158-202.77.162.213-17.32773 and 901-192.168.10.125-6.80

Iteration#  14
FP
Class =  157
158-202.77.162.213-17.32773 and 901-192.168.10.125-6.80

Iteration#  15
FP
Class =  113
158-202.77.162.213-17.32773 and 901-192.168.10.125-6.80

Iteration#  16
FP
Class =  706
158-202.77.162.213-17.32773 and 901-192.168.10.125-6.80

Iteration#  17
FP
Class =  608
158-202.77.162.213-17.32773 and 901-192.168.10.125-6.80

Iteration#  18
FP
Class =  106
158-202.77.162.213-17.32773 and 901-192.168.10.125-6.80

Iteration#  19
FP
Class =  303
158-202.77.162.213-17.32773 and 901-192.168.10.125-6.80

Iteration#  20
FP
Class =  100
158-202.77.162.213-17.32773 and 901-192.168.10.125-6.80

Iteration#  21
FP
Class =  105
158-202.77.162.213-17.32773 and 901-192.168.10.125-6.80

Iteration#  22
FP
Class =  605
158-202.77.162.213-17.32773 and 901-192.168.10.125-6.80

Iteration#  23
FP
Class =  118
158-202.77.162.213-17.32773 and 901-192.168.10.125-6.80

Iteration#  24
FP
Class =  702
158-202.77.162.213-17.32773 and 901-192.168.10.125-6.80

Iteration#  25
FP
Class =  306
158-202.77.162.213-17.32773 and 901-192.168.10.125-6.80

Iteration#  26
FP
Class =  905
158-202.77.162.213-17.32773 and 901-192.168.10.125-6.80

Iteration#  27
FP
Class =  908
158-202.77.162.213-17.32773 and 901-192.168.10.125-6.80

Iteration#  28
FP
Class =  907
158-202.77.162.213-17.32773 and 901-192.168.10.125-6.80

Iteration#  29
FP
Class =  108
158-202.77.162.213-17.32773 and 901-192.168.10.125-6.80

Iteration#  30
FP
Class =  107
158-202.77.162.213-17.32773 and 901-192.168.10.125-6.80

Iteration#  31
FP
Class =  158
158-202.77.162.213-17.32773 and 901-192.168.10.125-6.80
['158-202.77.162.213-17.32773', '308-192.168.10.101-6.1171', '1.05']


Iteration#  0
FP
Class =  107
158-202.77.162.213-17.32773 and 308-192.168.10.101-6.1171

Iteration#  1
FP
Class =  309
158-202.77.162.213-17.32773 and 308-192.168.10.101-6.1171

Iteration#  2
FP
Class =  114
158-202.77.162.213-17.32773 and 308-192.168.10.101-6.1171

Iteration#  3
FP
Class =  909
158-202.77.162.213-17.32773 and 308-192.168.10.101-6.1171

Iteration#  4
FP
Class =  119
158-202.77.162.213-17.32773 and 308-192.168.10.101-6.1171

Iteration#  5
FP
Class =  606
158-202.77.162.213-17.32773 and 308-192.168.10.101-6.1171

Iteration#  6
FP
Class =  103
158-202.77.162.213-17.32773 and 308-192.168.10.101-6.1171

Iteration#  7
FP
Class =  600
158-202.77.162.213-17.32773 and 308-192.168.10.101-6.1171

Iteration#  8
FP
Class =  115
158-202.77.162.213-17.32773 and 308-192.168.10.101-6.1171

Iteration#  9
FP
Class =  103
158-202.77.162.213-17.32773 and 308-192.168.10.101-6.1171

Iteration#  10
FP
Class =  903
158-202.77.162.213-17.32773 and 308-192.168.10.101-6.1171

Iteration#  11
FP
Class =  301
158-202.77.162.213-17.32773 and 308-192.168.10.101-6.1171

Iteration#  12
FP
Class =  900
158-202.77.162.213-17.32773 and 308-192.168.10.101-6.1171

Iteration#  13
FP
Class =  101
158-202.77.162.213-17.32773 and 308-192.168.10.101-6.1171

Iteration#  14
FP
Class =  157
158-202.77.162.213-17.32773 and 308-192.168.10.101-6.1171

Iteration#  15
FP
Class =  113
158-202.77.162.213-17.32773 and 308-192.168.10.101-6.1171

Iteration#  16
FP
Class =  706
158-202.77.162.213-17.32773 and 308-192.168.10.101-6.1171

Iteration#  17
FP
Class =  608
158-202.77.162.213-17.32773 and 308-192.168.10.101-6.1171

Iteration#  18
FP
Class =  106
158-202.77.162.213-17.32773 and 308-192.168.10.101-6.1171

Iteration#  19
FP
Class =  303
158-202.77.162.213-17.32773 and 308-192.168.10.101-6.1171

Iteration#  20
FP
Class =  100
158-202.77.162.213-17.32773 and 308-192.168.10.101-6.1171

Iteration#  21
FP
Class =  105
158-202.77.162.213-17.32773 and 308-192.168.10.101-6.1171

Iteration#  22
FP
Class =  605
158-202.77.162.213-17.32773 and 308-192.168.10.101-6.1171

Iteration#  23
FP
Class =  118
158-202.77.162.213-17.32773 and 308-192.168.10.101-6.1171

Iteration#  24
FP
Class =  702
158-202.77.162.213-17.32773 and 308-192.168.10.101-6.1171

Iteration#  25
FP
Class =  306
158-202.77.162.213-17.32773 and 308-192.168.10.101-6.1171

Iteration#  26
FP
Class =  905
158-202.77.162.213-17.32773 and 308-192.168.10.101-6.1171

Iteration#  27
FP
Class =  908
158-202.77.162.213-17.32773 and 308-192.168.10.101-6.1171

Iteration#  28
FP
Class =  907
158-202.77.162.213-17.32773 and 308-192.168.10.101-6.1171

Iteration#  29
FP
Class =  108
158-202.77.162.213-17.32773 and 308-192.168.10.101-6.1171

Iteration#  30
FP
Class =  107
158-202.77.162.213-17.32773 and 308-192.168.10.101-6.1171

Iteration#  31
FP
Class =  158
158-202.77.162.213-17.32773 and 308-192.168.10.101-6.1171
['158-202.77.162.213-17.32773', '102-24.6.98.163-6.80', '1.09']


Iteration#  0
FP
Class =  107
158-202.77.162.213-17.32773 and 102-24.6.98.163-6.80

Iteration#  1
FP
Class =  309
158-202.77.162.213-17.32773 and 102-24.6.98.163-6.80

Iteration#  2
FP
Class =  114
158-202.77.162.213-17.32773 and 102-24.6.98.163-6.80

Iteration#  3
FP
Class =  909
158-202.77.162.213-17.32773 and 102-24.6.98.163-6.80

Iteration#  4
FP
Class =  119
158-202.77.162.213-17.32773 and 102-24.6.98.163-6.80

Iteration#  5
FP
Class =  606
158-202.77.162.213-17.32773 and 102-24.6.98.163-6.80

Iteration#  6
FP
Class =  103
158-202.77.162.213-17.32773 and 102-24.6.98.163-6.80

Iteration#  7
FP
Class =  600
158-202.77.162.213-17.32773 and 102-24.6.98.163-6.80

Iteration#  8
FP
Class =  115
158-202.77.162.213-17.32773 and 102-24.6.98.163-6.80

Iteration#  9
FP
Class =  103
158-202.77.162.213-17.32773 and 102-24.6.98.163-6.80

Iteration#  10
FP
Class =  903
158-202.77.162.213-17.32773 and 102-24.6.98.163-6.80

Iteration#  11
FP
Class =  301
158-202.77.162.213-17.32773 and 102-24.6.98.163-6.80

Iteration#  12
FP
Class =  900
158-202.77.162.213-17.32773 and 102-24.6.98.163-6.80

Iteration#  13
FP
Class =  101
158-202.77.162.213-17.32773 and 102-24.6.98.163-6.80

Iteration#  14
FP
Class =  157
158-202.77.162.213-17.32773 and 102-24.6.98.163-6.80

Iteration#  15
FP
Class =  113
158-202.77.162.213-17.32773 and 102-24.6.98.163-6.80

Iteration#  16
FP
Class =  706
158-202.77.162.213-17.32773 and 102-24.6.98.163-6.80

Iteration#  17
FP
Class =  608
158-202.77.162.213-17.32773 and 102-24.6.98.163-6.80

Iteration#  18
FP
Class =  106
158-202.77.162.213-17.32773 and 102-24.6.98.163-6.80

Iteration#  19
FP
Class =  303
158-202.77.162.213-17.32773 and 102-24.6.98.163-6.80

Iteration#  20
FP
Class =  100
158-202.77.162.213-17.32773 and 102-24.6.98.163-6.80

Iteration#  21
FP
Class =  105
158-202.77.162.213-17.32773 and 102-24.6.98.163-6.80

Iteration#  22
FP
Class =  605
158-202.77.162.213-17.32773 and 102-24.6.98.163-6.80

Iteration#  23
FP
Class =  118
158-202.77.162.213-17.32773 and 102-24.6.98.163-6.80

Iteration#  24
FP
Class =  702
158-202.77.162.213-17.32773 and 102-24.6.98.163-6.80

Iteration#  25
FP
Class =  306
158-202.77.162.213-17.32773 and 102-24.6.98.163-6.80

Iteration#  26
FP
Class =  905
158-202.77.162.213-17.32773 and 102-24.6.98.163-6.80

Iteration#  27
FP
Class =  908
158-202.77.162.213-17.32773 and 102-24.6.98.163-6.80

Iteration#  28
FP
Class =  907
158-202.77.162.213-17.32773 and 102-24.6.98.163-6.80

Iteration#  29
FP
Class =  108
158-202.77.162.213-17.32773 and 102-24.6.98.163-6.80

Iteration#  30
FP
Class =  107
158-202.77.162.213-17.32773 and 102-24.6.98.163-6.80

Iteration#  31
FP
Class =  158
158-202.77.162.213-17.32773 and 102-24.6.98.163-6.80
['158-202.77.162.213-17.32773', '104-24.6.102.196-6.1585', '1.29']


Iteration#  0
FP
Class =  107
158-202.77.162.213-17.32773 and 104-24.6.102.196-6.1585

Iteration#  1
FP
Class =  309
158-202.77.162.213-17.32773 and 104-24.6.102.196-6.1585

Iteration#  2
FP
Class =  114
158-202.77.162.213-17.32773 and 104-24.6.102.196-6.1585

Iteration#  3
FP
Class =  909
158-202.77.162.213-17.32773 and 104-24.6.102.196-6.1585

Iteration#  4
FP
Class =  119
158-202.77.162.213-17.32773 and 104-24.6.102.196-6.1585

Iteration#  5
FP
Class =  606
158-202.77.162.213-17.32773 and 104-24.6.102.196-6.1585

Iteration#  6
FP
Class =  103
158-202.77.162.213-17.32773 and 104-24.6.102.196-6.1585

Iteration#  7
FP
Class =  600
158-202.77.162.213-17.32773 and 104-24.6.102.196-6.1585

Iteration#  8
FP
Class =  115
158-202.77.162.213-17.32773 and 104-24.6.102.196-6.1585

Iteration#  9
FP
Class =  103
158-202.77.162.213-17.32773 and 104-24.6.102.196-6.1585

Iteration#  10
FP
Class =  903
158-202.77.162.213-17.32773 and 104-24.6.102.196-6.1585

Iteration#  11
FP
Class =  301
158-202.77.162.213-17.32773 and 104-24.6.102.196-6.1585

Iteration#  12
FP
Class =  900
158-202.77.162.213-17.32773 and 104-24.6.102.196-6.1585

Iteration#  13
FP
Class =  101
158-202.77.162.213-17.32773 and 104-24.6.102.196-6.1585

Iteration#  14
FP
Class =  157
158-202.77.162.213-17.32773 and 104-24.6.102.196-6.1585

Iteration#  15
FP
Class =  113
158-202.77.162.213-17.32773 and 104-24.6.102.196-6.1585

Iteration#  16
FP
Class =  706
158-202.77.162.213-17.32773 and 104-24.6.102.196-6.1585

Iteration#  17
FP
Class =  608
158-202.77.162.213-17.32773 and 104-24.6.102.196-6.1585

Iteration#  18
FP
Class =  106
158-202.77.162.213-17.32773 and 104-24.6.102.196-6.1585

Iteration#  19
FP
Class =  303
158-202.77.162.213-17.32773 and 104-24.6.102.196-6.1585

Iteration#  20
FP
Class =  100
158-202.77.162.213-17.32773 and 104-24.6.102.196-6.1585

Iteration#  21
FP
Class =  105
158-202.77.162.213-17.32773 and 104-24.6.102.196-6.1585

Iteration#  22
FP
Class =  605
158-202.77.162.213-17.32773 and 104-24.6.102.196-6.1585

Iteration#  23
FP
Class =  118
158-202.77.162.213-17.32773 and 104-24.6.102.196-6.1585

Iteration#  24
FP
Class =  702
158-202.77.162.213-17.32773 and 104-24.6.102.196-6.1585

Iteration#  25
FP
Class =  306
158-202.77.162.213-17.32773 and 104-24.6.102.196-6.1585

Iteration#  26
FP
Class =  905
158-202.77.162.213-17.32773 and 104-24.6.102.196-6.1585

Iteration#  27
FP
Class =  908
158-202.77.162.213-17.32773 and 104-24.6.102.196-6.1585

Iteration#  28
FP
Class =  907
158-202.77.162.213-17.32773 and 104-24.6.102.196-6.1585

Iteration#  29
FP
Class =  108
158-202.77.162.213-17.32773 and 104-24.6.102.196-6.1585

Iteration#  30
FP
Class =  107
158-202.77.162.213-17.32773 and 104-24.6.102.196-6.1585

Iteration#  31
FP
Class =  158
158-202.77.162.213-17.32773 and 104-24.6.102.196-6.1585
['158-202.77.162.213-17.32773', '609-192.168.10.126-6.110', '1.04']


Iteration#  0
FP
Class =  107
158-202.77.162.213-17.32773 and 609-192.168.10.126-6.110

Iteration#  1
FP
Class =  309
158-202.77.162.213-17.32773 and 609-192.168.10.126-6.110

Iteration#  2
FP
Class =  114
158-202.77.162.213-17.32773 and 609-192.168.10.126-6.110

Iteration#  3
FP
Class =  909
158-202.77.162.213-17.32773 and 609-192.168.10.126-6.110

Iteration#  4
FP
Class =  119
158-202.77.162.213-17.32773 and 609-192.168.10.126-6.110

Iteration#  5
FP
Class =  606
158-202.77.162.213-17.32773 and 609-192.168.10.126-6.110

Iteration#  6
FP
Class =  103
158-202.77.162.213-17.32773 and 609-192.168.10.126-6.110

Iteration#  7
FP
Class =  600
158-202.77.162.213-17.32773 and 609-192.168.10.126-6.110

Iteration#  8
FP
Class =  115
158-202.77.162.213-17.32773 and 609-192.168.10.126-6.110

Iteration#  9
FP
Class =  103
158-202.77.162.213-17.32773 and 609-192.168.10.126-6.110

Iteration#  10
FP
Class =  903
158-202.77.162.213-17.32773 and 609-192.168.10.126-6.110

Iteration#  11
FP
Class =  301
158-202.77.162.213-17.32773 and 609-192.168.10.126-6.110

Iteration#  12
FP
Class =  900
158-202.77.162.213-17.32773 and 609-192.168.10.126-6.110

Iteration#  13
FP
Class =  101
158-202.77.162.213-17.32773 and 609-192.168.10.126-6.110

Iteration#  14
FP
Class =  157
158-202.77.162.213-17.32773 and 609-192.168.10.126-6.110

Iteration#  15
FP
Class =  113
158-202.77.162.213-17.32773 and 609-192.168.10.126-6.110

Iteration#  16
FP
Class =  706
158-202.77.162.213-17.32773 and 609-192.168.10.126-6.110

Iteration#  17
FP
Class =  608
158-202.77.162.213-17.32773 and 609-192.168.10.126-6.110

Iteration#  18
FP
Class =  106
158-202.77.162.213-17.32773 and 609-192.168.10.126-6.110

Iteration#  19
FP
Class =  303
158-202.77.162.213-17.32773 and 609-192.168.10.126-6.110

Iteration#  20
FP
Class =  100
158-202.77.162.213-17.32773 and 609-192.168.10.126-6.110

Iteration#  21
FP
Class =  105
158-202.77.162.213-17.32773 and 609-192.168.10.126-6.110

Iteration#  22
FP
Class =  605
158-202.77.162.213-17.32773 and 609-192.168.10.126-6.110

Iteration#  23
FP
Class =  118
158-202.77.162.213-17.32773 and 609-192.168.10.126-6.110

Iteration#  24
FP
Class =  702
158-202.77.162.213-17.32773 and 609-192.168.10.126-6.110

Iteration#  25
FP
Class =  306
158-202.77.162.213-17.32773 and 609-192.168.10.126-6.110

Iteration#  26
FP
Class =  905
158-202.77.162.213-17.32773 and 609-192.168.10.126-6.110

Iteration#  27
FP
Class =  908
158-202.77.162.213-17.32773 and 609-192.168.10.126-6.110

Iteration#  28
FP
Class =  907
158-202.77.162.213-17.32773 and 609-192.168.10.126-6.110

Iteration#  29
FP
Class =  108
158-202.77.162.213-17.32773 and 609-192.168.10.126-6.110

Iteration#  30
FP
Class =  107
158-202.77.162.213-17.32773 and 609-192.168.10.126-6.110

Iteration#  31
FP
Class =  158
158-202.77.162.213-17.32773 and 609-192.168.10.126-6.110
['158-202.77.162.213-17.32773', '153-24.6.98.163-6.80', '1.1']


Iteration#  0
FP
Class =  107
158-202.77.162.213-17.32773 and 153-24.6.98.163-6.80

Iteration#  1
FP
Class =  309
158-202.77.162.213-17.32773 and 153-24.6.98.163-6.80

Iteration#  2
FP
Class =  114
158-202.77.162.213-17.32773 and 153-24.6.98.163-6.80

Iteration#  3
FP
Class =  909
158-202.77.162.213-17.32773 and 153-24.6.98.163-6.80

Iteration#  4
FP
Class =  119
158-202.77.162.213-17.32773 and 153-24.6.98.163-6.80

Iteration#  5
FP
Class =  606
158-202.77.162.213-17.32773 and 153-24.6.98.163-6.80

Iteration#  6
FP
Class =  103
158-202.77.162.213-17.32773 and 153-24.6.98.163-6.80

Iteration#  7
FP
Class =  600
158-202.77.162.213-17.32773 and 153-24.6.98.163-6.80

Iteration#  8
FP
Class =  115
158-202.77.162.213-17.32773 and 153-24.6.98.163-6.80

Iteration#  9
FP
Class =  103
158-202.77.162.213-17.32773 and 153-24.6.98.163-6.80

Iteration#  10
FP
Class =  903
158-202.77.162.213-17.32773 and 153-24.6.98.163-6.80

Iteration#  11
FP
Class =  301
158-202.77.162.213-17.32773 and 153-24.6.98.163-6.80

Iteration#  12
FP
Class =  900
158-202.77.162.213-17.32773 and 153-24.6.98.163-6.80

Iteration#  13
FP
Class =  101
158-202.77.162.213-17.32773 and 153-24.6.98.163-6.80

Iteration#  14
FP
Class =  157
158-202.77.162.213-17.32773 and 153-24.6.98.163-6.80

Iteration#  15
FP
Class =  113
158-202.77.162.213-17.32773 and 153-24.6.98.163-6.80

Iteration#  16
FP
Class =  706
158-202.77.162.213-17.32773 and 153-24.6.98.163-6.80

Iteration#  17
FP
Class =  608
158-202.77.162.213-17.32773 and 153-24.6.98.163-6.80

Iteration#  18
FP
Class =  106
158-202.77.162.213-17.32773 and 153-24.6.98.163-6.80

Iteration#  19
FP
Class =  303
158-202.77.162.213-17.32773 and 153-24.6.98.163-6.80

Iteration#  20
FP
Class =  100
158-202.77.162.213-17.32773 and 153-24.6.98.163-6.80

Iteration#  21
FP
Class =  105
158-202.77.162.213-17.32773 and 153-24.6.98.163-6.80

Iteration#  22
FP
Class =  605
158-202.77.162.213-17.32773 and 153-24.6.98.163-6.80

Iteration#  23
FP
Class =  118
158-202.77.162.213-17.32773 and 153-24.6.98.163-6.80

Iteration#  24
FP
Class =  702
158-202.77.162.213-17.32773 and 153-24.6.98.163-6.80

Iteration#  25
FP
Class =  306
158-202.77.162.213-17.32773 and 153-24.6.98.163-6.80

Iteration#  26
FP
Class =  905
158-202.77.162.213-17.32773 and 153-24.6.98.163-6.80

Iteration#  27
FP
Class =  908
158-202.77.162.213-17.32773 and 153-24.6.98.163-6.80

Iteration#  28
FP
Class =  907
158-202.77.162.213-17.32773 and 153-24.6.98.163-6.80

Iteration#  29
FP
Class =  108
158-202.77.162.213-17.32773 and 153-24.6.98.163-6.80

Iteration#  30
FP
Class =  107
158-202.77.162.213-17.32773 and 153-24.6.98.163-6.80

Iteration#  31
FP
Class =  158
158-202.77.162.213-17.32773 and 153-24.6.98.163-6.80
['158-202.77.162.213-17.32773', '604-192.168.10.126-6.110', '1.04']


Iteration#  0
FP
Class =  107
158-202.77.162.213-17.32773 and 604-192.168.10.126-6.110

Iteration#  1
FP
Class =  309
158-202.77.162.213-17.32773 and 604-192.168.10.126-6.110

Iteration#  2
FP
Class =  114
158-202.77.162.213-17.32773 and 604-192.168.10.126-6.110

Iteration#  3
FP
Class =  909
158-202.77.162.213-17.32773 and 604-192.168.10.126-6.110

Iteration#  4
FP
Class =  119
158-202.77.162.213-17.32773 and 604-192.168.10.126-6.110

Iteration#  5
FP
Class =  606
158-202.77.162.213-17.32773 and 604-192.168.10.126-6.110

Iteration#  6
FP
Class =  103
158-202.77.162.213-17.32773 and 604-192.168.10.126-6.110

Iteration#  7
FP
Class =  600
158-202.77.162.213-17.32773 and 604-192.168.10.126-6.110

Iteration#  8
FP
Class =  115
158-202.77.162.213-17.32773 and 604-192.168.10.126-6.110

Iteration#  9
FP
Class =  103
158-202.77.162.213-17.32773 and 604-192.168.10.126-6.110

Iteration#  10
FP
Class =  903
158-202.77.162.213-17.32773 and 604-192.168.10.126-6.110

Iteration#  11
FP
Class =  301
158-202.77.162.213-17.32773 and 604-192.168.10.126-6.110

Iteration#  12
FP
Class =  900
158-202.77.162.213-17.32773 and 604-192.168.10.126-6.110

Iteration#  13
FP
Class =  101
158-202.77.162.213-17.32773 and 604-192.168.10.126-6.110

Iteration#  14
FP
Class =  157
158-202.77.162.213-17.32773 and 604-192.168.10.126-6.110

Iteration#  15
FP
Class =  113
158-202.77.162.213-17.32773 and 604-192.168.10.126-6.110

Iteration#  16
FP
Class =  706
158-202.77.162.213-17.32773 and 604-192.168.10.126-6.110

Iteration#  17
FP
Class =  608
158-202.77.162.213-17.32773 and 604-192.168.10.126-6.110

Iteration#  18
FP
Class =  106
158-202.77.162.213-17.32773 and 604-192.168.10.126-6.110

Iteration#  19
FP
Class =  303
158-202.77.162.213-17.32773 and 604-192.168.10.126-6.110

Iteration#  20
FP
Class =  100
158-202.77.162.213-17.32773 and 604-192.168.10.126-6.110

Iteration#  21
FP
Class =  105
158-202.77.162.213-17.32773 and 604-192.168.10.126-6.110

Iteration#  22
FP
Class =  605
158-202.77.162.213-17.32773 and 604-192.168.10.126-6.110

Iteration#  23
FP
Class =  118
158-202.77.162.213-17.32773 and 604-192.168.10.126-6.110

Iteration#  24
FP
Class =  702
158-202.77.162.213-17.32773 and 604-192.168.10.126-6.110

Iteration#  25
FP
Class =  306
158-202.77.162.213-17.32773 and 604-192.168.10.126-6.110

Iteration#  26
FP
Class =  905
158-202.77.162.213-17.32773 and 604-192.168.10.126-6.110

Iteration#  27
FP
Class =  908
158-202.77.162.213-17.32773 and 604-192.168.10.126-6.110

Iteration#  28
FP
Class =  907
158-202.77.162.213-17.32773 and 604-192.168.10.126-6.110

Iteration#  29
FP
Class =  108
158-202.77.162.213-17.32773 and 604-192.168.10.126-6.110

Iteration#  30
FP
Class =  107
158-202.77.162.213-17.32773 and 604-192.168.10.126-6.110

Iteration#  31
FP
Class =  158
158-202.77.162.213-17.32773 and 604-192.168.10.126-6.110
['158-202.77.162.213-17.32773', '802-213.76.212.22-17.1434', '1.1']


Iteration#  0
FP
Class =  107
158-202.77.162.213-17.32773 and 802-213.76.212.22-17.1434

Iteration#  1
FP
Class =  309
158-202.77.162.213-17.32773 and 802-213.76.212.22-17.1434

Iteration#  2
FP
Class =  114
158-202.77.162.213-17.32773 and 802-213.76.212.22-17.1434

Iteration#  3
FP
Class =  909
158-202.77.162.213-17.32773 and 802-213.76.212.22-17.1434

Iteration#  4
FP
Class =  119
158-202.77.162.213-17.32773 and 802-213.76.212.22-17.1434

Iteration#  5
FP
Class =  606
158-202.77.162.213-17.32773 and 802-213.76.212.22-17.1434

Iteration#  6
FP
Class =  103
158-202.77.162.213-17.32773 and 802-213.76.212.22-17.1434

Iteration#  7
FP
Class =  600
158-202.77.162.213-17.32773 and 802-213.76.212.22-17.1434

Iteration#  8
FP
Class =  115
158-202.77.162.213-17.32773 and 802-213.76.212.22-17.1434

Iteration#  9
FP
Class =  103
158-202.77.162.213-17.32773 and 802-213.76.212.22-17.1434

Iteration#  10
FP
Class =  903
158-202.77.162.213-17.32773 and 802-213.76.212.22-17.1434

Iteration#  11
FP
Class =  301
158-202.77.162.213-17.32773 and 802-213.76.212.22-17.1434

Iteration#  12
FP
Class =  900
158-202.77.162.213-17.32773 and 802-213.76.212.22-17.1434

Iteration#  13
FP
Class =  101
158-202.77.162.213-17.32773 and 802-213.76.212.22-17.1434

Iteration#  14
FP
Class =  157
158-202.77.162.213-17.32773 and 802-213.76.212.22-17.1434

Iteration#  15
FP
Class =  113
158-202.77.162.213-17.32773 and 802-213.76.212.22-17.1434

Iteration#  16
FP
Class =  706
158-202.77.162.213-17.32773 and 802-213.76.212.22-17.1434

Iteration#  17
FP
Class =  608
158-202.77.162.213-17.32773 and 802-213.76.212.22-17.1434

Iteration#  18
FP
Class =  106
158-202.77.162.213-17.32773 and 802-213.76.212.22-17.1434

Iteration#  19
FP
Class =  303
158-202.77.162.213-17.32773 and 802-213.76.212.22-17.1434

Iteration#  20
FP
Class =  100
158-202.77.162.213-17.32773 and 802-213.76.212.22-17.1434

Iteration#  21
FP
Class =  105
158-202.77.162.213-17.32773 and 802-213.76.212.22-17.1434

Iteration#  22
FP
Class =  605
158-202.77.162.213-17.32773 and 802-213.76.212.22-17.1434

Iteration#  23
FP
Class =  118
158-202.77.162.213-17.32773 and 802-213.76.212.22-17.1434

Iteration#  24
FP
Class =  702
158-202.77.162.213-17.32773 and 802-213.76.212.22-17.1434

Iteration#  25
FP
Class =  306
158-202.77.162.213-17.32773 and 802-213.76.212.22-17.1434

Iteration#  26
FP
Class =  905
158-202.77.162.213-17.32773 and 802-213.76.212.22-17.1434

Iteration#  27
FP
Class =  908
158-202.77.162.213-17.32773 and 802-213.76.212.22-17.1434

Iteration#  28
FP
Class =  907
158-202.77.162.213-17.32773 and 802-213.76.212.22-17.1434

Iteration#  29
FP
Class =  108
158-202.77.162.213-17.32773 and 802-213.76.212.22-17.1434

Iteration#  30
FP
Class =  107
158-202.77.162.213-17.32773 and 802-213.76.212.22-17.1434

Iteration#  31
FP
Class =  158
158-202.77.162.213-17.32773 and 802-213.76.212.22-17.1434
['158-202.77.162.213-17.32773', '300-192.168.10.101-6.1171', '1.07']


Iteration#  0
FP
Class =  107
158-202.77.162.213-17.32773 and 300-192.168.10.101-6.1171

Iteration#  1
FP
Class =  309
158-202.77.162.213-17.32773 and 300-192.168.10.101-6.1171

Iteration#  2
FP
Class =  114
158-202.77.162.213-17.32773 and 300-192.168.10.101-6.1171

Iteration#  3
FP
Class =  909
158-202.77.162.213-17.32773 and 300-192.168.10.101-6.1171

Iteration#  4
FP
Class =  119
158-202.77.162.213-17.32773 and 300-192.168.10.101-6.1171

Iteration#  5
FP
Class =  606
158-202.77.162.213-17.32773 and 300-192.168.10.101-6.1171

Iteration#  6
FP
Class =  103
158-202.77.162.213-17.32773 and 300-192.168.10.101-6.1171

Iteration#  7
FP
Class =  600
158-202.77.162.213-17.32773 and 300-192.168.10.101-6.1171

Iteration#  8
FP
Class =  115
158-202.77.162.213-17.32773 and 300-192.168.10.101-6.1171

Iteration#  9
FP
Class =  103
158-202.77.162.213-17.32773 and 300-192.168.10.101-6.1171

Iteration#  10
FP
Class =  903
158-202.77.162.213-17.32773 and 300-192.168.10.101-6.1171

Iteration#  11
FP
Class =  301
158-202.77.162.213-17.32773 and 300-192.168.10.101-6.1171

Iteration#  12
FP
Class =  900
158-202.77.162.213-17.32773 and 300-192.168.10.101-6.1171

Iteration#  13
FP
Class =  101
158-202.77.162.213-17.32773 and 300-192.168.10.101-6.1171

Iteration#  14
FP
Class =  157
158-202.77.162.213-17.32773 and 300-192.168.10.101-6.1171

Iteration#  15
FP
Class =  113
158-202.77.162.213-17.32773 and 300-192.168.10.101-6.1171

Iteration#  16
FP
Class =  706
158-202.77.162.213-17.32773 and 300-192.168.10.101-6.1171

Iteration#  17
FP
Class =  608
158-202.77.162.213-17.32773 and 300-192.168.10.101-6.1171

Iteration#  18
FP
Class =  106
158-202.77.162.213-17.32773 and 300-192.168.10.101-6.1171

Iteration#  19
FP
Class =  303
158-202.77.162.213-17.32773 and 300-192.168.10.101-6.1171

Iteration#  20
FP
Class =  100
158-202.77.162.213-17.32773 and 300-192.168.10.101-6.1171

Iteration#  21
FP
Class =  105
158-202.77.162.213-17.32773 and 300-192.168.10.101-6.1171

Iteration#  22
FP
Class =  605
158-202.77.162.213-17.32773 and 300-192.168.10.101-6.1171

Iteration#  23
FP
Class =  118
158-202.77.162.213-17.32773 and 300-192.168.10.101-6.1171

Iteration#  24
FP
Class =  702
158-202.77.162.213-17.32773 and 300-192.168.10.101-6.1171

Iteration#  25
FP
Class =  306
158-202.77.162.213-17.32773 and 300-192.168.10.101-6.1171

Iteration#  26
FP
Class =  905
158-202.77.162.213-17.32773 and 300-192.168.10.101-6.1171

Iteration#  27
FP
Class =  908
158-202.77.162.213-17.32773 and 300-192.168.10.101-6.1171

Iteration#  28
FP
Class =  907
158-202.77.162.213-17.32773 and 300-192.168.10.101-6.1171

Iteration#  29
FP
Class =  108
158-202.77.162.213-17.32773 and 300-192.168.10.101-6.1171

Iteration#  30
FP
Class =  107
158-202.77.162.213-17.32773 and 300-192.168.10.101-6.1171

Iteration#  31
FP
Class =  158
158-202.77.162.213-17.32773 and 300-192.168.10.101-6.1171
['158-202.77.162.213-17.32773', '152-192.0.2.1-17.65493', '1.05']


Iteration#  0
FP
Class =  107
158-202.77.162.213-17.32773 and 152-192.0.2.1-17.65493

Iteration#  1
FP
Class =  309
158-202.77.162.213-17.32773 and 152-192.0.2.1-17.65493

Iteration#  2
FP
Class =  114
158-202.77.162.213-17.32773 and 152-192.0.2.1-17.65493

Iteration#  3
FP
Class =  909
158-202.77.162.213-17.32773 and 152-192.0.2.1-17.65493

Iteration#  4
FP
Class =  119
158-202.77.162.213-17.32773 and 152-192.0.2.1-17.65493

Iteration#  5
FP
Class =  606
158-202.77.162.213-17.32773 and 152-192.0.2.1-17.65493

Iteration#  6
FP
Class =  103
158-202.77.162.213-17.32773 and 152-192.0.2.1-17.65493

Iteration#  7
FP
Class =  600
158-202.77.162.213-17.32773 and 152-192.0.2.1-17.65493

Iteration#  8
FP
Class =  115
158-202.77.162.213-17.32773 and 152-192.0.2.1-17.65493

Iteration#  9
FP
Class =  103
158-202.77.162.213-17.32773 and 152-192.0.2.1-17.65493

Iteration#  10
FP
Class =  903
158-202.77.162.213-17.32773 and 152-192.0.2.1-17.65493

Iteration#  11
FP
Class =  301
158-202.77.162.213-17.32773 and 152-192.0.2.1-17.65493

Iteration#  12
FP
Class =  900
158-202.77.162.213-17.32773 and 152-192.0.2.1-17.65493

Iteration#  13
FP
Class =  101
158-202.77.162.213-17.32773 and 152-192.0.2.1-17.65493

Iteration#  14
FP
Class =  157
158-202.77.162.213-17.32773 and 152-192.0.2.1-17.65493

Iteration#  15
FP
Class =  113
158-202.77.162.213-17.32773 and 152-192.0.2.1-17.65493

Iteration#  16
FP
Class =  706
158-202.77.162.213-17.32773 and 152-192.0.2.1-17.65493

Iteration#  17
FP
Class =  608
158-202.77.162.213-17.32773 and 152-192.0.2.1-17.65493

Iteration#  18
FP
Class =  106
158-202.77.162.213-17.32773 and 152-192.0.2.1-17.65493

Iteration#  19
FP
Class =  303
158-202.77.162.213-17.32773 and 152-192.0.2.1-17.65493

Iteration#  20
FP
Class =  100
158-202.77.162.213-17.32773 and 152-192.0.2.1-17.65493

Iteration#  21
FP
Class =  105
158-202.77.162.213-17.32773 and 152-192.0.2.1-17.65493

Iteration#  22
FP
Class =  605
158-202.77.162.213-17.32773 and 152-192.0.2.1-17.65493

Iteration#  23
FP
Class =  118
158-202.77.162.213-17.32773 and 152-192.0.2.1-17.65493

Iteration#  24
FP
Class =  702
158-202.77.162.213-17.32773 and 152-192.0.2.1-17.65493

Iteration#  25
FP
Class =  306
158-202.77.162.213-17.32773 and 152-192.0.2.1-17.65493

Iteration#  26
FP
Class =  905
158-202.77.162.213-17.32773 and 152-192.0.2.1-17.65493

Iteration#  27
FP
Class =  908
158-202.77.162.213-17.32773 and 152-192.0.2.1-17.65493

Iteration#  28
FP
Class =  907
158-202.77.162.213-17.32773 and 152-192.0.2.1-17.65493

Iteration#  29
FP
Class =  108
158-202.77.162.213-17.32773 and 152-192.0.2.1-17.65493

Iteration#  30
FP
Class =  107
158-202.77.162.213-17.32773 and 152-192.0.2.1-17.65493

Iteration#  31
FP
Class =  158
158-202.77.162.213-17.32773 and 152-192.0.2.1-17.65493
['158-202.77.162.213-17.32773', '305-192.168.10.126-6.445', '1.33']


Iteration#  0
FP
Class =  107
158-202.77.162.213-17.32773 and 305-192.168.10.126-6.445

Iteration#  1
FP
Class =  309
158-202.77.162.213-17.32773 and 305-192.168.10.126-6.445

Iteration#  2
FP
Class =  114
158-202.77.162.213-17.32773 and 305-192.168.10.126-6.445

Iteration#  3
FP
Class =  909
158-202.77.162.213-17.32773 and 305-192.168.10.126-6.445

Iteration#  4
FP
Class =  119
158-202.77.162.213-17.32773 and 305-192.168.10.126-6.445

Iteration#  5
FP
Class =  606
158-202.77.162.213-17.32773 and 305-192.168.10.126-6.445

Iteration#  6
FP
Class =  103
158-202.77.162.213-17.32773 and 305-192.168.10.126-6.445

Iteration#  7
FP
Class =  600
158-202.77.162.213-17.32773 and 305-192.168.10.126-6.445

Iteration#  8
FP
Class =  115
158-202.77.162.213-17.32773 and 305-192.168.10.126-6.445

Iteration#  9
FP
Class =  103
158-202.77.162.213-17.32773 and 305-192.168.10.126-6.445

Iteration#  10
FP
Class =  903
158-202.77.162.213-17.32773 and 305-192.168.10.126-6.445

Iteration#  11
FP
Class =  301
158-202.77.162.213-17.32773 and 305-192.168.10.126-6.445

Iteration#  12
FP
Class =  900
158-202.77.162.213-17.32773 and 305-192.168.10.126-6.445

Iteration#  13
FP
Class =  101
158-202.77.162.213-17.32773 and 305-192.168.10.126-6.445

Iteration#  14
FP
Class =  157
158-202.77.162.213-17.32773 and 305-192.168.10.126-6.445

Iteration#  15
FP
Class =  113
158-202.77.162.213-17.32773 and 305-192.168.10.126-6.445

Iteration#  16
FP
Class =  706
158-202.77.162.213-17.32773 and 305-192.168.10.126-6.445

Iteration#  17
FP
Class =  608
158-202.77.162.213-17.32773 and 305-192.168.10.126-6.445

Iteration#  18
FP
Class =  106
158-202.77.162.213-17.32773 and 305-192.168.10.126-6.445

Iteration#  19
FP
Class =  303
158-202.77.162.213-17.32773 and 305-192.168.10.126-6.445

Iteration#  20
FP
Class =  100
158-202.77.162.213-17.32773 and 305-192.168.10.126-6.445

Iteration#  21
FP
Class =  105
158-202.77.162.213-17.32773 and 305-192.168.10.126-6.445

Iteration#  22
FP
Class =  605
158-202.77.162.213-17.32773 and 305-192.168.10.126-6.445

Iteration#  23
FP
Class =  118
158-202.77.162.213-17.32773 and 305-192.168.10.126-6.445

Iteration#  24
FP
Class =  702
158-202.77.162.213-17.32773 and 305-192.168.10.126-6.445

Iteration#  25
FP
Class =  306
158-202.77.162.213-17.32773 and 305-192.168.10.126-6.445

Iteration#  26
FP
Class =  905
158-202.77.162.213-17.32773 and 305-192.168.10.126-6.445

Iteration#  27
FP
Class =  908
158-202.77.162.213-17.32773 and 305-192.168.10.126-6.445

Iteration#  28
FP
Class =  907
158-202.77.162.213-17.32773 and 305-192.168.10.126-6.445

Iteration#  29
FP
Class =  108
158-202.77.162.213-17.32773 and 305-192.168.10.126-6.445

Iteration#  30
FP
Class =  107
158-202.77.162.213-17.32773 and 305-192.168.10.126-6.445

Iteration#  31
FP
Class =  158
158-202.77.162.213-17.32773 and 305-192.168.10.126-6.445
['158-202.77.162.213-17.32773', '109-24.6.98.163-6.80', '1.1']


Iteration#  0
FP
Class =  107
158-202.77.162.213-17.32773 and 109-24.6.98.163-6.80

Iteration#  1
FP
Class =  309
158-202.77.162.213-17.32773 and 109-24.6.98.163-6.80

Iteration#  2
FP
Class =  114
158-202.77.162.213-17.32773 and 109-24.6.98.163-6.80

Iteration#  3
FP
Class =  909
158-202.77.162.213-17.32773 and 109-24.6.98.163-6.80

Iteration#  4
FP
Class =  119
158-202.77.162.213-17.32773 and 109-24.6.98.163-6.80

Iteration#  5
FP
Class =  606
158-202.77.162.213-17.32773 and 109-24.6.98.163-6.80

Iteration#  6
FP
Class =  103
158-202.77.162.213-17.32773 and 109-24.6.98.163-6.80

Iteration#  7
FP
Class =  600
158-202.77.162.213-17.32773 and 109-24.6.98.163-6.80

Iteration#  8
FP
Class =  115
158-202.77.162.213-17.32773 and 109-24.6.98.163-6.80

Iteration#  9
FP
Class =  103
158-202.77.162.213-17.32773 and 109-24.6.98.163-6.80

Iteration#  10
FP
Class =  903
158-202.77.162.213-17.32773 and 109-24.6.98.163-6.80

Iteration#  11
FP
Class =  301
158-202.77.162.213-17.32773 and 109-24.6.98.163-6.80

Iteration#  12
FP
Class =  900
158-202.77.162.213-17.32773 and 109-24.6.98.163-6.80

Iteration#  13
FP
Class =  101
158-202.77.162.213-17.32773 and 109-24.6.98.163-6.80

Iteration#  14
FP
Class =  157
158-202.77.162.213-17.32773 and 109-24.6.98.163-6.80

Iteration#  15
FP
Class =  113
158-202.77.162.213-17.32773 and 109-24.6.98.163-6.80

Iteration#  16
FP
Class =  706
158-202.77.162.213-17.32773 and 109-24.6.98.163-6.80

Iteration#  17
FP
Class =  608
158-202.77.162.213-17.32773 and 109-24.6.98.163-6.80

Iteration#  18
FP
Class =  106
158-202.77.162.213-17.32773 and 109-24.6.98.163-6.80

Iteration#  19
FP
Class =  303
158-202.77.162.213-17.32773 and 109-24.6.98.163-6.80

Iteration#  20
FP
Class =  100
158-202.77.162.213-17.32773 and 109-24.6.98.163-6.80

Iteration#  21
FP
Class =  105
158-202.77.162.213-17.32773 and 109-24.6.98.163-6.80

Iteration#  22
FP
Class =  605
158-202.77.162.213-17.32773 and 109-24.6.98.163-6.80

Iteration#  23
FP
Class =  118
158-202.77.162.213-17.32773 and 109-24.6.98.163-6.80

Iteration#  24
FP
Class =  702
158-202.77.162.213-17.32773 and 109-24.6.98.163-6.80

Iteration#  25
FP
Class =  306
158-202.77.162.213-17.32773 and 109-24.6.98.163-6.80

Iteration#  26
FP
Class =  905
158-202.77.162.213-17.32773 and 109-24.6.98.163-6.80

Iteration#  27
FP
Class =  908
158-202.77.162.213-17.32773 and 109-24.6.98.163-6.80

Iteration#  28
FP
Class =  907
158-202.77.162.213-17.32773 and 109-24.6.98.163-6.80

Iteration#  29
FP
Class =  108
158-202.77.162.213-17.32773 and 109-24.6.98.163-6.80

Iteration#  30
FP
Class =  107
158-202.77.162.213-17.32773 and 109-24.6.98.163-6.80

Iteration#  31
FP
Class =  158
158-202.77.162.213-17.32773 and 109-24.6.98.163-6.80
['158-202.77.162.213-17.32773', '155-24.6.98.163-6.80', '1.08']


Iteration#  0
FP
Class =  107
158-202.77.162.213-17.32773 and 155-24.6.98.163-6.80

Iteration#  1
FP
Class =  309
158-202.77.162.213-17.32773 and 155-24.6.98.163-6.80

Iteration#  2
FP
Class =  114
158-202.77.162.213-17.32773 and 155-24.6.98.163-6.80

Iteration#  3
FP
Class =  909
158-202.77.162.213-17.32773 and 155-24.6.98.163-6.80

Iteration#  4
FP
Class =  119
158-202.77.162.213-17.32773 and 155-24.6.98.163-6.80

Iteration#  5
FP
Class =  606
158-202.77.162.213-17.32773 and 155-24.6.98.163-6.80

Iteration#  6
FP
Class =  103
158-202.77.162.213-17.32773 and 155-24.6.98.163-6.80

Iteration#  7
FP
Class =  600
158-202.77.162.213-17.32773 and 155-24.6.98.163-6.80

Iteration#  8
FP
Class =  115
158-202.77.162.213-17.32773 and 155-24.6.98.163-6.80

Iteration#  9
FP
Class =  103
158-202.77.162.213-17.32773 and 155-24.6.98.163-6.80

Iteration#  10
FP
Class =  903
158-202.77.162.213-17.32773 and 155-24.6.98.163-6.80

Iteration#  11
FP
Class =  301
158-202.77.162.213-17.32773 and 155-24.6.98.163-6.80

Iteration#  12
FP
Class =  900
158-202.77.162.213-17.32773 and 155-24.6.98.163-6.80

Iteration#  13
FP
Class =  101
158-202.77.162.213-17.32773 and 155-24.6.98.163-6.80

Iteration#  14
FP
Class =  157
158-202.77.162.213-17.32773 and 155-24.6.98.163-6.80

Iteration#  15
FP
Class =  113
158-202.77.162.213-17.32773 and 155-24.6.98.163-6.80

Iteration#  16
FP
Class =  706
158-202.77.162.213-17.32773 and 155-24.6.98.163-6.80

Iteration#  17
FP
Class =  608
158-202.77.162.213-17.32773 and 155-24.6.98.163-6.80

Iteration#  18
FP
Class =  106
158-202.77.162.213-17.32773 and 155-24.6.98.163-6.80

Iteration#  19
FP
Class =  303
158-202.77.162.213-17.32773 and 155-24.6.98.163-6.80

Iteration#  20
FP
Class =  100
158-202.77.162.213-17.32773 and 155-24.6.98.163-6.80

Iteration#  21
FP
Class =  105
158-202.77.162.213-17.32773 and 155-24.6.98.163-6.80

Iteration#  22
FP
Class =  605
158-202.77.162.213-17.32773 and 155-24.6.98.163-6.80

Iteration#  23
FP
Class =  118
158-202.77.162.213-17.32773 and 155-24.6.98.163-6.80

Iteration#  24
FP
Class =  702
158-202.77.162.213-17.32773 and 155-24.6.98.163-6.80

Iteration#  25
FP
Class =  306
158-202.77.162.213-17.32773 and 155-24.6.98.163-6.80

Iteration#  26
FP
Class =  905
158-202.77.162.213-17.32773 and 155-24.6.98.163-6.80

Iteration#  27
FP
Class =  908
158-202.77.162.213-17.32773 and 155-24.6.98.163-6.80

Iteration#  28
FP
Class =  907
158-202.77.162.213-17.32773 and 155-24.6.98.163-6.80

Iteration#  29
FP
Class =  108
158-202.77.162.213-17.32773 and 155-24.6.98.163-6.80

Iteration#  30
FP
Class =  107
158-202.77.162.213-17.32773 and 155-24.6.98.163-6.80

Iteration#  31
FP
Class =  158
158-202.77.162.213-17.32773 and 155-24.6.98.163-6.80
['158-202.77.162.213-17.32773', '112-24.6.102.196-6.1588', '1.29']


Iteration#  0
FP
Class =  107
158-202.77.162.213-17.32773 and 112-24.6.102.196-6.1588

Iteration#  1
FP
Class =  309
158-202.77.162.213-17.32773 and 112-24.6.102.196-6.1588

Iteration#  2
FP
Class =  114
158-202.77.162.213-17.32773 and 112-24.6.102.196-6.1588

Iteration#  3
FP
Class =  909
158-202.77.162.213-17.32773 and 112-24.6.102.196-6.1588

Iteration#  4
FP
Class =  119
158-202.77.162.213-17.32773 and 112-24.6.102.196-6.1588

Iteration#  5
FP
Class =  606
158-202.77.162.213-17.32773 and 112-24.6.102.196-6.1588

Iteration#  6
FP
Class =  103
158-202.77.162.213-17.32773 and 112-24.6.102.196-6.1588

Iteration#  7
FP
Class =  600
158-202.77.162.213-17.32773 and 112-24.6.102.196-6.1588

Iteration#  8
FP
Class =  115
158-202.77.162.213-17.32773 and 112-24.6.102.196-6.1588

Iteration#  9
FP
Class =  103
158-202.77.162.213-17.32773 and 112-24.6.102.196-6.1588

Iteration#  10
FP
Class =  903
158-202.77.162.213-17.32773 and 112-24.6.102.196-6.1588

Iteration#  11
FP
Class =  301
158-202.77.162.213-17.32773 and 112-24.6.102.196-6.1588

Iteration#  12
FP
Class =  900
158-202.77.162.213-17.32773 and 112-24.6.102.196-6.1588

Iteration#  13
FP
Class =  101
158-202.77.162.213-17.32773 and 112-24.6.102.196-6.1588

Iteration#  14
FP
Class =  157
158-202.77.162.213-17.32773 and 112-24.6.102.196-6.1588

Iteration#  15
FP
Class =  113
158-202.77.162.213-17.32773 and 112-24.6.102.196-6.1588

Iteration#  16
FP
Class =  706
158-202.77.162.213-17.32773 and 112-24.6.102.196-6.1588

Iteration#  17
FP
Class =  608
158-202.77.162.213-17.32773 and 112-24.6.102.196-6.1588

Iteration#  18
FP
Class =  106
158-202.77.162.213-17.32773 and 112-24.6.102.196-6.1588

Iteration#  19
FP
Class =  303
158-202.77.162.213-17.32773 and 112-24.6.102.196-6.1588

Iteration#  20
FP
Class =  100
158-202.77.162.213-17.32773 and 112-24.6.102.196-6.1588

Iteration#  21
FP
Class =  105
158-202.77.162.213-17.32773 and 112-24.6.102.196-6.1588

Iteration#  22
FP
Class =  605
158-202.77.162.213-17.32773 and 112-24.6.102.196-6.1588

Iteration#  23
FP
Class =  118
158-202.77.162.213-17.32773 and 112-24.6.102.196-6.1588

Iteration#  24
FP
Class =  702
158-202.77.162.213-17.32773 and 112-24.6.102.196-6.1588

Iteration#  25
FP
Class =  306
158-202.77.162.213-17.32773 and 112-24.6.102.196-6.1588

Iteration#  26
FP
Class =  905
158-202.77.162.213-17.32773 and 112-24.6.102.196-6.1588

Iteration#  27
FP
Class =  908
158-202.77.162.213-17.32773 and 112-24.6.102.196-6.1588

Iteration#  28
FP
Class =  907
158-202.77.162.213-17.32773 and 112-24.6.102.196-6.1588

Iteration#  29
FP
Class =  108
158-202.77.162.213-17.32773 and 112-24.6.102.196-6.1588

Iteration#  30
FP
Class =  107
158-202.77.162.213-17.32773 and 112-24.6.102.196-6.1588

Iteration#  31
FP
Class =  158
158-202.77.162.213-17.32773 and 112-24.6.102.196-6.1588
['158-202.77.162.213-17.32773', '904-192.168.10.125-6.80', '1.25']


Iteration#  0
FP
Class =  107
158-202.77.162.213-17.32773 and 904-192.168.10.125-6.80

Iteration#  1
FP
Class =  309
158-202.77.162.213-17.32773 and 904-192.168.10.125-6.80

Iteration#  2
FP
Class =  114
158-202.77.162.213-17.32773 and 904-192.168.10.125-6.80

Iteration#  3
FP
Class =  909
158-202.77.162.213-17.32773 and 904-192.168.10.125-6.80

Iteration#  4
FP
Class =  119
158-202.77.162.213-17.32773 and 904-192.168.10.125-6.80

Iteration#  5
FP
Class =  606
158-202.77.162.213-17.32773 and 904-192.168.10.125-6.80

Iteration#  6
FP
Class =  103
158-202.77.162.213-17.32773 and 904-192.168.10.125-6.80

Iteration#  7
FP
Class =  600
158-202.77.162.213-17.32773 and 904-192.168.10.125-6.80

Iteration#  8
FP
Class =  115
158-202.77.162.213-17.32773 and 904-192.168.10.125-6.80

Iteration#  9
FP
Class =  103
158-202.77.162.213-17.32773 and 904-192.168.10.125-6.80

Iteration#  10
FP
Class =  903
158-202.77.162.213-17.32773 and 904-192.168.10.125-6.80

Iteration#  11
FP
Class =  301
158-202.77.162.213-17.32773 and 904-192.168.10.125-6.80

Iteration#  12
FP
Class =  900
158-202.77.162.213-17.32773 and 904-192.168.10.125-6.80

Iteration#  13
FP
Class =  101
158-202.77.162.213-17.32773 and 904-192.168.10.125-6.80

Iteration#  14
FP
Class =  157
158-202.77.162.213-17.32773 and 904-192.168.10.125-6.80

Iteration#  15
FP
Class =  113
158-202.77.162.213-17.32773 and 904-192.168.10.125-6.80

Iteration#  16
FP
Class =  706
158-202.77.162.213-17.32773 and 904-192.168.10.125-6.80

Iteration#  17
FP
Class =  608
158-202.77.162.213-17.32773 and 904-192.168.10.125-6.80

Iteration#  18
FP
Class =  106
158-202.77.162.213-17.32773 and 904-192.168.10.125-6.80

Iteration#  19
FP
Class =  303
158-202.77.162.213-17.32773 and 904-192.168.10.125-6.80

Iteration#  20
FP
Class =  100
158-202.77.162.213-17.32773 and 904-192.168.10.125-6.80

Iteration#  21
FP
Class =  105
158-202.77.162.213-17.32773 and 904-192.168.10.125-6.80

Iteration#  22
FP
Class =  605
158-202.77.162.213-17.32773 and 904-192.168.10.125-6.80

Iteration#  23
FP
Class =  118
158-202.77.162.213-17.32773 and 904-192.168.10.125-6.80

Iteration#  24
FP
Class =  702
158-202.77.162.213-17.32773 and 904-192.168.10.125-6.80

Iteration#  25
FP
Class =  306
158-202.77.162.213-17.32773 and 904-192.168.10.125-6.80

Iteration#  26
FP
Class =  905
158-202.77.162.213-17.32773 and 904-192.168.10.125-6.80

Iteration#  27
FP
Class =  908
158-202.77.162.213-17.32773 and 904-192.168.10.125-6.80

Iteration#  28
FP
Class =  907
158-202.77.162.213-17.32773 and 904-192.168.10.125-6.80

Iteration#  29
FP
Class =  108
158-202.77.162.213-17.32773 and 904-192.168.10.125-6.80

Iteration#  30
FP
Class =  107
158-202.77.162.213-17.32773 and 904-192.168.10.125-6.80

Iteration#  31
FP
Class =  158
158-202.77.162.213-17.32773 and 904-192.168.10.125-6.80
['107-24.6.98.163-6.80', '158-202.77.162.213-17.32773', '1.09']


Iteration#  0
FP
Class =  107
107-24.6.98.163-6.80 and 158-202.77.162.213-17.32773

Iteration#  1
FP
Class =  309
107-24.6.98.163-6.80 and 158-202.77.162.213-17.32773

Iteration#  2
FP
Class =  114
107-24.6.98.163-6.80 and 158-202.77.162.213-17.32773

Iteration#  3
FP
Class =  909
107-24.6.98.163-6.80 and 158-202.77.162.213-17.32773

Iteration#  4
FP
Class =  119
107-24.6.98.163-6.80 and 158-202.77.162.213-17.32773

Iteration#  5
FP
Class =  606
107-24.6.98.163-6.80 and 158-202.77.162.213-17.32773

Iteration#  6
FP
Class =  103
107-24.6.98.163-6.80 and 158-202.77.162.213-17.32773

Iteration#  7
FP
Class =  600
107-24.6.98.163-6.80 and 158-202.77.162.213-17.32773

Iteration#  8
FP
Class =  115
107-24.6.98.163-6.80 and 158-202.77.162.213-17.32773

Iteration#  9
FP
Class =  103
107-24.6.98.163-6.80 and 158-202.77.162.213-17.32773

Iteration#  10
FP
Class =  903
107-24.6.98.163-6.80 and 158-202.77.162.213-17.32773

Iteration#  11
FP
Class =  301
107-24.6.98.163-6.80 and 158-202.77.162.213-17.32773

Iteration#  12
FP
Class =  900
107-24.6.98.163-6.80 and 158-202.77.162.213-17.32773

Iteration#  13
FP
Class =  101
107-24.6.98.163-6.80 and 158-202.77.162.213-17.32773

Iteration#  14
FP
Class =  157
107-24.6.98.163-6.80 and 158-202.77.162.213-17.32773

Iteration#  15
FP
Class =  113
107-24.6.98.163-6.80 and 158-202.77.162.213-17.32773

Iteration#  16
FP
Class =  706
107-24.6.98.163-6.80 and 158-202.77.162.213-17.32773

Iteration#  17
FP
Class =  608
107-24.6.98.163-6.80 and 158-202.77.162.213-17.32773

Iteration#  18
FP
Class =  106
107-24.6.98.163-6.80 and 158-202.77.162.213-17.32773

Iteration#  19
FP
Class =  303
107-24.6.98.163-6.80 and 158-202.77.162.213-17.32773

Iteration#  20
FP
Class =  100
107-24.6.98.163-6.80 and 158-202.77.162.213-17.32773

Iteration#  21
FP
Class =  105
107-24.6.98.163-6.80 and 158-202.77.162.213-17.32773

Iteration#  22
FP
Class =  605
107-24.6.98.163-6.80 and 158-202.77.162.213-17.32773

Iteration#  23
FP
Class =  118
107-24.6.98.163-6.80 and 158-202.77.162.213-17.32773

Iteration#  24
FP
Class =  702
107-24.6.98.163-6.80 and 158-202.77.162.213-17.32773

Iteration#  25
FP
Class =  306
107-24.6.98.163-6.80 and 158-202.77.162.213-17.32773

Iteration#  26
FP
Class =  905
107-24.6.98.163-6.80 and 158-202.77.162.213-17.32773

Iteration#  27
FP
Class =  908
107-24.6.98.163-6.80 and 158-202.77.162.213-17.32773

Iteration#  28
FP
Class =  907
107-24.6.98.163-6.80 and 158-202.77.162.213-17.32773

Iteration#  29
FP
Class =  108
107-24.6.98.163-6.80 and 158-202.77.162.213-17.32773

Iteration#  30
FP
Class =  107
107-24.6.98.163-6.80 and 158-202.77.162.213-17.32773

Iteration#  31
FP
Class =  158
107-24.6.98.163-6.80 and 158-202.77.162.213-17.32773
['107-24.6.98.163-6.80', '107-24.6.98.163-6.80', '0.0']


Iteration#  0
TP
Class =  107
107-24.6.98.163-6.80 and 107-24.6.98.163-6.80

Iteration#  1
FP
Class =  309
107-24.6.98.163-6.80 and 107-24.6.98.163-6.80

Iteration#  2
FP
Class =  114
107-24.6.98.163-6.80 and 107-24.6.98.163-6.80

Iteration#  3
FP
Class =  909
107-24.6.98.163-6.80 and 107-24.6.98.163-6.80

Iteration#  4
FP
Class =  119
107-24.6.98.163-6.80 and 107-24.6.98.163-6.80

Iteration#  5
FP
Class =  606
107-24.6.98.163-6.80 and 107-24.6.98.163-6.80

Iteration#  6
FP
Class =  103
107-24.6.98.163-6.80 and 107-24.6.98.163-6.80

Iteration#  7
FP
Class =  600
107-24.6.98.163-6.80 and 107-24.6.98.163-6.80

Iteration#  8
FP
Class =  115
107-24.6.98.163-6.80 and 107-24.6.98.163-6.80

Iteration#  9
FP
Class =  103
107-24.6.98.163-6.80 and 107-24.6.98.163-6.80

Iteration#  10
FP
Class =  903
107-24.6.98.163-6.80 and 107-24.6.98.163-6.80

Iteration#  11
FP
Class =  301
107-24.6.98.163-6.80 and 107-24.6.98.163-6.80

Iteration#  12
FP
Class =  900
107-24.6.98.163-6.80 and 107-24.6.98.163-6.80

Iteration#  13
FP
Class =  101
107-24.6.98.163-6.80 and 107-24.6.98.163-6.80

Iteration#  14
FP
Class =  157
107-24.6.98.163-6.80 and 107-24.6.98.163-6.80

Iteration#  15
FP
Class =  113
107-24.6.98.163-6.80 and 107-24.6.98.163-6.80

Iteration#  16
FP
Class =  706
107-24.6.98.163-6.80 and 107-24.6.98.163-6.80

Iteration#  17
FP
Class =  608
107-24.6.98.163-6.80 and 107-24.6.98.163-6.80

Iteration#  18
FP
Class =  106
107-24.6.98.163-6.80 and 107-24.6.98.163-6.80

Iteration#  19
FP
Class =  303
107-24.6.98.163-6.80 and 107-24.6.98.163-6.80

Iteration#  20
FP
Class =  100
107-24.6.98.163-6.80 and 107-24.6.98.163-6.80

Iteration#  21
FP
Class =  105
107-24.6.98.163-6.80 and 107-24.6.98.163-6.80

Iteration#  22
FP
Class =  605
107-24.6.98.163-6.80 and 107-24.6.98.163-6.80

Iteration#  23
FP
Class =  118
107-24.6.98.163-6.80 and 107-24.6.98.163-6.80

Iteration#  24
FP
Class =  702
107-24.6.98.163-6.80 and 107-24.6.98.163-6.80

Iteration#  25
FP
Class =  306
107-24.6.98.163-6.80 and 107-24.6.98.163-6.80

Iteration#  26
FP
Class =  905
107-24.6.98.163-6.80 and 107-24.6.98.163-6.80

Iteration#  27
FP
Class =  908
107-24.6.98.163-6.80 and 107-24.6.98.163-6.80

Iteration#  28
FP
Class =  907
107-24.6.98.163-6.80 and 107-24.6.98.163-6.80

Iteration#  29
FP
Class =  108
107-24.6.98.163-6.80 and 107-24.6.98.163-6.80

Iteration#  30
TP
Class =  107
107-24.6.98.163-6.80 and 107-24.6.98.163-6.80

Iteration#  31
FP
Class =  158
107-24.6.98.163-6.80 and 107-24.6.98.163-6.80
['107-24.6.98.163-6.80', '108-24.6.102.196-6.1588', '0.38']


Iteration#  0
FP
Class =  107
107-24.6.98.163-6.80 and 108-24.6.102.196-6.1588

Iteration#  1
FP
Class =  309
107-24.6.98.163-6.80 and 108-24.6.102.196-6.1588

Iteration#  2
FP
Class =  114
107-24.6.98.163-6.80 and 108-24.6.102.196-6.1588

Iteration#  3
FP
Class =  909
107-24.6.98.163-6.80 and 108-24.6.102.196-6.1588

Iteration#  4
FP
Class =  119
107-24.6.98.163-6.80 and 108-24.6.102.196-6.1588

Iteration#  5
FP
Class =  606
107-24.6.98.163-6.80 and 108-24.6.102.196-6.1588

Iteration#  6
FP
Class =  103
107-24.6.98.163-6.80 and 108-24.6.102.196-6.1588

Iteration#  7
FP
Class =  600
107-24.6.98.163-6.80 and 108-24.6.102.196-6.1588

Iteration#  8
FP
Class =  115
107-24.6.98.163-6.80 and 108-24.6.102.196-6.1588

Iteration#  9
FP
Class =  103
107-24.6.98.163-6.80 and 108-24.6.102.196-6.1588

Iteration#  10
FP
Class =  903
107-24.6.98.163-6.80 and 108-24.6.102.196-6.1588

Iteration#  11
FP
Class =  301
107-24.6.98.163-6.80 and 108-24.6.102.196-6.1588

Iteration#  12
FP
Class =  900
107-24.6.98.163-6.80 and 108-24.6.102.196-6.1588

Iteration#  13
FP
Class =  101
107-24.6.98.163-6.80 and 108-24.6.102.196-6.1588

Iteration#  14
FP
Class =  157
107-24.6.98.163-6.80 and 108-24.6.102.196-6.1588

Iteration#  15
FP
Class =  113
107-24.6.98.163-6.80 and 108-24.6.102.196-6.1588

Iteration#  16
FP
Class =  706
107-24.6.98.163-6.80 and 108-24.6.102.196-6.1588

Iteration#  17
FP
Class =  608
107-24.6.98.163-6.80 and 108-24.6.102.196-6.1588

Iteration#  18
FP
Class =  106
107-24.6.98.163-6.80 and 108-24.6.102.196-6.1588

Iteration#  19
FP
Class =  303
107-24.6.98.163-6.80 and 108-24.6.102.196-6.1588

Iteration#  20
FP
Class =  100
107-24.6.98.163-6.80 and 108-24.6.102.196-6.1588

Iteration#  21
FP
Class =  105
107-24.6.98.163-6.80 and 108-24.6.102.196-6.1588

Iteration#  22
FP
Class =  605
107-24.6.98.163-6.80 and 108-24.6.102.196-6.1588

Iteration#  23
FP
Class =  118
107-24.6.98.163-6.80 and 108-24.6.102.196-6.1588

Iteration#  24
FP
Class =  702
107-24.6.98.163-6.80 and 108-24.6.102.196-6.1588

Iteration#  25
FP
Class =  306
107-24.6.98.163-6.80 and 108-24.6.102.196-6.1588

Iteration#  26
FP
Class =  905
107-24.6.98.163-6.80 and 108-24.6.102.196-6.1588

Iteration#  27
FP
Class =  908
107-24.6.98.163-6.80 and 108-24.6.102.196-6.1588

Iteration#  28
FP
Class =  907
107-24.6.98.163-6.80 and 108-24.6.102.196-6.1588

Iteration#  29
FP
Class =  108
107-24.6.98.163-6.80 and 108-24.6.102.196-6.1588

Iteration#  30
FP
Class =  107
107-24.6.98.163-6.80 and 108-24.6.102.196-6.1588

Iteration#  31
FP
Class =  158
107-24.6.98.163-6.80 and 108-24.6.102.196-6.1588
['107-24.6.98.163-6.80', '907-192.168.10.125-6.80', '1.37']


Iteration#  0
FP
Class =  107
107-24.6.98.163-6.80 and 907-192.168.10.125-6.80

Iteration#  1
FP
Class =  309
107-24.6.98.163-6.80 and 907-192.168.10.125-6.80

Iteration#  2
FP
Class =  114
107-24.6.98.163-6.80 and 907-192.168.10.125-6.80

Iteration#  3
FP
Class =  909
107-24.6.98.163-6.80 and 907-192.168.10.125-6.80

Iteration#  4
FP
Class =  119
107-24.6.98.163-6.80 and 907-192.168.10.125-6.80

Iteration#  5
FP
Class =  606
107-24.6.98.163-6.80 and 907-192.168.10.125-6.80

Iteration#  6
FP
Class =  103
107-24.6.98.163-6.80 and 907-192.168.10.125-6.80

Iteration#  7
FP
Class =  600
107-24.6.98.163-6.80 and 907-192.168.10.125-6.80

Iteration#  8
FP
Class =  115
107-24.6.98.163-6.80 and 907-192.168.10.125-6.80

Iteration#  9
FP
Class =  103
107-24.6.98.163-6.80 and 907-192.168.10.125-6.80

Iteration#  10
FP
Class =  903
107-24.6.98.163-6.80 and 907-192.168.10.125-6.80

Iteration#  11
FP
Class =  301
107-24.6.98.163-6.80 and 907-192.168.10.125-6.80

Iteration#  12
FP
Class =  900
107-24.6.98.163-6.80 and 907-192.168.10.125-6.80

Iteration#  13
FP
Class =  101
107-24.6.98.163-6.80 and 907-192.168.10.125-6.80

Iteration#  14
FP
Class =  157
107-24.6.98.163-6.80 and 907-192.168.10.125-6.80

Iteration#  15
FP
Class =  113
107-24.6.98.163-6.80 and 907-192.168.10.125-6.80

Iteration#  16
FP
Class =  706
107-24.6.98.163-6.80 and 907-192.168.10.125-6.80

Iteration#  17
FP
Class =  608
107-24.6.98.163-6.80 and 907-192.168.10.125-6.80

Iteration#  18
FP
Class =  106
107-24.6.98.163-6.80 and 907-192.168.10.125-6.80

Iteration#  19
FP
Class =  303
107-24.6.98.163-6.80 and 907-192.168.10.125-6.80

Iteration#  20
FP
Class =  100
107-24.6.98.163-6.80 and 907-192.168.10.125-6.80

Iteration#  21
FP
Class =  105
107-24.6.98.163-6.80 and 907-192.168.10.125-6.80

Iteration#  22
FP
Class =  605
107-24.6.98.163-6.80 and 907-192.168.10.125-6.80

Iteration#  23
FP
Class =  118
107-24.6.98.163-6.80 and 907-192.168.10.125-6.80

Iteration#  24
FP
Class =  702
107-24.6.98.163-6.80 and 907-192.168.10.125-6.80

Iteration#  25
FP
Class =  306
107-24.6.98.163-6.80 and 907-192.168.10.125-6.80

Iteration#  26
FP
Class =  905
107-24.6.98.163-6.80 and 907-192.168.10.125-6.80

Iteration#  27
FP
Class =  908
107-24.6.98.163-6.80 and 907-192.168.10.125-6.80

Iteration#  28
FP
Class =  907
107-24.6.98.163-6.80 and 907-192.168.10.125-6.80

Iteration#  29
FP
Class =  108
107-24.6.98.163-6.80 and 907-192.168.10.125-6.80

Iteration#  30
FP
Class =  107
107-24.6.98.163-6.80 and 907-192.168.10.125-6.80

Iteration#  31
FP
Class =  158
107-24.6.98.163-6.80 and 907-192.168.10.125-6.80
['107-24.6.98.163-6.80', '908-192.168.10.125-17.53', '1.37']


Iteration#  0
FP
Class =  107
107-24.6.98.163-6.80 and 908-192.168.10.125-17.53

Iteration#  1
FP
Class =  309
107-24.6.98.163-6.80 and 908-192.168.10.125-17.53

Iteration#  2
FP
Class =  114
107-24.6.98.163-6.80 and 908-192.168.10.125-17.53

Iteration#  3
FP
Class =  909
107-24.6.98.163-6.80 and 908-192.168.10.125-17.53

Iteration#  4
FP
Class =  119
107-24.6.98.163-6.80 and 908-192.168.10.125-17.53

Iteration#  5
FP
Class =  606
107-24.6.98.163-6.80 and 908-192.168.10.125-17.53

Iteration#  6
FP
Class =  103
107-24.6.98.163-6.80 and 908-192.168.10.125-17.53

Iteration#  7
FP
Class =  600
107-24.6.98.163-6.80 and 908-192.168.10.125-17.53

Iteration#  8
FP
Class =  115
107-24.6.98.163-6.80 and 908-192.168.10.125-17.53

Iteration#  9
FP
Class =  103
107-24.6.98.163-6.80 and 908-192.168.10.125-17.53

Iteration#  10
FP
Class =  903
107-24.6.98.163-6.80 and 908-192.168.10.125-17.53

Iteration#  11
FP
Class =  301
107-24.6.98.163-6.80 and 908-192.168.10.125-17.53

Iteration#  12
FP
Class =  900
107-24.6.98.163-6.80 and 908-192.168.10.125-17.53

Iteration#  13
FP
Class =  101
107-24.6.98.163-6.80 and 908-192.168.10.125-17.53

Iteration#  14
FP
Class =  157
107-24.6.98.163-6.80 and 908-192.168.10.125-17.53

Iteration#  15
FP
Class =  113
107-24.6.98.163-6.80 and 908-192.168.10.125-17.53

Iteration#  16
FP
Class =  706
107-24.6.98.163-6.80 and 908-192.168.10.125-17.53

Iteration#  17
FP
Class =  608
107-24.6.98.163-6.80 and 908-192.168.10.125-17.53

Iteration#  18
FP
Class =  106
107-24.6.98.163-6.80 and 908-192.168.10.125-17.53

Iteration#  19
FP
Class =  303
107-24.6.98.163-6.80 and 908-192.168.10.125-17.53

Iteration#  20
FP
Class =  100
107-24.6.98.163-6.80 and 908-192.168.10.125-17.53

Iteration#  21
FP
Class =  105
107-24.6.98.163-6.80 and 908-192.168.10.125-17.53

Iteration#  22
FP
Class =  605
107-24.6.98.163-6.80 and 908-192.168.10.125-17.53

Iteration#  23
FP
Class =  118
107-24.6.98.163-6.80 and 908-192.168.10.125-17.53

Iteration#  24
FP
Class =  702
107-24.6.98.163-6.80 and 908-192.168.10.125-17.53

Iteration#  25
FP
Class =  306
107-24.6.98.163-6.80 and 908-192.168.10.125-17.53

Iteration#  26
FP
Class =  905
107-24.6.98.163-6.80 and 908-192.168.10.125-17.53

Iteration#  27
FP
Class =  908
107-24.6.98.163-6.80 and 908-192.168.10.125-17.53

Iteration#  28
FP
Class =  907
107-24.6.98.163-6.80 and 908-192.168.10.125-17.53

Iteration#  29
FP
Class =  108
107-24.6.98.163-6.80 and 908-192.168.10.125-17.53

Iteration#  30
FP
Class =  107
107-24.6.98.163-6.80 and 908-192.168.10.125-17.53

Iteration#  31
FP
Class =  158
107-24.6.98.163-6.80 and 908-192.168.10.125-17.53
['107-24.6.98.163-6.80', '905-212.58.253.68-6.1368', '1.38']


Iteration#  0
FP
Class =  107
107-24.6.98.163-6.80 and 905-212.58.253.68-6.1368

Iteration#  1
FP
Class =  309
107-24.6.98.163-6.80 and 905-212.58.253.68-6.1368

Iteration#  2
FP
Class =  114
107-24.6.98.163-6.80 and 905-212.58.253.68-6.1368

Iteration#  3
FP
Class =  909
107-24.6.98.163-6.80 and 905-212.58.253.68-6.1368

Iteration#  4
FP
Class =  119
107-24.6.98.163-6.80 and 905-212.58.253.68-6.1368

Iteration#  5
FP
Class =  606
107-24.6.98.163-6.80 and 905-212.58.253.68-6.1368

Iteration#  6
FP
Class =  103
107-24.6.98.163-6.80 and 905-212.58.253.68-6.1368

Iteration#  7
FP
Class =  600
107-24.6.98.163-6.80 and 905-212.58.253.68-6.1368

Iteration#  8
FP
Class =  115
107-24.6.98.163-6.80 and 905-212.58.253.68-6.1368

Iteration#  9
FP
Class =  103
107-24.6.98.163-6.80 and 905-212.58.253.68-6.1368

Iteration#  10
FP
Class =  903
107-24.6.98.163-6.80 and 905-212.58.253.68-6.1368

Iteration#  11
FP
Class =  301
107-24.6.98.163-6.80 and 905-212.58.253.68-6.1368

Iteration#  12
FP
Class =  900
107-24.6.98.163-6.80 and 905-212.58.253.68-6.1368

Iteration#  13
FP
Class =  101
107-24.6.98.163-6.80 and 905-212.58.253.68-6.1368

Iteration#  14
FP
Class =  157
107-24.6.98.163-6.80 and 905-212.58.253.68-6.1368

Iteration#  15
FP
Class =  113
107-24.6.98.163-6.80 and 905-212.58.253.68-6.1368

Iteration#  16
FP
Class =  706
107-24.6.98.163-6.80 and 905-212.58.253.68-6.1368

Iteration#  17
FP
Class =  608
107-24.6.98.163-6.80 and 905-212.58.253.68-6.1368

Iteration#  18
FP
Class =  106
107-24.6.98.163-6.80 and 905-212.58.253.68-6.1368

Iteration#  19
FP
Class =  303
107-24.6.98.163-6.80 and 905-212.58.253.68-6.1368

Iteration#  20
FP
Class =  100
107-24.6.98.163-6.80 and 905-212.58.253.68-6.1368

Iteration#  21
FP
Class =  105
107-24.6.98.163-6.80 and 905-212.58.253.68-6.1368

Iteration#  22
FP
Class =  605
107-24.6.98.163-6.80 and 905-212.58.253.68-6.1368

Iteration#  23
FP
Class =  118
107-24.6.98.163-6.80 and 905-212.58.253.68-6.1368

Iteration#  24
FP
Class =  702
107-24.6.98.163-6.80 and 905-212.58.253.68-6.1368

Iteration#  25
FP
Class =  306
107-24.6.98.163-6.80 and 905-212.58.253.68-6.1368

Iteration#  26
FP
Class =  905
107-24.6.98.163-6.80 and 905-212.58.253.68-6.1368

Iteration#  27
FP
Class =  908
107-24.6.98.163-6.80 and 905-212.58.253.68-6.1368

Iteration#  28
FP
Class =  907
107-24.6.98.163-6.80 and 905-212.58.253.68-6.1368

Iteration#  29
FP
Class =  108
107-24.6.98.163-6.80 and 905-212.58.253.68-6.1368

Iteration#  30
FP
Class =  107
107-24.6.98.163-6.80 and 905-212.58.253.68-6.1368

Iteration#  31
FP
Class =  158
107-24.6.98.163-6.80 and 905-212.58.253.68-6.1368
['107-24.6.98.163-6.80', '306-192.168.10.101-6.1171', '1.05']


Iteration#  0
FP
Class =  107
107-24.6.98.163-6.80 and 306-192.168.10.101-6.1171

Iteration#  1
FP
Class =  309
107-24.6.98.163-6.80 and 306-192.168.10.101-6.1171

Iteration#  2
FP
Class =  114
107-24.6.98.163-6.80 and 306-192.168.10.101-6.1171

Iteration#  3
FP
Class =  909
107-24.6.98.163-6.80 and 306-192.168.10.101-6.1171

Iteration#  4
FP
Class =  119
107-24.6.98.163-6.80 and 306-192.168.10.101-6.1171

Iteration#  5
FP
Class =  606
107-24.6.98.163-6.80 and 306-192.168.10.101-6.1171

Iteration#  6
FP
Class =  103
107-24.6.98.163-6.80 and 306-192.168.10.101-6.1171

Iteration#  7
FP
Class =  600
107-24.6.98.163-6.80 and 306-192.168.10.101-6.1171

Iteration#  8
FP
Class =  115
107-24.6.98.163-6.80 and 306-192.168.10.101-6.1171

Iteration#  9
FP
Class =  103
107-24.6.98.163-6.80 and 306-192.168.10.101-6.1171

Iteration#  10
FP
Class =  903
107-24.6.98.163-6.80 and 306-192.168.10.101-6.1171

Iteration#  11
FP
Class =  301
107-24.6.98.163-6.80 and 306-192.168.10.101-6.1171

Iteration#  12
FP
Class =  900
107-24.6.98.163-6.80 and 306-192.168.10.101-6.1171

Iteration#  13
FP
Class =  101
107-24.6.98.163-6.80 and 306-192.168.10.101-6.1171

Iteration#  14
FP
Class =  157
107-24.6.98.163-6.80 and 306-192.168.10.101-6.1171

Iteration#  15
FP
Class =  113
107-24.6.98.163-6.80 and 306-192.168.10.101-6.1171

Iteration#  16
FP
Class =  706
107-24.6.98.163-6.80 and 306-192.168.10.101-6.1171

Iteration#  17
FP
Class =  608
107-24.6.98.163-6.80 and 306-192.168.10.101-6.1171

Iteration#  18
FP
Class =  106
107-24.6.98.163-6.80 and 306-192.168.10.101-6.1171

Iteration#  19
FP
Class =  303
107-24.6.98.163-6.80 and 306-192.168.10.101-6.1171

Iteration#  20
FP
Class =  100
107-24.6.98.163-6.80 and 306-192.168.10.101-6.1171

Iteration#  21
FP
Class =  105
107-24.6.98.163-6.80 and 306-192.168.10.101-6.1171

Iteration#  22
FP
Class =  605
107-24.6.98.163-6.80 and 306-192.168.10.101-6.1171

Iteration#  23
FP
Class =  118
107-24.6.98.163-6.80 and 306-192.168.10.101-6.1171

Iteration#  24
FP
Class =  702
107-24.6.98.163-6.80 and 306-192.168.10.101-6.1171

Iteration#  25
FP
Class =  306
107-24.6.98.163-6.80 and 306-192.168.10.101-6.1171

Iteration#  26
FP
Class =  905
107-24.6.98.163-6.80 and 306-192.168.10.101-6.1171

Iteration#  27
FP
Class =  908
107-24.6.98.163-6.80 and 306-192.168.10.101-6.1171

Iteration#  28
FP
Class =  907
107-24.6.98.163-6.80 and 306-192.168.10.101-6.1171

Iteration#  29
FP
Class =  108
107-24.6.98.163-6.80 and 306-192.168.10.101-6.1171

Iteration#  30
FP
Class =  107
107-24.6.98.163-6.80 and 306-192.168.10.101-6.1171

Iteration#  31
FP
Class =  158
107-24.6.98.163-6.80 and 306-192.168.10.101-6.1171
['107-24.6.98.163-6.80', '702-192.168.10.101-17.34070', '0.6']


Iteration#  0
FP
Class =  107
107-24.6.98.163-6.80 and 702-192.168.10.101-17.34070

Iteration#  1
FP
Class =  309
107-24.6.98.163-6.80 and 702-192.168.10.101-17.34070

Iteration#  2
FP
Class =  114
107-24.6.98.163-6.80 and 702-192.168.10.101-17.34070

Iteration#  3
FP
Class =  909
107-24.6.98.163-6.80 and 702-192.168.10.101-17.34070

Iteration#  4
FP
Class =  119
107-24.6.98.163-6.80 and 702-192.168.10.101-17.34070

Iteration#  5
FP
Class =  606
107-24.6.98.163-6.80 and 702-192.168.10.101-17.34070

Iteration#  6
FP
Class =  103
107-24.6.98.163-6.80 and 702-192.168.10.101-17.34070

Iteration#  7
FP
Class =  600
107-24.6.98.163-6.80 and 702-192.168.10.101-17.34070

Iteration#  8
FP
Class =  115
107-24.6.98.163-6.80 and 702-192.168.10.101-17.34070

Iteration#  9
FP
Class =  103
107-24.6.98.163-6.80 and 702-192.168.10.101-17.34070

Iteration#  10
FP
Class =  903
107-24.6.98.163-6.80 and 702-192.168.10.101-17.34070

Iteration#  11
FP
Class =  301
107-24.6.98.163-6.80 and 702-192.168.10.101-17.34070

Iteration#  12
FP
Class =  900
107-24.6.98.163-6.80 and 702-192.168.10.101-17.34070

Iteration#  13
FP
Class =  101
107-24.6.98.163-6.80 and 702-192.168.10.101-17.34070

Iteration#  14
FP
Class =  157
107-24.6.98.163-6.80 and 702-192.168.10.101-17.34070

Iteration#  15
FP
Class =  113
107-24.6.98.163-6.80 and 702-192.168.10.101-17.34070

Iteration#  16
FP
Class =  706
107-24.6.98.163-6.80 and 702-192.168.10.101-17.34070

Iteration#  17
FP
Class =  608
107-24.6.98.163-6.80 and 702-192.168.10.101-17.34070

Iteration#  18
FP
Class =  106
107-24.6.98.163-6.80 and 702-192.168.10.101-17.34070

Iteration#  19
FP
Class =  303
107-24.6.98.163-6.80 and 702-192.168.10.101-17.34070

Iteration#  20
FP
Class =  100
107-24.6.98.163-6.80 and 702-192.168.10.101-17.34070

Iteration#  21
FP
Class =  105
107-24.6.98.163-6.80 and 702-192.168.10.101-17.34070

Iteration#  22
FP
Class =  605
107-24.6.98.163-6.80 and 702-192.168.10.101-17.34070

Iteration#  23
FP
Class =  118
107-24.6.98.163-6.80 and 702-192.168.10.101-17.34070

Iteration#  24
FP
Class =  702
107-24.6.98.163-6.80 and 702-192.168.10.101-17.34070

Iteration#  25
FP
Class =  306
107-24.6.98.163-6.80 and 702-192.168.10.101-17.34070

Iteration#  26
FP
Class =  905
107-24.6.98.163-6.80 and 702-192.168.10.101-17.34070

Iteration#  27
FP
Class =  908
107-24.6.98.163-6.80 and 702-192.168.10.101-17.34070

Iteration#  28
FP
Class =  907
107-24.6.98.163-6.80 and 702-192.168.10.101-17.34070

Iteration#  29
FP
Class =  108
107-24.6.98.163-6.80 and 702-192.168.10.101-17.34070

Iteration#  30
FP
Class =  107
107-24.6.98.163-6.80 and 702-192.168.10.101-17.34070

Iteration#  31
FP
Class =  158
107-24.6.98.163-6.80 and 702-192.168.10.101-17.34070
['107-24.6.98.163-6.80', '118-24.6.98.163-6.80', '0.05']


Iteration#  0
FP
Class =  107
107-24.6.98.163-6.80 and 118-24.6.98.163-6.80

Iteration#  1
FP
Class =  309
107-24.6.98.163-6.80 and 118-24.6.98.163-6.80

Iteration#  2
FP
Class =  114
107-24.6.98.163-6.80 and 118-24.6.98.163-6.80

Iteration#  3
FP
Class =  909
107-24.6.98.163-6.80 and 118-24.6.98.163-6.80

Iteration#  4
FP
Class =  119
107-24.6.98.163-6.80 and 118-24.6.98.163-6.80

Iteration#  5
FP
Class =  606
107-24.6.98.163-6.80 and 118-24.6.98.163-6.80

Iteration#  6
FP
Class =  103
107-24.6.98.163-6.80 and 118-24.6.98.163-6.80

Iteration#  7
FP
Class =  600
107-24.6.98.163-6.80 and 118-24.6.98.163-6.80

Iteration#  8
FP
Class =  115
107-24.6.98.163-6.80 and 118-24.6.98.163-6.80

Iteration#  9
FP
Class =  103
107-24.6.98.163-6.80 and 118-24.6.98.163-6.80

Iteration#  10
FP
Class =  903
107-24.6.98.163-6.80 and 118-24.6.98.163-6.80

Iteration#  11
FP
Class =  301
107-24.6.98.163-6.80 and 118-24.6.98.163-6.80

Iteration#  12
FP
Class =  900
107-24.6.98.163-6.80 and 118-24.6.98.163-6.80

Iteration#  13
FP
Class =  101
107-24.6.98.163-6.80 and 118-24.6.98.163-6.80

Iteration#  14
FP
Class =  157
107-24.6.98.163-6.80 and 118-24.6.98.163-6.80

Iteration#  15
FP
Class =  113
107-24.6.98.163-6.80 and 118-24.6.98.163-6.80

Iteration#  16
FP
Class =  706
107-24.6.98.163-6.80 and 118-24.6.98.163-6.80

Iteration#  17
FP
Class =  608
107-24.6.98.163-6.80 and 118-24.6.98.163-6.80

Iteration#  18
FP
Class =  106
107-24.6.98.163-6.80 and 118-24.6.98.163-6.80

Iteration#  19
FP
Class =  303
107-24.6.98.163-6.80 and 118-24.6.98.163-6.80

Iteration#  20
FP
Class =  100
107-24.6.98.163-6.80 and 118-24.6.98.163-6.80

Iteration#  21
FP
Class =  105
107-24.6.98.163-6.80 and 118-24.6.98.163-6.80

Iteration#  22
FP
Class =  605
107-24.6.98.163-6.80 and 118-24.6.98.163-6.80

Iteration#  23
FP
Class =  118
107-24.6.98.163-6.80 and 118-24.6.98.163-6.80

Iteration#  24
FP
Class =  702
107-24.6.98.163-6.80 and 118-24.6.98.163-6.80

Iteration#  25
FP
Class =  306
107-24.6.98.163-6.80 and 118-24.6.98.163-6.80

Iteration#  26
FP
Class =  905
107-24.6.98.163-6.80 and 118-24.6.98.163-6.80

Iteration#  27
FP
Class =  908
107-24.6.98.163-6.80 and 118-24.6.98.163-6.80

Iteration#  28
FP
Class =  907
107-24.6.98.163-6.80 and 118-24.6.98.163-6.80

Iteration#  29
FP
Class =  108
107-24.6.98.163-6.80 and 118-24.6.98.163-6.80

Iteration#  30
FP
Class =  107
107-24.6.98.163-6.80 and 118-24.6.98.163-6.80

Iteration#  31
FP
Class =  158
107-24.6.98.163-6.80 and 118-24.6.98.163-6.80
['107-24.6.98.163-6.80', '605-192.168.10.102-6.1180', '0.61']


Iteration#  0
FP
Class =  107
107-24.6.98.163-6.80 and 605-192.168.10.102-6.1180

Iteration#  1
FP
Class =  309
107-24.6.98.163-6.80 and 605-192.168.10.102-6.1180

Iteration#  2
FP
Class =  114
107-24.6.98.163-6.80 and 605-192.168.10.102-6.1180

Iteration#  3
FP
Class =  909
107-24.6.98.163-6.80 and 605-192.168.10.102-6.1180

Iteration#  4
FP
Class =  119
107-24.6.98.163-6.80 and 605-192.168.10.102-6.1180

Iteration#  5
FP
Class =  606
107-24.6.98.163-6.80 and 605-192.168.10.102-6.1180

Iteration#  6
FP
Class =  103
107-24.6.98.163-6.80 and 605-192.168.10.102-6.1180

Iteration#  7
FP
Class =  600
107-24.6.98.163-6.80 and 605-192.168.10.102-6.1180

Iteration#  8
FP
Class =  115
107-24.6.98.163-6.80 and 605-192.168.10.102-6.1180

Iteration#  9
FP
Class =  103
107-24.6.98.163-6.80 and 605-192.168.10.102-6.1180

Iteration#  10
FP
Class =  903
107-24.6.98.163-6.80 and 605-192.168.10.102-6.1180

Iteration#  11
FP
Class =  301
107-24.6.98.163-6.80 and 605-192.168.10.102-6.1180

Iteration#  12
FP
Class =  900
107-24.6.98.163-6.80 and 605-192.168.10.102-6.1180

Iteration#  13
FP
Class =  101
107-24.6.98.163-6.80 and 605-192.168.10.102-6.1180

Iteration#  14
FP
Class =  157
107-24.6.98.163-6.80 and 605-192.168.10.102-6.1180

Iteration#  15
FP
Class =  113
107-24.6.98.163-6.80 and 605-192.168.10.102-6.1180

Iteration#  16
FP
Class =  706
107-24.6.98.163-6.80 and 605-192.168.10.102-6.1180

Iteration#  17
FP
Class =  608
107-24.6.98.163-6.80 and 605-192.168.10.102-6.1180

Iteration#  18
FP
Class =  106
107-24.6.98.163-6.80 and 605-192.168.10.102-6.1180

Iteration#  19
FP
Class =  303
107-24.6.98.163-6.80 and 605-192.168.10.102-6.1180

Iteration#  20
FP
Class =  100
107-24.6.98.163-6.80 and 605-192.168.10.102-6.1180

Iteration#  21
FP
Class =  105
107-24.6.98.163-6.80 and 605-192.168.10.102-6.1180

Iteration#  22
FP
Class =  605
107-24.6.98.163-6.80 and 605-192.168.10.102-6.1180

Iteration#  23
FP
Class =  118
107-24.6.98.163-6.80 and 605-192.168.10.102-6.1180

Iteration#  24
FP
Class =  702
107-24.6.98.163-6.80 and 605-192.168.10.102-6.1180

Iteration#  25
FP
Class =  306
107-24.6.98.163-6.80 and 605-192.168.10.102-6.1180

Iteration#  26
FP
Class =  905
107-24.6.98.163-6.80 and 605-192.168.10.102-6.1180

Iteration#  27
FP
Class =  908
107-24.6.98.163-6.80 and 605-192.168.10.102-6.1180

Iteration#  28
FP
Class =  907
107-24.6.98.163-6.80 and 605-192.168.10.102-6.1180

Iteration#  29
FP
Class =  108
107-24.6.98.163-6.80 and 605-192.168.10.102-6.1180

Iteration#  30
FP
Class =  107
107-24.6.98.163-6.80 and 605-192.168.10.102-6.1180

Iteration#  31
FP
Class =  158
107-24.6.98.163-6.80 and 605-192.168.10.102-6.1180
['107-24.6.98.163-6.80', '105-24.6.102.196-6.1585', '0.39']


Iteration#  0
FP
Class =  107
107-24.6.98.163-6.80 and 105-24.6.102.196-6.1585

Iteration#  1
FP
Class =  309
107-24.6.98.163-6.80 and 105-24.6.102.196-6.1585

Iteration#  2
FP
Class =  114
107-24.6.98.163-6.80 and 105-24.6.102.196-6.1585

Iteration#  3
FP
Class =  909
107-24.6.98.163-6.80 and 105-24.6.102.196-6.1585

Iteration#  4
FP
Class =  119
107-24.6.98.163-6.80 and 105-24.6.102.196-6.1585

Iteration#  5
FP
Class =  606
107-24.6.98.163-6.80 and 105-24.6.102.196-6.1585

Iteration#  6
FP
Class =  103
107-24.6.98.163-6.80 and 105-24.6.102.196-6.1585

Iteration#  7
FP
Class =  600
107-24.6.98.163-6.80 and 105-24.6.102.196-6.1585

Iteration#  8
FP
Class =  115
107-24.6.98.163-6.80 and 105-24.6.102.196-6.1585

Iteration#  9
FP
Class =  103
107-24.6.98.163-6.80 and 105-24.6.102.196-6.1585

Iteration#  10
FP
Class =  903
107-24.6.98.163-6.80 and 105-24.6.102.196-6.1585

Iteration#  11
FP
Class =  301
107-24.6.98.163-6.80 and 105-24.6.102.196-6.1585

Iteration#  12
FP
Class =  900
107-24.6.98.163-6.80 and 105-24.6.102.196-6.1585

Iteration#  13
FP
Class =  101
107-24.6.98.163-6.80 and 105-24.6.102.196-6.1585

Iteration#  14
FP
Class =  157
107-24.6.98.163-6.80 and 105-24.6.102.196-6.1585

Iteration#  15
FP
Class =  113
107-24.6.98.163-6.80 and 105-24.6.102.196-6.1585

Iteration#  16
FP
Class =  706
107-24.6.98.163-6.80 and 105-24.6.102.196-6.1585

Iteration#  17
FP
Class =  608
107-24.6.98.163-6.80 and 105-24.6.102.196-6.1585

Iteration#  18
FP
Class =  106
107-24.6.98.163-6.80 and 105-24.6.102.196-6.1585

Iteration#  19
FP
Class =  303
107-24.6.98.163-6.80 and 105-24.6.102.196-6.1585

Iteration#  20
FP
Class =  100
107-24.6.98.163-6.80 and 105-24.6.102.196-6.1585

Iteration#  21
FP
Class =  105
107-24.6.98.163-6.80 and 105-24.6.102.196-6.1585

Iteration#  22
FP
Class =  605
107-24.6.98.163-6.80 and 105-24.6.102.196-6.1585

Iteration#  23
FP
Class =  118
107-24.6.98.163-6.80 and 105-24.6.102.196-6.1585

Iteration#  24
FP
Class =  702
107-24.6.98.163-6.80 and 105-24.6.102.196-6.1585

Iteration#  25
FP
Class =  306
107-24.6.98.163-6.80 and 105-24.6.102.196-6.1585

Iteration#  26
FP
Class =  905
107-24.6.98.163-6.80 and 105-24.6.102.196-6.1585

Iteration#  27
FP
Class =  908
107-24.6.98.163-6.80 and 105-24.6.102.196-6.1585

Iteration#  28
FP
Class =  907
107-24.6.98.163-6.80 and 105-24.6.102.196-6.1585

Iteration#  29
FP
Class =  108
107-24.6.98.163-6.80 and 105-24.6.102.196-6.1585

Iteration#  30
FP
Class =  107
107-24.6.98.163-6.80 and 105-24.6.102.196-6.1585

Iteration#  31
FP
Class =  158
107-24.6.98.163-6.80 and 105-24.6.102.196-6.1585
['107-24.6.98.163-6.80', '100-24.6.98.163-6.80', '0.03']


Iteration#  0
FP
Class =  107
107-24.6.98.163-6.80 and 100-24.6.98.163-6.80

Iteration#  1
FP
Class =  309
107-24.6.98.163-6.80 and 100-24.6.98.163-6.80

Iteration#  2
FP
Class =  114
107-24.6.98.163-6.80 and 100-24.6.98.163-6.80

Iteration#  3
FP
Class =  909
107-24.6.98.163-6.80 and 100-24.6.98.163-6.80

Iteration#  4
FP
Class =  119
107-24.6.98.163-6.80 and 100-24.6.98.163-6.80

Iteration#  5
FP
Class =  606
107-24.6.98.163-6.80 and 100-24.6.98.163-6.80

Iteration#  6
FP
Class =  103
107-24.6.98.163-6.80 and 100-24.6.98.163-6.80

Iteration#  7
FP
Class =  600
107-24.6.98.163-6.80 and 100-24.6.98.163-6.80

Iteration#  8
FP
Class =  115
107-24.6.98.163-6.80 and 100-24.6.98.163-6.80

Iteration#  9
FP
Class =  103
107-24.6.98.163-6.80 and 100-24.6.98.163-6.80

Iteration#  10
FP
Class =  903
107-24.6.98.163-6.80 and 100-24.6.98.163-6.80

Iteration#  11
FP
Class =  301
107-24.6.98.163-6.80 and 100-24.6.98.163-6.80

Iteration#  12
FP
Class =  900
107-24.6.98.163-6.80 and 100-24.6.98.163-6.80

Iteration#  13
FP
Class =  101
107-24.6.98.163-6.80 and 100-24.6.98.163-6.80

Iteration#  14
FP
Class =  157
107-24.6.98.163-6.80 and 100-24.6.98.163-6.80

Iteration#  15
FP
Class =  113
107-24.6.98.163-6.80 and 100-24.6.98.163-6.80

Iteration#  16
FP
Class =  706
107-24.6.98.163-6.80 and 100-24.6.98.163-6.80

Iteration#  17
FP
Class =  608
107-24.6.98.163-6.80 and 100-24.6.98.163-6.80

Iteration#  18
FP
Class =  106
107-24.6.98.163-6.80 and 100-24.6.98.163-6.80

Iteration#  19
FP
Class =  303
107-24.6.98.163-6.80 and 100-24.6.98.163-6.80

Iteration#  20
FP
Class =  100
107-24.6.98.163-6.80 and 100-24.6.98.163-6.80

Iteration#  21
FP
Class =  105
107-24.6.98.163-6.80 and 100-24.6.98.163-6.80

Iteration#  22
FP
Class =  605
107-24.6.98.163-6.80 and 100-24.6.98.163-6.80

Iteration#  23
FP
Class =  118
107-24.6.98.163-6.80 and 100-24.6.98.163-6.80

Iteration#  24
FP
Class =  702
107-24.6.98.163-6.80 and 100-24.6.98.163-6.80

Iteration#  25
FP
Class =  306
107-24.6.98.163-6.80 and 100-24.6.98.163-6.80

Iteration#  26
FP
Class =  905
107-24.6.98.163-6.80 and 100-24.6.98.163-6.80

Iteration#  27
FP
Class =  908
107-24.6.98.163-6.80 and 100-24.6.98.163-6.80

Iteration#  28
FP
Class =  907
107-24.6.98.163-6.80 and 100-24.6.98.163-6.80

Iteration#  29
FP
Class =  108
107-24.6.98.163-6.80 and 100-24.6.98.163-6.80

Iteration#  30
FP
Class =  107
107-24.6.98.163-6.80 and 100-24.6.98.163-6.80

Iteration#  31
FP
Class =  158
107-24.6.98.163-6.80 and 100-24.6.98.163-6.80
['107-24.6.98.163-6.80', '303-192.168.10.126-6.445', '1.38']


Iteration#  0
FP
Class =  107
107-24.6.98.163-6.80 and 303-192.168.10.126-6.445

Iteration#  1
FP
Class =  309
107-24.6.98.163-6.80 and 303-192.168.10.126-6.445

Iteration#  2
FP
Class =  114
107-24.6.98.163-6.80 and 303-192.168.10.126-6.445

Iteration#  3
FP
Class =  909
107-24.6.98.163-6.80 and 303-192.168.10.126-6.445

Iteration#  4
FP
Class =  119
107-24.6.98.163-6.80 and 303-192.168.10.126-6.445

Iteration#  5
FP
Class =  606
107-24.6.98.163-6.80 and 303-192.168.10.126-6.445

Iteration#  6
FP
Class =  103
107-24.6.98.163-6.80 and 303-192.168.10.126-6.445

Iteration#  7
FP
Class =  600
107-24.6.98.163-6.80 and 303-192.168.10.126-6.445

Iteration#  8
FP
Class =  115
107-24.6.98.163-6.80 and 303-192.168.10.126-6.445

Iteration#  9
FP
Class =  103
107-24.6.98.163-6.80 and 303-192.168.10.126-6.445

Iteration#  10
FP
Class =  903
107-24.6.98.163-6.80 and 303-192.168.10.126-6.445

Iteration#  11
FP
Class =  301
107-24.6.98.163-6.80 and 303-192.168.10.126-6.445

Iteration#  12
FP
Class =  900
107-24.6.98.163-6.80 and 303-192.168.10.126-6.445

Iteration#  13
FP
Class =  101
107-24.6.98.163-6.80 and 303-192.168.10.126-6.445

Iteration#  14
FP
Class =  157
107-24.6.98.163-6.80 and 303-192.168.10.126-6.445

Iteration#  15
FP
Class =  113
107-24.6.98.163-6.80 and 303-192.168.10.126-6.445

Iteration#  16
FP
Class =  706
107-24.6.98.163-6.80 and 303-192.168.10.126-6.445

Iteration#  17
FP
Class =  608
107-24.6.98.163-6.80 and 303-192.168.10.126-6.445

Iteration#  18
FP
Class =  106
107-24.6.98.163-6.80 and 303-192.168.10.126-6.445

Iteration#  19
FP
Class =  303
107-24.6.98.163-6.80 and 303-192.168.10.126-6.445

Iteration#  20
FP
Class =  100
107-24.6.98.163-6.80 and 303-192.168.10.126-6.445

Iteration#  21
FP
Class =  105
107-24.6.98.163-6.80 and 303-192.168.10.126-6.445

Iteration#  22
FP
Class =  605
107-24.6.98.163-6.80 and 303-192.168.10.126-6.445

Iteration#  23
FP
Class =  118
107-24.6.98.163-6.80 and 303-192.168.10.126-6.445

Iteration#  24
FP
Class =  702
107-24.6.98.163-6.80 and 303-192.168.10.126-6.445

Iteration#  25
FP
Class =  306
107-24.6.98.163-6.80 and 303-192.168.10.126-6.445

Iteration#  26
FP
Class =  905
107-24.6.98.163-6.80 and 303-192.168.10.126-6.445

Iteration#  27
FP
Class =  908
107-24.6.98.163-6.80 and 303-192.168.10.126-6.445

Iteration#  28
FP
Class =  907
107-24.6.98.163-6.80 and 303-192.168.10.126-6.445

Iteration#  29
FP
Class =  108
107-24.6.98.163-6.80 and 303-192.168.10.126-6.445

Iteration#  30
FP
Class =  107
107-24.6.98.163-6.80 and 303-192.168.10.126-6.445

Iteration#  31
FP
Class =  158
107-24.6.98.163-6.80 and 303-192.168.10.126-6.445
['107-24.6.98.163-6.80', '106-24.6.98.163-6.80', '0.03']


Iteration#  0
FP
Class =  107
107-24.6.98.163-6.80 and 106-24.6.98.163-6.80

Iteration#  1
FP
Class =  309
107-24.6.98.163-6.80 and 106-24.6.98.163-6.80

Iteration#  2
FP
Class =  114
107-24.6.98.163-6.80 and 106-24.6.98.163-6.80

Iteration#  3
FP
Class =  909
107-24.6.98.163-6.80 and 106-24.6.98.163-6.80

Iteration#  4
FP
Class =  119
107-24.6.98.163-6.80 and 106-24.6.98.163-6.80

Iteration#  5
FP
Class =  606
107-24.6.98.163-6.80 and 106-24.6.98.163-6.80

Iteration#  6
FP
Class =  103
107-24.6.98.163-6.80 and 106-24.6.98.163-6.80

Iteration#  7
FP
Class =  600
107-24.6.98.163-6.80 and 106-24.6.98.163-6.80

Iteration#  8
FP
Class =  115
107-24.6.98.163-6.80 and 106-24.6.98.163-6.80

Iteration#  9
FP
Class =  103
107-24.6.98.163-6.80 and 106-24.6.98.163-6.80

Iteration#  10
FP
Class =  903
107-24.6.98.163-6.80 and 106-24.6.98.163-6.80

Iteration#  11
FP
Class =  301
107-24.6.98.163-6.80 and 106-24.6.98.163-6.80

Iteration#  12
FP
Class =  900
107-24.6.98.163-6.80 and 106-24.6.98.163-6.80

Iteration#  13
FP
Class =  101
107-24.6.98.163-6.80 and 106-24.6.98.163-6.80

Iteration#  14
FP
Class =  157
107-24.6.98.163-6.80 and 106-24.6.98.163-6.80

Iteration#  15
FP
Class =  113
107-24.6.98.163-6.80 and 106-24.6.98.163-6.80

Iteration#  16
FP
Class =  706
107-24.6.98.163-6.80 and 106-24.6.98.163-6.80

Iteration#  17
FP
Class =  608
107-24.6.98.163-6.80 and 106-24.6.98.163-6.80

Iteration#  18
FP
Class =  106
107-24.6.98.163-6.80 and 106-24.6.98.163-6.80

Iteration#  19
FP
Class =  303
107-24.6.98.163-6.80 and 106-24.6.98.163-6.80

Iteration#  20
FP
Class =  100
107-24.6.98.163-6.80 and 106-24.6.98.163-6.80

Iteration#  21
FP
Class =  105
107-24.6.98.163-6.80 and 106-24.6.98.163-6.80

Iteration#  22
FP
Class =  605
107-24.6.98.163-6.80 and 106-24.6.98.163-6.80

Iteration#  23
FP
Class =  118
107-24.6.98.163-6.80 and 106-24.6.98.163-6.80

Iteration#  24
FP
Class =  702
107-24.6.98.163-6.80 and 106-24.6.98.163-6.80

Iteration#  25
FP
Class =  306
107-24.6.98.163-6.80 and 106-24.6.98.163-6.80

Iteration#  26
FP
Class =  905
107-24.6.98.163-6.80 and 106-24.6.98.163-6.80

Iteration#  27
FP
Class =  908
107-24.6.98.163-6.80 and 106-24.6.98.163-6.80

Iteration#  28
FP
Class =  907
107-24.6.98.163-6.80 and 106-24.6.98.163-6.80

Iteration#  29
FP
Class =  108
107-24.6.98.163-6.80 and 106-24.6.98.163-6.80

Iteration#  30
FP
Class =  107
107-24.6.98.163-6.80 and 106-24.6.98.163-6.80

Iteration#  31
FP
Class =  158
107-24.6.98.163-6.80 and 106-24.6.98.163-6.80
['107-24.6.98.163-6.80', '608-192.168.10.102-6.1180', '0.55']


Iteration#  0
FP
Class =  107
107-24.6.98.163-6.80 and 608-192.168.10.102-6.1180

Iteration#  1
FP
Class =  309
107-24.6.98.163-6.80 and 608-192.168.10.102-6.1180

Iteration#  2
FP
Class =  114
107-24.6.98.163-6.80 and 608-192.168.10.102-6.1180

Iteration#  3
FP
Class =  909
107-24.6.98.163-6.80 and 608-192.168.10.102-6.1180

Iteration#  4
FP
Class =  119
107-24.6.98.163-6.80 and 608-192.168.10.102-6.1180

Iteration#  5
FP
Class =  606
107-24.6.98.163-6.80 and 608-192.168.10.102-6.1180

Iteration#  6
FP
Class =  103
107-24.6.98.163-6.80 and 608-192.168.10.102-6.1180

Iteration#  7
FP
Class =  600
107-24.6.98.163-6.80 and 608-192.168.10.102-6.1180

Iteration#  8
FP
Class =  115
107-24.6.98.163-6.80 and 608-192.168.10.102-6.1180

Iteration#  9
FP
Class =  103
107-24.6.98.163-6.80 and 608-192.168.10.102-6.1180

Iteration#  10
FP
Class =  903
107-24.6.98.163-6.80 and 608-192.168.10.102-6.1180

Iteration#  11
FP
Class =  301
107-24.6.98.163-6.80 and 608-192.168.10.102-6.1180

Iteration#  12
FP
Class =  900
107-24.6.98.163-6.80 and 608-192.168.10.102-6.1180

Iteration#  13
FP
Class =  101
107-24.6.98.163-6.80 and 608-192.168.10.102-6.1180

Iteration#  14
FP
Class =  157
107-24.6.98.163-6.80 and 608-192.168.10.102-6.1180

Iteration#  15
FP
Class =  113
107-24.6.98.163-6.80 and 608-192.168.10.102-6.1180

Iteration#  16
FP
Class =  706
107-24.6.98.163-6.80 and 608-192.168.10.102-6.1180

Iteration#  17
FP
Class =  608
107-24.6.98.163-6.80 and 608-192.168.10.102-6.1180

Iteration#  18
FP
Class =  106
107-24.6.98.163-6.80 and 608-192.168.10.102-6.1180

Iteration#  19
FP
Class =  303
107-24.6.98.163-6.80 and 608-192.168.10.102-6.1180

Iteration#  20
FP
Class =  100
107-24.6.98.163-6.80 and 608-192.168.10.102-6.1180

Iteration#  21
FP
Class =  105
107-24.6.98.163-6.80 and 608-192.168.10.102-6.1180

Iteration#  22
FP
Class =  605
107-24.6.98.163-6.80 and 608-192.168.10.102-6.1180

Iteration#  23
FP
Class =  118
107-24.6.98.163-6.80 and 608-192.168.10.102-6.1180

Iteration#  24
FP
Class =  702
107-24.6.98.163-6.80 and 608-192.168.10.102-6.1180

Iteration#  25
FP
Class =  306
107-24.6.98.163-6.80 and 608-192.168.10.102-6.1180

Iteration#  26
FP
Class =  905
107-24.6.98.163-6.80 and 608-192.168.10.102-6.1180

Iteration#  27
FP
Class =  908
107-24.6.98.163-6.80 and 608-192.168.10.102-6.1180

Iteration#  28
FP
Class =  907
107-24.6.98.163-6.80 and 608-192.168.10.102-6.1180

Iteration#  29
FP
Class =  108
107-24.6.98.163-6.80 and 608-192.168.10.102-6.1180

Iteration#  30
FP
Class =  107
107-24.6.98.163-6.80 and 608-192.168.10.102-6.1180

Iteration#  31
FP
Class =  158
107-24.6.98.163-6.80 and 608-192.168.10.102-6.1180
['107-24.6.98.163-6.80', '706-80.68.89.43-6.34800', '0.55']


Iteration#  0
FP
Class =  107
107-24.6.98.163-6.80 and 706-80.68.89.43-6.34800

Iteration#  1
FP
Class =  309
107-24.6.98.163-6.80 and 706-80.68.89.43-6.34800

Iteration#  2
FP
Class =  114
107-24.6.98.163-6.80 and 706-80.68.89.43-6.34800

Iteration#  3
FP
Class =  909
107-24.6.98.163-6.80 and 706-80.68.89.43-6.34800

Iteration#  4
FP
Class =  119
107-24.6.98.163-6.80 and 706-80.68.89.43-6.34800

Iteration#  5
FP
Class =  606
107-24.6.98.163-6.80 and 706-80.68.89.43-6.34800

Iteration#  6
FP
Class =  103
107-24.6.98.163-6.80 and 706-80.68.89.43-6.34800

Iteration#  7
FP
Class =  600
107-24.6.98.163-6.80 and 706-80.68.89.43-6.34800

Iteration#  8
FP
Class =  115
107-24.6.98.163-6.80 and 706-80.68.89.43-6.34800

Iteration#  9
FP
Class =  103
107-24.6.98.163-6.80 and 706-80.68.89.43-6.34800

Iteration#  10
FP
Class =  903
107-24.6.98.163-6.80 and 706-80.68.89.43-6.34800

Iteration#  11
FP
Class =  301
107-24.6.98.163-6.80 and 706-80.68.89.43-6.34800

Iteration#  12
FP
Class =  900
107-24.6.98.163-6.80 and 706-80.68.89.43-6.34800

Iteration#  13
FP
Class =  101
107-24.6.98.163-6.80 and 706-80.68.89.43-6.34800

Iteration#  14
FP
Class =  157
107-24.6.98.163-6.80 and 706-80.68.89.43-6.34800

Iteration#  15
FP
Class =  113
107-24.6.98.163-6.80 and 706-80.68.89.43-6.34800

Iteration#  16
FP
Class =  706
107-24.6.98.163-6.80 and 706-80.68.89.43-6.34800

Iteration#  17
FP
Class =  608
107-24.6.98.163-6.80 and 706-80.68.89.43-6.34800

Iteration#  18
FP
Class =  106
107-24.6.98.163-6.80 and 706-80.68.89.43-6.34800

Iteration#  19
FP
Class =  303
107-24.6.98.163-6.80 and 706-80.68.89.43-6.34800

Iteration#  20
FP
Class =  100
107-24.6.98.163-6.80 and 706-80.68.89.43-6.34800

Iteration#  21
FP
Class =  105
107-24.6.98.163-6.80 and 706-80.68.89.43-6.34800

Iteration#  22
FP
Class =  605
107-24.6.98.163-6.80 and 706-80.68.89.43-6.34800

Iteration#  23
FP
Class =  118
107-24.6.98.163-6.80 and 706-80.68.89.43-6.34800

Iteration#  24
FP
Class =  702
107-24.6.98.163-6.80 and 706-80.68.89.43-6.34800

Iteration#  25
FP
Class =  306
107-24.6.98.163-6.80 and 706-80.68.89.43-6.34800

Iteration#  26
FP
Class =  905
107-24.6.98.163-6.80 and 706-80.68.89.43-6.34800

Iteration#  27
FP
Class =  908
107-24.6.98.163-6.80 and 706-80.68.89.43-6.34800

Iteration#  28
FP
Class =  907
107-24.6.98.163-6.80 and 706-80.68.89.43-6.34800

Iteration#  29
FP
Class =  108
107-24.6.98.163-6.80 and 706-80.68.89.43-6.34800

Iteration#  30
FP
Class =  107
107-24.6.98.163-6.80 and 706-80.68.89.43-6.34800

Iteration#  31
FP
Class =  158
107-24.6.98.163-6.80 and 706-80.68.89.43-6.34800
['107-24.6.98.163-6.80', '113-24.6.102.196-6.1588', '0.39']


Iteration#  0
FP
Class =  107
107-24.6.98.163-6.80 and 113-24.6.102.196-6.1588

Iteration#  1
FP
Class =  309
107-24.6.98.163-6.80 and 113-24.6.102.196-6.1588

Iteration#  2
FP
Class =  114
107-24.6.98.163-6.80 and 113-24.6.102.196-6.1588

Iteration#  3
FP
Class =  909
107-24.6.98.163-6.80 and 113-24.6.102.196-6.1588

Iteration#  4
FP
Class =  119
107-24.6.98.163-6.80 and 113-24.6.102.196-6.1588

Iteration#  5
FP
Class =  606
107-24.6.98.163-6.80 and 113-24.6.102.196-6.1588

Iteration#  6
FP
Class =  103
107-24.6.98.163-6.80 and 113-24.6.102.196-6.1588

Iteration#  7
FP
Class =  600
107-24.6.98.163-6.80 and 113-24.6.102.196-6.1588

Iteration#  8
FP
Class =  115
107-24.6.98.163-6.80 and 113-24.6.102.196-6.1588

Iteration#  9
FP
Class =  103
107-24.6.98.163-6.80 and 113-24.6.102.196-6.1588

Iteration#  10
FP
Class =  903
107-24.6.98.163-6.80 and 113-24.6.102.196-6.1588

Iteration#  11
FP
Class =  301
107-24.6.98.163-6.80 and 113-24.6.102.196-6.1588

Iteration#  12
FP
Class =  900
107-24.6.98.163-6.80 and 113-24.6.102.196-6.1588

Iteration#  13
FP
Class =  101
107-24.6.98.163-6.80 and 113-24.6.102.196-6.1588

Iteration#  14
FP
Class =  157
107-24.6.98.163-6.80 and 113-24.6.102.196-6.1588

Iteration#  15
FP
Class =  113
107-24.6.98.163-6.80 and 113-24.6.102.196-6.1588

Iteration#  16
FP
Class =  706
107-24.6.98.163-6.80 and 113-24.6.102.196-6.1588

Iteration#  17
FP
Class =  608
107-24.6.98.163-6.80 and 113-24.6.102.196-6.1588

Iteration#  18
FP
Class =  106
107-24.6.98.163-6.80 and 113-24.6.102.196-6.1588

Iteration#  19
FP
Class =  303
107-24.6.98.163-6.80 and 113-24.6.102.196-6.1588

Iteration#  20
FP
Class =  100
107-24.6.98.163-6.80 and 113-24.6.102.196-6.1588

Iteration#  21
FP
Class =  105
107-24.6.98.163-6.80 and 113-24.6.102.196-6.1588

Iteration#  22
FP
Class =  605
107-24.6.98.163-6.80 and 113-24.6.102.196-6.1588

Iteration#  23
FP
Class =  118
107-24.6.98.163-6.80 and 113-24.6.102.196-6.1588

Iteration#  24
FP
Class =  702
107-24.6.98.163-6.80 and 113-24.6.102.196-6.1588

Iteration#  25
FP
Class =  306
107-24.6.98.163-6.80 and 113-24.6.102.196-6.1588

Iteration#  26
FP
Class =  905
107-24.6.98.163-6.80 and 113-24.6.102.196-6.1588

Iteration#  27
FP
Class =  908
107-24.6.98.163-6.80 and 113-24.6.102.196-6.1588

Iteration#  28
FP
Class =  907
107-24.6.98.163-6.80 and 113-24.6.102.196-6.1588

Iteration#  29
FP
Class =  108
107-24.6.98.163-6.80 and 113-24.6.102.196-6.1588

Iteration#  30
FP
Class =  107
107-24.6.98.163-6.80 and 113-24.6.102.196-6.1588

Iteration#  31
FP
Class =  158
107-24.6.98.163-6.80 and 113-24.6.102.196-6.1588
['107-24.6.98.163-6.80', '157-202.77.162.213-17.111', '0.73']


Iteration#  0
FP
Class =  107
107-24.6.98.163-6.80 and 157-202.77.162.213-17.111

Iteration#  1
FP
Class =  309
107-24.6.98.163-6.80 and 157-202.77.162.213-17.111

Iteration#  2
FP
Class =  114
107-24.6.98.163-6.80 and 157-202.77.162.213-17.111

Iteration#  3
FP
Class =  909
107-24.6.98.163-6.80 and 157-202.77.162.213-17.111

Iteration#  4
FP
Class =  119
107-24.6.98.163-6.80 and 157-202.77.162.213-17.111

Iteration#  5
FP
Class =  606
107-24.6.98.163-6.80 and 157-202.77.162.213-17.111

Iteration#  6
FP
Class =  103
107-24.6.98.163-6.80 and 157-202.77.162.213-17.111

Iteration#  7
FP
Class =  600
107-24.6.98.163-6.80 and 157-202.77.162.213-17.111

Iteration#  8
FP
Class =  115
107-24.6.98.163-6.80 and 157-202.77.162.213-17.111

Iteration#  9
FP
Class =  103
107-24.6.98.163-6.80 and 157-202.77.162.213-17.111

Iteration#  10
FP
Class =  903
107-24.6.98.163-6.80 and 157-202.77.162.213-17.111

Iteration#  11
FP
Class =  301
107-24.6.98.163-6.80 and 157-202.77.162.213-17.111

Iteration#  12
FP
Class =  900
107-24.6.98.163-6.80 and 157-202.77.162.213-17.111

Iteration#  13
FP
Class =  101
107-24.6.98.163-6.80 and 157-202.77.162.213-17.111

Iteration#  14
FP
Class =  157
107-24.6.98.163-6.80 and 157-202.77.162.213-17.111

Iteration#  15
FP
Class =  113
107-24.6.98.163-6.80 and 157-202.77.162.213-17.111

Iteration#  16
FP
Class =  706
107-24.6.98.163-6.80 and 157-202.77.162.213-17.111

Iteration#  17
FP
Class =  608
107-24.6.98.163-6.80 and 157-202.77.162.213-17.111

Iteration#  18
FP
Class =  106
107-24.6.98.163-6.80 and 157-202.77.162.213-17.111

Iteration#  19
FP
Class =  303
107-24.6.98.163-6.80 and 157-202.77.162.213-17.111

Iteration#  20
FP
Class =  100
107-24.6.98.163-6.80 and 157-202.77.162.213-17.111

Iteration#  21
FP
Class =  105
107-24.6.98.163-6.80 and 157-202.77.162.213-17.111

Iteration#  22
FP
Class =  605
107-24.6.98.163-6.80 and 157-202.77.162.213-17.111

Iteration#  23
FP
Class =  118
107-24.6.98.163-6.80 and 157-202.77.162.213-17.111

Iteration#  24
FP
Class =  702
107-24.6.98.163-6.80 and 157-202.77.162.213-17.111

Iteration#  25
FP
Class =  306
107-24.6.98.163-6.80 and 157-202.77.162.213-17.111

Iteration#  26
FP
Class =  905
107-24.6.98.163-6.80 and 157-202.77.162.213-17.111

Iteration#  27
FP
Class =  908
107-24.6.98.163-6.80 and 157-202.77.162.213-17.111

Iteration#  28
FP
Class =  907
107-24.6.98.163-6.80 and 157-202.77.162.213-17.111

Iteration#  29
FP
Class =  108
107-24.6.98.163-6.80 and 157-202.77.162.213-17.111

Iteration#  30
FP
Class =  107
107-24.6.98.163-6.80 and 157-202.77.162.213-17.111

Iteration#  31
FP
Class =  158
107-24.6.98.163-6.80 and 157-202.77.162.213-17.111
['107-24.6.98.163-6.80', '101-24.6.102.196-6.1585', '0.37']


Iteration#  0
FP
Class =  107
107-24.6.98.163-6.80 and 101-24.6.102.196-6.1585

Iteration#  1
FP
Class =  309
107-24.6.98.163-6.80 and 101-24.6.102.196-6.1585

Iteration#  2
FP
Class =  114
107-24.6.98.163-6.80 and 101-24.6.102.196-6.1585

Iteration#  3
FP
Class =  909
107-24.6.98.163-6.80 and 101-24.6.102.196-6.1585

Iteration#  4
FP
Class =  119
107-24.6.98.163-6.80 and 101-24.6.102.196-6.1585

Iteration#  5
FP
Class =  606
107-24.6.98.163-6.80 and 101-24.6.102.196-6.1585

Iteration#  6
FP
Class =  103
107-24.6.98.163-6.80 and 101-24.6.102.196-6.1585

Iteration#  7
FP
Class =  600
107-24.6.98.163-6.80 and 101-24.6.102.196-6.1585

Iteration#  8
FP
Class =  115
107-24.6.98.163-6.80 and 101-24.6.102.196-6.1585

Iteration#  9
FP
Class =  103
107-24.6.98.163-6.80 and 101-24.6.102.196-6.1585

Iteration#  10
FP
Class =  903
107-24.6.98.163-6.80 and 101-24.6.102.196-6.1585

Iteration#  11
FP
Class =  301
107-24.6.98.163-6.80 and 101-24.6.102.196-6.1585

Iteration#  12
FP
Class =  900
107-24.6.98.163-6.80 and 101-24.6.102.196-6.1585

Iteration#  13
FP
Class =  101
107-24.6.98.163-6.80 and 101-24.6.102.196-6.1585

Iteration#  14
FP
Class =  157
107-24.6.98.163-6.80 and 101-24.6.102.196-6.1585

Iteration#  15
FP
Class =  113
107-24.6.98.163-6.80 and 101-24.6.102.196-6.1585

Iteration#  16
FP
Class =  706
107-24.6.98.163-6.80 and 101-24.6.102.196-6.1585

Iteration#  17
FP
Class =  608
107-24.6.98.163-6.80 and 101-24.6.102.196-6.1585

Iteration#  18
FP
Class =  106
107-24.6.98.163-6.80 and 101-24.6.102.196-6.1585

Iteration#  19
FP
Class =  303
107-24.6.98.163-6.80 and 101-24.6.102.196-6.1585

Iteration#  20
FP
Class =  100
107-24.6.98.163-6.80 and 101-24.6.102.196-6.1585

Iteration#  21
FP
Class =  105
107-24.6.98.163-6.80 and 101-24.6.102.196-6.1585

Iteration#  22
FP
Class =  605
107-24.6.98.163-6.80 and 101-24.6.102.196-6.1585

Iteration#  23
FP
Class =  118
107-24.6.98.163-6.80 and 101-24.6.102.196-6.1585

Iteration#  24
FP
Class =  702
107-24.6.98.163-6.80 and 101-24.6.102.196-6.1585

Iteration#  25
FP
Class =  306
107-24.6.98.163-6.80 and 101-24.6.102.196-6.1585

Iteration#  26
FP
Class =  905
107-24.6.98.163-6.80 and 101-24.6.102.196-6.1585

Iteration#  27
FP
Class =  908
107-24.6.98.163-6.80 and 101-24.6.102.196-6.1585

Iteration#  28
FP
Class =  907
107-24.6.98.163-6.80 and 101-24.6.102.196-6.1585

Iteration#  29
FP
Class =  108
107-24.6.98.163-6.80 and 101-24.6.102.196-6.1585

Iteration#  30
FP
Class =  107
107-24.6.98.163-6.80 and 101-24.6.102.196-6.1585

Iteration#  31
FP
Class =  158
107-24.6.98.163-6.80 and 101-24.6.102.196-6.1585
['107-24.6.98.163-6.80', '900-212.58.253.68-6.1368', '1.37']


Iteration#  0
FP
Class =  107
107-24.6.98.163-6.80 and 900-212.58.253.68-6.1368

Iteration#  1
FP
Class =  309
107-24.6.98.163-6.80 and 900-212.58.253.68-6.1368

Iteration#  2
FP
Class =  114
107-24.6.98.163-6.80 and 900-212.58.253.68-6.1368

Iteration#  3
FP
Class =  909
107-24.6.98.163-6.80 and 900-212.58.253.68-6.1368

Iteration#  4
FP
Class =  119
107-24.6.98.163-6.80 and 900-212.58.253.68-6.1368

Iteration#  5
FP
Class =  606
107-24.6.98.163-6.80 and 900-212.58.253.68-6.1368

Iteration#  6
FP
Class =  103
107-24.6.98.163-6.80 and 900-212.58.253.68-6.1368

Iteration#  7
FP
Class =  600
107-24.6.98.163-6.80 and 900-212.58.253.68-6.1368

Iteration#  8
FP
Class =  115
107-24.6.98.163-6.80 and 900-212.58.253.68-6.1368

Iteration#  9
FP
Class =  103
107-24.6.98.163-6.80 and 900-212.58.253.68-6.1368

Iteration#  10
FP
Class =  903
107-24.6.98.163-6.80 and 900-212.58.253.68-6.1368

Iteration#  11
FP
Class =  301
107-24.6.98.163-6.80 and 900-212.58.253.68-6.1368

Iteration#  12
FP
Class =  900
107-24.6.98.163-6.80 and 900-212.58.253.68-6.1368

Iteration#  13
FP
Class =  101
107-24.6.98.163-6.80 and 900-212.58.253.68-6.1368

Iteration#  14
FP
Class =  157
107-24.6.98.163-6.80 and 900-212.58.253.68-6.1368

Iteration#  15
FP
Class =  113
107-24.6.98.163-6.80 and 900-212.58.253.68-6.1368

Iteration#  16
FP
Class =  706
107-24.6.98.163-6.80 and 900-212.58.253.68-6.1368

Iteration#  17
FP
Class =  608
107-24.6.98.163-6.80 and 900-212.58.253.68-6.1368

Iteration#  18
FP
Class =  106
107-24.6.98.163-6.80 and 900-212.58.253.68-6.1368

Iteration#  19
FP
Class =  303
107-24.6.98.163-6.80 and 900-212.58.253.68-6.1368

Iteration#  20
FP
Class =  100
107-24.6.98.163-6.80 and 900-212.58.253.68-6.1368

Iteration#  21
FP
Class =  105
107-24.6.98.163-6.80 and 900-212.58.253.68-6.1368

Iteration#  22
FP
Class =  605
107-24.6.98.163-6.80 and 900-212.58.253.68-6.1368

Iteration#  23
FP
Class =  118
107-24.6.98.163-6.80 and 900-212.58.253.68-6.1368

Iteration#  24
FP
Class =  702
107-24.6.98.163-6.80 and 900-212.58.253.68-6.1368

Iteration#  25
FP
Class =  306
107-24.6.98.163-6.80 and 900-212.58.253.68-6.1368

Iteration#  26
FP
Class =  905
107-24.6.98.163-6.80 and 900-212.58.253.68-6.1368

Iteration#  27
FP
Class =  908
107-24.6.98.163-6.80 and 900-212.58.253.68-6.1368

Iteration#  28
FP
Class =  907
107-24.6.98.163-6.80 and 900-212.58.253.68-6.1368

Iteration#  29
FP
Class =  108
107-24.6.98.163-6.80 and 900-212.58.253.68-6.1368

Iteration#  30
FP
Class =  107
107-24.6.98.163-6.80 and 900-212.58.253.68-6.1368

Iteration#  31
FP
Class =  158
107-24.6.98.163-6.80 and 900-212.58.253.68-6.1368
['107-24.6.98.163-6.80', '301-192.168.10.126-6.445', '1.34']


Iteration#  0
FP
Class =  107
107-24.6.98.163-6.80 and 301-192.168.10.126-6.445

Iteration#  1
FP
Class =  309
107-24.6.98.163-6.80 and 301-192.168.10.126-6.445

Iteration#  2
FP
Class =  114
107-24.6.98.163-6.80 and 301-192.168.10.126-6.445

Iteration#  3
FP
Class =  909
107-24.6.98.163-6.80 and 301-192.168.10.126-6.445

Iteration#  4
FP
Class =  119
107-24.6.98.163-6.80 and 301-192.168.10.126-6.445

Iteration#  5
FP
Class =  606
107-24.6.98.163-6.80 and 301-192.168.10.126-6.445

Iteration#  6
FP
Class =  103
107-24.6.98.163-6.80 and 301-192.168.10.126-6.445

Iteration#  7
FP
Class =  600
107-24.6.98.163-6.80 and 301-192.168.10.126-6.445

Iteration#  8
FP
Class =  115
107-24.6.98.163-6.80 and 301-192.168.10.126-6.445

Iteration#  9
FP
Class =  103
107-24.6.98.163-6.80 and 301-192.168.10.126-6.445

Iteration#  10
FP
Class =  903
107-24.6.98.163-6.80 and 301-192.168.10.126-6.445

Iteration#  11
FP
Class =  301
107-24.6.98.163-6.80 and 301-192.168.10.126-6.445

Iteration#  12
FP
Class =  900
107-24.6.98.163-6.80 and 301-192.168.10.126-6.445

Iteration#  13
FP
Class =  101
107-24.6.98.163-6.80 and 301-192.168.10.126-6.445

Iteration#  14
FP
Class =  157
107-24.6.98.163-6.80 and 301-192.168.10.126-6.445

Iteration#  15
FP
Class =  113
107-24.6.98.163-6.80 and 301-192.168.10.126-6.445

Iteration#  16
FP
Class =  706
107-24.6.98.163-6.80 and 301-192.168.10.126-6.445

Iteration#  17
FP
Class =  608
107-24.6.98.163-6.80 and 301-192.168.10.126-6.445

Iteration#  18
FP
Class =  106
107-24.6.98.163-6.80 and 301-192.168.10.126-6.445

Iteration#  19
FP
Class =  303
107-24.6.98.163-6.80 and 301-192.168.10.126-6.445

Iteration#  20
FP
Class =  100
107-24.6.98.163-6.80 and 301-192.168.10.126-6.445

Iteration#  21
FP
Class =  105
107-24.6.98.163-6.80 and 301-192.168.10.126-6.445

Iteration#  22
FP
Class =  605
107-24.6.98.163-6.80 and 301-192.168.10.126-6.445

Iteration#  23
FP
Class =  118
107-24.6.98.163-6.80 and 301-192.168.10.126-6.445

Iteration#  24
FP
Class =  702
107-24.6.98.163-6.80 and 301-192.168.10.126-6.445

Iteration#  25
FP
Class =  306
107-24.6.98.163-6.80 and 301-192.168.10.126-6.445

Iteration#  26
FP
Class =  905
107-24.6.98.163-6.80 and 301-192.168.10.126-6.445

Iteration#  27
FP
Class =  908
107-24.6.98.163-6.80 and 301-192.168.10.126-6.445

Iteration#  28
FP
Class =  907
107-24.6.98.163-6.80 and 301-192.168.10.126-6.445

Iteration#  29
FP
Class =  108
107-24.6.98.163-6.80 and 301-192.168.10.126-6.445

Iteration#  30
FP
Class =  107
107-24.6.98.163-6.80 and 301-192.168.10.126-6.445

Iteration#  31
FP
Class =  158
107-24.6.98.163-6.80 and 301-192.168.10.126-6.445
['107-24.6.98.163-6.80', '903-212.58.253.68-6.1368', '1.31']


Iteration#  0
FP
Class =  107
107-24.6.98.163-6.80 and 903-212.58.253.68-6.1368

Iteration#  1
FP
Class =  309
107-24.6.98.163-6.80 and 903-212.58.253.68-6.1368

Iteration#  2
FP
Class =  114
107-24.6.98.163-6.80 and 903-212.58.253.68-6.1368

Iteration#  3
FP
Class =  909
107-24.6.98.163-6.80 and 903-212.58.253.68-6.1368

Iteration#  4
FP
Class =  119
107-24.6.98.163-6.80 and 903-212.58.253.68-6.1368

Iteration#  5
FP
Class =  606
107-24.6.98.163-6.80 and 903-212.58.253.68-6.1368

Iteration#  6
FP
Class =  103
107-24.6.98.163-6.80 and 903-212.58.253.68-6.1368

Iteration#  7
FP
Class =  600
107-24.6.98.163-6.80 and 903-212.58.253.68-6.1368

Iteration#  8
FP
Class =  115
107-24.6.98.163-6.80 and 903-212.58.253.68-6.1368

Iteration#  9
FP
Class =  103
107-24.6.98.163-6.80 and 903-212.58.253.68-6.1368

Iteration#  10
FP
Class =  903
107-24.6.98.163-6.80 and 903-212.58.253.68-6.1368

Iteration#  11
FP
Class =  301
107-24.6.98.163-6.80 and 903-212.58.253.68-6.1368

Iteration#  12
FP
Class =  900
107-24.6.98.163-6.80 and 903-212.58.253.68-6.1368

Iteration#  13
FP
Class =  101
107-24.6.98.163-6.80 and 903-212.58.253.68-6.1368

Iteration#  14
FP
Class =  157
107-24.6.98.163-6.80 and 903-212.58.253.68-6.1368

Iteration#  15
FP
Class =  113
107-24.6.98.163-6.80 and 903-212.58.253.68-6.1368

Iteration#  16
FP
Class =  706
107-24.6.98.163-6.80 and 903-212.58.253.68-6.1368

Iteration#  17
FP
Class =  608
107-24.6.98.163-6.80 and 903-212.58.253.68-6.1368

Iteration#  18
FP
Class =  106
107-24.6.98.163-6.80 and 903-212.58.253.68-6.1368

Iteration#  19
FP
Class =  303
107-24.6.98.163-6.80 and 903-212.58.253.68-6.1368

Iteration#  20
FP
Class =  100
107-24.6.98.163-6.80 and 903-212.58.253.68-6.1368

Iteration#  21
FP
Class =  105
107-24.6.98.163-6.80 and 903-212.58.253.68-6.1368

Iteration#  22
FP
Class =  605
107-24.6.98.163-6.80 and 903-212.58.253.68-6.1368

Iteration#  23
FP
Class =  118
107-24.6.98.163-6.80 and 903-212.58.253.68-6.1368

Iteration#  24
FP
Class =  702
107-24.6.98.163-6.80 and 903-212.58.253.68-6.1368

Iteration#  25
FP
Class =  306
107-24.6.98.163-6.80 and 903-212.58.253.68-6.1368

Iteration#  26
FP
Class =  905
107-24.6.98.163-6.80 and 903-212.58.253.68-6.1368

Iteration#  27
FP
Class =  908
107-24.6.98.163-6.80 and 903-212.58.253.68-6.1368

Iteration#  28
FP
Class =  907
107-24.6.98.163-6.80 and 903-212.58.253.68-6.1368

Iteration#  29
FP
Class =  108
107-24.6.98.163-6.80 and 903-212.58.253.68-6.1368

Iteration#  30
FP
Class =  107
107-24.6.98.163-6.80 and 903-212.58.253.68-6.1368

Iteration#  31
FP
Class =  158
107-24.6.98.163-6.80 and 903-212.58.253.68-6.1368
['107-24.6.98.163-6.80', '115-24.6.98.163-6.80', '0.04']


Iteration#  0
FP
Class =  107
107-24.6.98.163-6.80 and 115-24.6.98.163-6.80

Iteration#  1
FP
Class =  309
107-24.6.98.163-6.80 and 115-24.6.98.163-6.80

Iteration#  2
FP
Class =  114
107-24.6.98.163-6.80 and 115-24.6.98.163-6.80

Iteration#  3
FP
Class =  909
107-24.6.98.163-6.80 and 115-24.6.98.163-6.80

Iteration#  4
FP
Class =  119
107-24.6.98.163-6.80 and 115-24.6.98.163-6.80

Iteration#  5
FP
Class =  606
107-24.6.98.163-6.80 and 115-24.6.98.163-6.80

Iteration#  6
FP
Class =  103
107-24.6.98.163-6.80 and 115-24.6.98.163-6.80

Iteration#  7
FP
Class =  600
107-24.6.98.163-6.80 and 115-24.6.98.163-6.80

Iteration#  8
FP
Class =  115
107-24.6.98.163-6.80 and 115-24.6.98.163-6.80

Iteration#  9
FP
Class =  103
107-24.6.98.163-6.80 and 115-24.6.98.163-6.80

Iteration#  10
FP
Class =  903
107-24.6.98.163-6.80 and 115-24.6.98.163-6.80

Iteration#  11
FP
Class =  301
107-24.6.98.163-6.80 and 115-24.6.98.163-6.80

Iteration#  12
FP
Class =  900
107-24.6.98.163-6.80 and 115-24.6.98.163-6.80

Iteration#  13
FP
Class =  101
107-24.6.98.163-6.80 and 115-24.6.98.163-6.80

Iteration#  14
FP
Class =  157
107-24.6.98.163-6.80 and 115-24.6.98.163-6.80

Iteration#  15
FP
Class =  113
107-24.6.98.163-6.80 and 115-24.6.98.163-6.80

Iteration#  16
FP
Class =  706
107-24.6.98.163-6.80 and 115-24.6.98.163-6.80

Iteration#  17
FP
Class =  608
107-24.6.98.163-6.80 and 115-24.6.98.163-6.80

Iteration#  18
FP
Class =  106
107-24.6.98.163-6.80 and 115-24.6.98.163-6.80

Iteration#  19
FP
Class =  303
107-24.6.98.163-6.80 and 115-24.6.98.163-6.80

Iteration#  20
FP
Class =  100
107-24.6.98.163-6.80 and 115-24.6.98.163-6.80

Iteration#  21
FP
Class =  105
107-24.6.98.163-6.80 and 115-24.6.98.163-6.80

Iteration#  22
FP
Class =  605
107-24.6.98.163-6.80 and 115-24.6.98.163-6.80

Iteration#  23
FP
Class =  118
107-24.6.98.163-6.80 and 115-24.6.98.163-6.80

Iteration#  24
FP
Class =  702
107-24.6.98.163-6.80 and 115-24.6.98.163-6.80

Iteration#  25
FP
Class =  306
107-24.6.98.163-6.80 and 115-24.6.98.163-6.80

Iteration#  26
FP
Class =  905
107-24.6.98.163-6.80 and 115-24.6.98.163-6.80

Iteration#  27
FP
Class =  908
107-24.6.98.163-6.80 and 115-24.6.98.163-6.80

Iteration#  28
FP
Class =  907
107-24.6.98.163-6.80 and 115-24.6.98.163-6.80

Iteration#  29
FP
Class =  108
107-24.6.98.163-6.80 and 115-24.6.98.163-6.80

Iteration#  30
FP
Class =  107
107-24.6.98.163-6.80 and 115-24.6.98.163-6.80

Iteration#  31
FP
Class =  158
107-24.6.98.163-6.80 and 115-24.6.98.163-6.80
['107-24.6.98.163-6.80', '103-24.6.98.163-6.80', '0.45']


Iteration#  0
FP
Class =  107
107-24.6.98.163-6.80 and 103-24.6.98.163-6.80

Iteration#  1
FP
Class =  309
107-24.6.98.163-6.80 and 103-24.6.98.163-6.80

Iteration#  2
FP
Class =  114
107-24.6.98.163-6.80 and 103-24.6.98.163-6.80

Iteration#  3
FP
Class =  909
107-24.6.98.163-6.80 and 103-24.6.98.163-6.80

Iteration#  4
FP
Class =  119
107-24.6.98.163-6.80 and 103-24.6.98.163-6.80

Iteration#  5
FP
Class =  606
107-24.6.98.163-6.80 and 103-24.6.98.163-6.80

Iteration#  6
FP
Class =  103
107-24.6.98.163-6.80 and 103-24.6.98.163-6.80

Iteration#  7
FP
Class =  600
107-24.6.98.163-6.80 and 103-24.6.98.163-6.80

Iteration#  8
FP
Class =  115
107-24.6.98.163-6.80 and 103-24.6.98.163-6.80

Iteration#  9
FP
Class =  103
107-24.6.98.163-6.80 and 103-24.6.98.163-6.80

Iteration#  10
FP
Class =  903
107-24.6.98.163-6.80 and 103-24.6.98.163-6.80

Iteration#  11
FP
Class =  301
107-24.6.98.163-6.80 and 103-24.6.98.163-6.80

Iteration#  12
FP
Class =  900
107-24.6.98.163-6.80 and 103-24.6.98.163-6.80

Iteration#  13
FP
Class =  101
107-24.6.98.163-6.80 and 103-24.6.98.163-6.80

Iteration#  14
FP
Class =  157
107-24.6.98.163-6.80 and 103-24.6.98.163-6.80

Iteration#  15
FP
Class =  113
107-24.6.98.163-6.80 and 103-24.6.98.163-6.80

Iteration#  16
FP
Class =  706
107-24.6.98.163-6.80 and 103-24.6.98.163-6.80

Iteration#  17
FP
Class =  608
107-24.6.98.163-6.80 and 103-24.6.98.163-6.80

Iteration#  18
FP
Class =  106
107-24.6.98.163-6.80 and 103-24.6.98.163-6.80

Iteration#  19
FP
Class =  303
107-24.6.98.163-6.80 and 103-24.6.98.163-6.80

Iteration#  20
FP
Class =  100
107-24.6.98.163-6.80 and 103-24.6.98.163-6.80

Iteration#  21
FP
Class =  105
107-24.6.98.163-6.80 and 103-24.6.98.163-6.80

Iteration#  22
FP
Class =  605
107-24.6.98.163-6.80 and 103-24.6.98.163-6.80

Iteration#  23
FP
Class =  118
107-24.6.98.163-6.80 and 103-24.6.98.163-6.80

Iteration#  24
FP
Class =  702
107-24.6.98.163-6.80 and 103-24.6.98.163-6.80

Iteration#  25
FP
Class =  306
107-24.6.98.163-6.80 and 103-24.6.98.163-6.80

Iteration#  26
FP
Class =  905
107-24.6.98.163-6.80 and 103-24.6.98.163-6.80

Iteration#  27
FP
Class =  908
107-24.6.98.163-6.80 and 103-24.6.98.163-6.80

Iteration#  28
FP
Class =  907
107-24.6.98.163-6.80 and 103-24.6.98.163-6.80

Iteration#  29
FP
Class =  108
107-24.6.98.163-6.80 and 103-24.6.98.163-6.80

Iteration#  30
FP
Class =  107
107-24.6.98.163-6.80 and 103-24.6.98.163-6.80

Iteration#  31
FP
Class =  158
107-24.6.98.163-6.80 and 103-24.6.98.163-6.80
['107-24.6.98.163-6.80', '600-192.168.10.126-6.110', '0.86']


Iteration#  0
FP
Class =  107
107-24.6.98.163-6.80 and 600-192.168.10.126-6.110

Iteration#  1
FP
Class =  309
107-24.6.98.163-6.80 and 600-192.168.10.126-6.110

Iteration#  2
FP
Class =  114
107-24.6.98.163-6.80 and 600-192.168.10.126-6.110

Iteration#  3
FP
Class =  909
107-24.6.98.163-6.80 and 600-192.168.10.126-6.110

Iteration#  4
FP
Class =  119
107-24.6.98.163-6.80 and 600-192.168.10.126-6.110

Iteration#  5
FP
Class =  606
107-24.6.98.163-6.80 and 600-192.168.10.126-6.110

Iteration#  6
FP
Class =  103
107-24.6.98.163-6.80 and 600-192.168.10.126-6.110

Iteration#  7
FP
Class =  600
107-24.6.98.163-6.80 and 600-192.168.10.126-6.110

Iteration#  8
FP
Class =  115
107-24.6.98.163-6.80 and 600-192.168.10.126-6.110

Iteration#  9
FP
Class =  103
107-24.6.98.163-6.80 and 600-192.168.10.126-6.110

Iteration#  10
FP
Class =  903
107-24.6.98.163-6.80 and 600-192.168.10.126-6.110

Iteration#  11
FP
Class =  301
107-24.6.98.163-6.80 and 600-192.168.10.126-6.110

Iteration#  12
FP
Class =  900
107-24.6.98.163-6.80 and 600-192.168.10.126-6.110

Iteration#  13
FP
Class =  101
107-24.6.98.163-6.80 and 600-192.168.10.126-6.110

Iteration#  14
FP
Class =  157
107-24.6.98.163-6.80 and 600-192.168.10.126-6.110

Iteration#  15
FP
Class =  113
107-24.6.98.163-6.80 and 600-192.168.10.126-6.110

Iteration#  16
FP
Class =  706
107-24.6.98.163-6.80 and 600-192.168.10.126-6.110

Iteration#  17
FP
Class =  608
107-24.6.98.163-6.80 and 600-192.168.10.126-6.110

Iteration#  18
FP
Class =  106
107-24.6.98.163-6.80 and 600-192.168.10.126-6.110

Iteration#  19
FP
Class =  303
107-24.6.98.163-6.80 and 600-192.168.10.126-6.110

Iteration#  20
FP
Class =  100
107-24.6.98.163-6.80 and 600-192.168.10.126-6.110

Iteration#  21
FP
Class =  105
107-24.6.98.163-6.80 and 600-192.168.10.126-6.110

Iteration#  22
FP
Class =  605
107-24.6.98.163-6.80 and 600-192.168.10.126-6.110

Iteration#  23
FP
Class =  118
107-24.6.98.163-6.80 and 600-192.168.10.126-6.110

Iteration#  24
FP
Class =  702
107-24.6.98.163-6.80 and 600-192.168.10.126-6.110

Iteration#  25
FP
Class =  306
107-24.6.98.163-6.80 and 600-192.168.10.126-6.110

Iteration#  26
FP
Class =  905
107-24.6.98.163-6.80 and 600-192.168.10.126-6.110

Iteration#  27
FP
Class =  908
107-24.6.98.163-6.80 and 600-192.168.10.126-6.110

Iteration#  28
FP
Class =  907
107-24.6.98.163-6.80 and 600-192.168.10.126-6.110

Iteration#  29
FP
Class =  108
107-24.6.98.163-6.80 and 600-192.168.10.126-6.110

Iteration#  30
FP
Class =  107
107-24.6.98.163-6.80 and 600-192.168.10.126-6.110

Iteration#  31
FP
Class =  158
107-24.6.98.163-6.80 and 600-192.168.10.126-6.110
['107-24.6.98.163-6.80', '606-192.168.10.102-6.1180', '0.55']


Iteration#  0
FP
Class =  107
107-24.6.98.163-6.80 and 606-192.168.10.102-6.1180

Iteration#  1
FP
Class =  309
107-24.6.98.163-6.80 and 606-192.168.10.102-6.1180

Iteration#  2
FP
Class =  114
107-24.6.98.163-6.80 and 606-192.168.10.102-6.1180

Iteration#  3
FP
Class =  909
107-24.6.98.163-6.80 and 606-192.168.10.102-6.1180

Iteration#  4
FP
Class =  119
107-24.6.98.163-6.80 and 606-192.168.10.102-6.1180

Iteration#  5
FP
Class =  606
107-24.6.98.163-6.80 and 606-192.168.10.102-6.1180

Iteration#  6
FP
Class =  103
107-24.6.98.163-6.80 and 606-192.168.10.102-6.1180

Iteration#  7
FP
Class =  600
107-24.6.98.163-6.80 and 606-192.168.10.102-6.1180

Iteration#  8
FP
Class =  115
107-24.6.98.163-6.80 and 606-192.168.10.102-6.1180

Iteration#  9
FP
Class =  103
107-24.6.98.163-6.80 and 606-192.168.10.102-6.1180

Iteration#  10
FP
Class =  903
107-24.6.98.163-6.80 and 606-192.168.10.102-6.1180

Iteration#  11
FP
Class =  301
107-24.6.98.163-6.80 and 606-192.168.10.102-6.1180

Iteration#  12
FP
Class =  900
107-24.6.98.163-6.80 and 606-192.168.10.102-6.1180

Iteration#  13
FP
Class =  101
107-24.6.98.163-6.80 and 606-192.168.10.102-6.1180

Iteration#  14
FP
Class =  157
107-24.6.98.163-6.80 and 606-192.168.10.102-6.1180

Iteration#  15
FP
Class =  113
107-24.6.98.163-6.80 and 606-192.168.10.102-6.1180

Iteration#  16
FP
Class =  706
107-24.6.98.163-6.80 and 606-192.168.10.102-6.1180

Iteration#  17
FP
Class =  608
107-24.6.98.163-6.80 and 606-192.168.10.102-6.1180

Iteration#  18
FP
Class =  106
107-24.6.98.163-6.80 and 606-192.168.10.102-6.1180

Iteration#  19
FP
Class =  303
107-24.6.98.163-6.80 and 606-192.168.10.102-6.1180

Iteration#  20
FP
Class =  100
107-24.6.98.163-6.80 and 606-192.168.10.102-6.1180

Iteration#  21
FP
Class =  105
107-24.6.98.163-6.80 and 606-192.168.10.102-6.1180

Iteration#  22
FP
Class =  605
107-24.6.98.163-6.80 and 606-192.168.10.102-6.1180

Iteration#  23
FP
Class =  118
107-24.6.98.163-6.80 and 606-192.168.10.102-6.1180

Iteration#  24
FP
Class =  702
107-24.6.98.163-6.80 and 606-192.168.10.102-6.1180

Iteration#  25
FP
Class =  306
107-24.6.98.163-6.80 and 606-192.168.10.102-6.1180

Iteration#  26
FP
Class =  905
107-24.6.98.163-6.80 and 606-192.168.10.102-6.1180

Iteration#  27
FP
Class =  908
107-24.6.98.163-6.80 and 606-192.168.10.102-6.1180

Iteration#  28
FP
Class =  907
107-24.6.98.163-6.80 and 606-192.168.10.102-6.1180

Iteration#  29
FP
Class =  108
107-24.6.98.163-6.80 and 606-192.168.10.102-6.1180

Iteration#  30
FP
Class =  107
107-24.6.98.163-6.80 and 606-192.168.10.102-6.1180

Iteration#  31
FP
Class =  158
107-24.6.98.163-6.80 and 606-192.168.10.102-6.1180
['107-24.6.98.163-6.80', '307-192.168.10.126-6.445', '1.42']


Iteration#  0
FP
Class =  107
107-24.6.98.163-6.80 and 307-192.168.10.126-6.445

Iteration#  1
FP
Class =  309
107-24.6.98.163-6.80 and 307-192.168.10.126-6.445

Iteration#  2
FP
Class =  114
107-24.6.98.163-6.80 and 307-192.168.10.126-6.445

Iteration#  3
FP
Class =  909
107-24.6.98.163-6.80 and 307-192.168.10.126-6.445

Iteration#  4
FP
Class =  119
107-24.6.98.163-6.80 and 307-192.168.10.126-6.445

Iteration#  5
FP
Class =  606
107-24.6.98.163-6.80 and 307-192.168.10.126-6.445

Iteration#  6
FP
Class =  103
107-24.6.98.163-6.80 and 307-192.168.10.126-6.445

Iteration#  7
FP
Class =  600
107-24.6.98.163-6.80 and 307-192.168.10.126-6.445

Iteration#  8
FP
Class =  115
107-24.6.98.163-6.80 and 307-192.168.10.126-6.445

Iteration#  9
FP
Class =  103
107-24.6.98.163-6.80 and 307-192.168.10.126-6.445

Iteration#  10
FP
Class =  903
107-24.6.98.163-6.80 and 307-192.168.10.126-6.445

Iteration#  11
FP
Class =  301
107-24.6.98.163-6.80 and 307-192.168.10.126-6.445

Iteration#  12
FP
Class =  900
107-24.6.98.163-6.80 and 307-192.168.10.126-6.445

Iteration#  13
FP
Class =  101
107-24.6.98.163-6.80 and 307-192.168.10.126-6.445

Iteration#  14
FP
Class =  157
107-24.6.98.163-6.80 and 307-192.168.10.126-6.445

Iteration#  15
FP
Class =  113
107-24.6.98.163-6.80 and 307-192.168.10.126-6.445

Iteration#  16
FP
Class =  706
107-24.6.98.163-6.80 and 307-192.168.10.126-6.445

Iteration#  17
FP
Class =  608
107-24.6.98.163-6.80 and 307-192.168.10.126-6.445

Iteration#  18
FP
Class =  106
107-24.6.98.163-6.80 and 307-192.168.10.126-6.445

Iteration#  19
FP
Class =  303
107-24.6.98.163-6.80 and 307-192.168.10.126-6.445

Iteration#  20
FP
Class =  100
107-24.6.98.163-6.80 and 307-192.168.10.126-6.445

Iteration#  21
FP
Class =  105
107-24.6.98.163-6.80 and 307-192.168.10.126-6.445

Iteration#  22
FP
Class =  605
107-24.6.98.163-6.80 and 307-192.168.10.126-6.445

Iteration#  23
FP
Class =  118
107-24.6.98.163-6.80 and 307-192.168.10.126-6.445

Iteration#  24
FP
Class =  702
107-24.6.98.163-6.80 and 307-192.168.10.126-6.445

Iteration#  25
FP
Class =  306
107-24.6.98.163-6.80 and 307-192.168.10.126-6.445

Iteration#  26
FP
Class =  905
107-24.6.98.163-6.80 and 307-192.168.10.126-6.445

Iteration#  27
FP
Class =  908
107-24.6.98.163-6.80 and 307-192.168.10.126-6.445

Iteration#  28
FP
Class =  907
107-24.6.98.163-6.80 and 307-192.168.10.126-6.445

Iteration#  29
FP
Class =  108
107-24.6.98.163-6.80 and 307-192.168.10.126-6.445

Iteration#  30
FP
Class =  107
107-24.6.98.163-6.80 and 307-192.168.10.126-6.445

Iteration#  31
FP
Class =  158
107-24.6.98.163-6.80 and 307-192.168.10.126-6.445
['107-24.6.98.163-6.80', '119-24.6.98.163-6.80', '0.51']


Iteration#  0
FP
Class =  107
107-24.6.98.163-6.80 and 119-24.6.98.163-6.80

Iteration#  1
FP
Class =  309
107-24.6.98.163-6.80 and 119-24.6.98.163-6.80

Iteration#  2
FP
Class =  114
107-24.6.98.163-6.80 and 119-24.6.98.163-6.80

Iteration#  3
FP
Class =  909
107-24.6.98.163-6.80 and 119-24.6.98.163-6.80

Iteration#  4
FP
Class =  119
107-24.6.98.163-6.80 and 119-24.6.98.163-6.80

Iteration#  5
FP
Class =  606
107-24.6.98.163-6.80 and 119-24.6.98.163-6.80

Iteration#  6
FP
Class =  103
107-24.6.98.163-6.80 and 119-24.6.98.163-6.80

Iteration#  7
FP
Class =  600
107-24.6.98.163-6.80 and 119-24.6.98.163-6.80

Iteration#  8
FP
Class =  115
107-24.6.98.163-6.80 and 119-24.6.98.163-6.80

Iteration#  9
FP
Class =  103
107-24.6.98.163-6.80 and 119-24.6.98.163-6.80

Iteration#  10
FP
Class =  903
107-24.6.98.163-6.80 and 119-24.6.98.163-6.80

Iteration#  11
FP
Class =  301
107-24.6.98.163-6.80 and 119-24.6.98.163-6.80

Iteration#  12
FP
Class =  900
107-24.6.98.163-6.80 and 119-24.6.98.163-6.80

Iteration#  13
FP
Class =  101
107-24.6.98.163-6.80 and 119-24.6.98.163-6.80

Iteration#  14
FP
Class =  157
107-24.6.98.163-6.80 and 119-24.6.98.163-6.80

Iteration#  15
FP
Class =  113
107-24.6.98.163-6.80 and 119-24.6.98.163-6.80

Iteration#  16
FP
Class =  706
107-24.6.98.163-6.80 and 119-24.6.98.163-6.80

Iteration#  17
FP
Class =  608
107-24.6.98.163-6.80 and 119-24.6.98.163-6.80

Iteration#  18
FP
Class =  106
107-24.6.98.163-6.80 and 119-24.6.98.163-6.80

Iteration#  19
FP
Class =  303
107-24.6.98.163-6.80 and 119-24.6.98.163-6.80

Iteration#  20
FP
Class =  100
107-24.6.98.163-6.80 and 119-24.6.98.163-6.80

Iteration#  21
FP
Class =  105
107-24.6.98.163-6.80 and 119-24.6.98.163-6.80

Iteration#  22
FP
Class =  605
107-24.6.98.163-6.80 and 119-24.6.98.163-6.80

Iteration#  23
FP
Class =  118
107-24.6.98.163-6.80 and 119-24.6.98.163-6.80

Iteration#  24
FP
Class =  702
107-24.6.98.163-6.80 and 119-24.6.98.163-6.80

Iteration#  25
FP
Class =  306
107-24.6.98.163-6.80 and 119-24.6.98.163-6.80

Iteration#  26
FP
Class =  905
107-24.6.98.163-6.80 and 119-24.6.98.163-6.80

Iteration#  27
FP
Class =  908
107-24.6.98.163-6.80 and 119-24.6.98.163-6.80

Iteration#  28
FP
Class =  907
107-24.6.98.163-6.80 and 119-24.6.98.163-6.80

Iteration#  29
FP
Class =  108
107-24.6.98.163-6.80 and 119-24.6.98.163-6.80

Iteration#  30
FP
Class =  107
107-24.6.98.163-6.80 and 119-24.6.98.163-6.80

Iteration#  31
FP
Class =  158
107-24.6.98.163-6.80 and 119-24.6.98.163-6.80
['107-24.6.98.163-6.80', '602-192.168.10.126-6.110', '0.86']


Iteration#  0
FP
Class =  107
107-24.6.98.163-6.80 and 602-192.168.10.126-6.110

Iteration#  1
FP
Class =  309
107-24.6.98.163-6.80 and 602-192.168.10.126-6.110

Iteration#  2
FP
Class =  114
107-24.6.98.163-6.80 and 602-192.168.10.126-6.110

Iteration#  3
FP
Class =  909
107-24.6.98.163-6.80 and 602-192.168.10.126-6.110

Iteration#  4
FP
Class =  119
107-24.6.98.163-6.80 and 602-192.168.10.126-6.110

Iteration#  5
FP
Class =  606
107-24.6.98.163-6.80 and 602-192.168.10.126-6.110

Iteration#  6
FP
Class =  103
107-24.6.98.163-6.80 and 602-192.168.10.126-6.110

Iteration#  7
FP
Class =  600
107-24.6.98.163-6.80 and 602-192.168.10.126-6.110

Iteration#  8
FP
Class =  115
107-24.6.98.163-6.80 and 602-192.168.10.126-6.110

Iteration#  9
FP
Class =  103
107-24.6.98.163-6.80 and 602-192.168.10.126-6.110

Iteration#  10
FP
Class =  903
107-24.6.98.163-6.80 and 602-192.168.10.126-6.110

Iteration#  11
FP
Class =  301
107-24.6.98.163-6.80 and 602-192.168.10.126-6.110

Iteration#  12
FP
Class =  900
107-24.6.98.163-6.80 and 602-192.168.10.126-6.110

Iteration#  13
FP
Class =  101
107-24.6.98.163-6.80 and 602-192.168.10.126-6.110

Iteration#  14
FP
Class =  157
107-24.6.98.163-6.80 and 602-192.168.10.126-6.110

Iteration#  15
FP
Class =  113
107-24.6.98.163-6.80 and 602-192.168.10.126-6.110

Iteration#  16
FP
Class =  706
107-24.6.98.163-6.80 and 602-192.168.10.126-6.110

Iteration#  17
FP
Class =  608
107-24.6.98.163-6.80 and 602-192.168.10.126-6.110

Iteration#  18
FP
Class =  106
107-24.6.98.163-6.80 and 602-192.168.10.126-6.110

Iteration#  19
FP
Class =  303
107-24.6.98.163-6.80 and 602-192.168.10.126-6.110

Iteration#  20
FP
Class =  100
107-24.6.98.163-6.80 and 602-192.168.10.126-6.110

Iteration#  21
FP
Class =  105
107-24.6.98.163-6.80 and 602-192.168.10.126-6.110

Iteration#  22
FP
Class =  605
107-24.6.98.163-6.80 and 602-192.168.10.126-6.110

Iteration#  23
FP
Class =  118
107-24.6.98.163-6.80 and 602-192.168.10.126-6.110

Iteration#  24
FP
Class =  702
107-24.6.98.163-6.80 and 602-192.168.10.126-6.110

Iteration#  25
FP
Class =  306
107-24.6.98.163-6.80 and 602-192.168.10.126-6.110

Iteration#  26
FP
Class =  905
107-24.6.98.163-6.80 and 602-192.168.10.126-6.110

Iteration#  27
FP
Class =  908
107-24.6.98.163-6.80 and 602-192.168.10.126-6.110

Iteration#  28
FP
Class =  907
107-24.6.98.163-6.80 and 602-192.168.10.126-6.110

Iteration#  29
FP
Class =  108
107-24.6.98.163-6.80 and 602-192.168.10.126-6.110

Iteration#  30
FP
Class =  107
107-24.6.98.163-6.80 and 602-192.168.10.126-6.110

Iteration#  31
FP
Class =  158
107-24.6.98.163-6.80 and 602-192.168.10.126-6.110
['107-24.6.98.163-6.80', '110-24.6.98.163-6.80', '0.03']


Iteration#  0
FP
Class =  107
107-24.6.98.163-6.80 and 110-24.6.98.163-6.80

Iteration#  1
FP
Class =  309
107-24.6.98.163-6.80 and 110-24.6.98.163-6.80

Iteration#  2
FP
Class =  114
107-24.6.98.163-6.80 and 110-24.6.98.163-6.80

Iteration#  3
FP
Class =  909
107-24.6.98.163-6.80 and 110-24.6.98.163-6.80

Iteration#  4
FP
Class =  119
107-24.6.98.163-6.80 and 110-24.6.98.163-6.80

Iteration#  5
FP
Class =  606
107-24.6.98.163-6.80 and 110-24.6.98.163-6.80

Iteration#  6
FP
Class =  103
107-24.6.98.163-6.80 and 110-24.6.98.163-6.80

Iteration#  7
FP
Class =  600
107-24.6.98.163-6.80 and 110-24.6.98.163-6.80

Iteration#  8
FP
Class =  115
107-24.6.98.163-6.80 and 110-24.6.98.163-6.80

Iteration#  9
FP
Class =  103
107-24.6.98.163-6.80 and 110-24.6.98.163-6.80

Iteration#  10
FP
Class =  903
107-24.6.98.163-6.80 and 110-24.6.98.163-6.80

Iteration#  11
FP
Class =  301
107-24.6.98.163-6.80 and 110-24.6.98.163-6.80

Iteration#  12
FP
Class =  900
107-24.6.98.163-6.80 and 110-24.6.98.163-6.80

Iteration#  13
FP
Class =  101
107-24.6.98.163-6.80 and 110-24.6.98.163-6.80

Iteration#  14
FP
Class =  157
107-24.6.98.163-6.80 and 110-24.6.98.163-6.80

Iteration#  15
FP
Class =  113
107-24.6.98.163-6.80 and 110-24.6.98.163-6.80

Iteration#  16
FP
Class =  706
107-24.6.98.163-6.80 and 110-24.6.98.163-6.80

Iteration#  17
FP
Class =  608
107-24.6.98.163-6.80 and 110-24.6.98.163-6.80

Iteration#  18
FP
Class =  106
107-24.6.98.163-6.80 and 110-24.6.98.163-6.80

Iteration#  19
FP
Class =  303
107-24.6.98.163-6.80 and 110-24.6.98.163-6.80

Iteration#  20
FP
Class =  100
107-24.6.98.163-6.80 and 110-24.6.98.163-6.80

Iteration#  21
FP
Class =  105
107-24.6.98.163-6.80 and 110-24.6.98.163-6.80

Iteration#  22
FP
Class =  605
107-24.6.98.163-6.80 and 110-24.6.98.163-6.80

Iteration#  23
FP
Class =  118
107-24.6.98.163-6.80 and 110-24.6.98.163-6.80

Iteration#  24
FP
Class =  702
107-24.6.98.163-6.80 and 110-24.6.98.163-6.80

Iteration#  25
FP
Class =  306
107-24.6.98.163-6.80 and 110-24.6.98.163-6.80

Iteration#  26
FP
Class =  905
107-24.6.98.163-6.80 and 110-24.6.98.163-6.80

Iteration#  27
FP
Class =  908
107-24.6.98.163-6.80 and 110-24.6.98.163-6.80

Iteration#  28
FP
Class =  907
107-24.6.98.163-6.80 and 110-24.6.98.163-6.80

Iteration#  29
FP
Class =  108
107-24.6.98.163-6.80 and 110-24.6.98.163-6.80

Iteration#  30
FP
Class =  107
107-24.6.98.163-6.80 and 110-24.6.98.163-6.80

Iteration#  31
FP
Class =  158
107-24.6.98.163-6.80 and 110-24.6.98.163-6.80
['107-24.6.98.163-6.80', '909-192.168.10.101-17.53', '1.39']


Iteration#  0
FP
Class =  107
107-24.6.98.163-6.80 and 909-192.168.10.101-17.53

Iteration#  1
FP
Class =  309
107-24.6.98.163-6.80 and 909-192.168.10.101-17.53

Iteration#  2
FP
Class =  114
107-24.6.98.163-6.80 and 909-192.168.10.101-17.53

Iteration#  3
FP
Class =  909
107-24.6.98.163-6.80 and 909-192.168.10.101-17.53

Iteration#  4
FP
Class =  119
107-24.6.98.163-6.80 and 909-192.168.10.101-17.53

Iteration#  5
FP
Class =  606
107-24.6.98.163-6.80 and 909-192.168.10.101-17.53

Iteration#  6
FP
Class =  103
107-24.6.98.163-6.80 and 909-192.168.10.101-17.53

Iteration#  7
FP
Class =  600
107-24.6.98.163-6.80 and 909-192.168.10.101-17.53

Iteration#  8
FP
Class =  115
107-24.6.98.163-6.80 and 909-192.168.10.101-17.53

Iteration#  9
FP
Class =  103
107-24.6.98.163-6.80 and 909-192.168.10.101-17.53

Iteration#  10
FP
Class =  903
107-24.6.98.163-6.80 and 909-192.168.10.101-17.53

Iteration#  11
FP
Class =  301
107-24.6.98.163-6.80 and 909-192.168.10.101-17.53

Iteration#  12
FP
Class =  900
107-24.6.98.163-6.80 and 909-192.168.10.101-17.53

Iteration#  13
FP
Class =  101
107-24.6.98.163-6.80 and 909-192.168.10.101-17.53

Iteration#  14
FP
Class =  157
107-24.6.98.163-6.80 and 909-192.168.10.101-17.53

Iteration#  15
FP
Class =  113
107-24.6.98.163-6.80 and 909-192.168.10.101-17.53

Iteration#  16
FP
Class =  706
107-24.6.98.163-6.80 and 909-192.168.10.101-17.53

Iteration#  17
FP
Class =  608
107-24.6.98.163-6.80 and 909-192.168.10.101-17.53

Iteration#  18
FP
Class =  106
107-24.6.98.163-6.80 and 909-192.168.10.101-17.53

Iteration#  19
FP
Class =  303
107-24.6.98.163-6.80 and 909-192.168.10.101-17.53

Iteration#  20
FP
Class =  100
107-24.6.98.163-6.80 and 909-192.168.10.101-17.53

Iteration#  21
FP
Class =  105
107-24.6.98.163-6.80 and 909-192.168.10.101-17.53

Iteration#  22
FP
Class =  605
107-24.6.98.163-6.80 and 909-192.168.10.101-17.53

Iteration#  23
FP
Class =  118
107-24.6.98.163-6.80 and 909-192.168.10.101-17.53

Iteration#  24
FP
Class =  702
107-24.6.98.163-6.80 and 909-192.168.10.101-17.53

Iteration#  25
FP
Class =  306
107-24.6.98.163-6.80 and 909-192.168.10.101-17.53

Iteration#  26
FP
Class =  905
107-24.6.98.163-6.80 and 909-192.168.10.101-17.53

Iteration#  27
FP
Class =  908
107-24.6.98.163-6.80 and 909-192.168.10.101-17.53

Iteration#  28
FP
Class =  907
107-24.6.98.163-6.80 and 909-192.168.10.101-17.53

Iteration#  29
FP
Class =  108
107-24.6.98.163-6.80 and 909-192.168.10.101-17.53

Iteration#  30
FP
Class =  107
107-24.6.98.163-6.80 and 909-192.168.10.101-17.53

Iteration#  31
FP
Class =  158
107-24.6.98.163-6.80 and 909-192.168.10.101-17.53
['107-24.6.98.163-6.80', '114-24.6.98.163-6.80', '0.03']


Iteration#  0
FP
Class =  107
107-24.6.98.163-6.80 and 114-24.6.98.163-6.80

Iteration#  1
FP
Class =  309
107-24.6.98.163-6.80 and 114-24.6.98.163-6.80

Iteration#  2
FP
Class =  114
107-24.6.98.163-6.80 and 114-24.6.98.163-6.80

Iteration#  3
FP
Class =  909
107-24.6.98.163-6.80 and 114-24.6.98.163-6.80

Iteration#  4
FP
Class =  119
107-24.6.98.163-6.80 and 114-24.6.98.163-6.80

Iteration#  5
FP
Class =  606
107-24.6.98.163-6.80 and 114-24.6.98.163-6.80

Iteration#  6
FP
Class =  103
107-24.6.98.163-6.80 and 114-24.6.98.163-6.80

Iteration#  7
FP
Class =  600
107-24.6.98.163-6.80 and 114-24.6.98.163-6.80

Iteration#  8
FP
Class =  115
107-24.6.98.163-6.80 and 114-24.6.98.163-6.80

Iteration#  9
FP
Class =  103
107-24.6.98.163-6.80 and 114-24.6.98.163-6.80

Iteration#  10
FP
Class =  903
107-24.6.98.163-6.80 and 114-24.6.98.163-6.80

Iteration#  11
FP
Class =  301
107-24.6.98.163-6.80 and 114-24.6.98.163-6.80

Iteration#  12
FP
Class =  900
107-24.6.98.163-6.80 and 114-24.6.98.163-6.80

Iteration#  13
FP
Class =  101
107-24.6.98.163-6.80 and 114-24.6.98.163-6.80

Iteration#  14
FP
Class =  157
107-24.6.98.163-6.80 and 114-24.6.98.163-6.80

Iteration#  15
FP
Class =  113
107-24.6.98.163-6.80 and 114-24.6.98.163-6.80

Iteration#  16
FP
Class =  706
107-24.6.98.163-6.80 and 114-24.6.98.163-6.80

Iteration#  17
FP
Class =  608
107-24.6.98.163-6.80 and 114-24.6.98.163-6.80

Iteration#  18
FP
Class =  106
107-24.6.98.163-6.80 and 114-24.6.98.163-6.80

Iteration#  19
FP
Class =  303
107-24.6.98.163-6.80 and 114-24.6.98.163-6.80

Iteration#  20
FP
Class =  100
107-24.6.98.163-6.80 and 114-24.6.98.163-6.80

Iteration#  21
FP
Class =  105
107-24.6.98.163-6.80 and 114-24.6.98.163-6.80

Iteration#  22
FP
Class =  605
107-24.6.98.163-6.80 and 114-24.6.98.163-6.80

Iteration#  23
FP
Class =  118
107-24.6.98.163-6.80 and 114-24.6.98.163-6.80

Iteration#  24
FP
Class =  702
107-24.6.98.163-6.80 and 114-24.6.98.163-6.80

Iteration#  25
FP
Class =  306
107-24.6.98.163-6.80 and 114-24.6.98.163-6.80

Iteration#  26
FP
Class =  905
107-24.6.98.163-6.80 and 114-24.6.98.163-6.80

Iteration#  27
FP
Class =  908
107-24.6.98.163-6.80 and 114-24.6.98.163-6.80

Iteration#  28
FP
Class =  907
107-24.6.98.163-6.80 and 114-24.6.98.163-6.80

Iteration#  29
FP
Class =  108
107-24.6.98.163-6.80 and 114-24.6.98.163-6.80

Iteration#  30
FP
Class =  107
107-24.6.98.163-6.80 and 114-24.6.98.163-6.80

Iteration#  31
FP
Class =  158
107-24.6.98.163-6.80 and 114-24.6.98.163-6.80
['107-24.6.98.163-6.80', '902-212.58.253.68-6.1368', '1.36']


Iteration#  0
FP
Class =  107
107-24.6.98.163-6.80 and 902-212.58.253.68-6.1368

Iteration#  1
FP
Class =  309
107-24.6.98.163-6.80 and 902-212.58.253.68-6.1368

Iteration#  2
FP
Class =  114
107-24.6.98.163-6.80 and 902-212.58.253.68-6.1368

Iteration#  3
FP
Class =  909
107-24.6.98.163-6.80 and 902-212.58.253.68-6.1368

Iteration#  4
FP
Class =  119
107-24.6.98.163-6.80 and 902-212.58.253.68-6.1368

Iteration#  5
FP
Class =  606
107-24.6.98.163-6.80 and 902-212.58.253.68-6.1368

Iteration#  6
FP
Class =  103
107-24.6.98.163-6.80 and 902-212.58.253.68-6.1368

Iteration#  7
FP
Class =  600
107-24.6.98.163-6.80 and 902-212.58.253.68-6.1368

Iteration#  8
FP
Class =  115
107-24.6.98.163-6.80 and 902-212.58.253.68-6.1368

Iteration#  9
FP
Class =  103
107-24.6.98.163-6.80 and 902-212.58.253.68-6.1368

Iteration#  10
FP
Class =  903
107-24.6.98.163-6.80 and 902-212.58.253.68-6.1368

Iteration#  11
FP
Class =  301
107-24.6.98.163-6.80 and 902-212.58.253.68-6.1368

Iteration#  12
FP
Class =  900
107-24.6.98.163-6.80 and 902-212.58.253.68-6.1368

Iteration#  13
FP
Class =  101
107-24.6.98.163-6.80 and 902-212.58.253.68-6.1368

Iteration#  14
FP
Class =  157
107-24.6.98.163-6.80 and 902-212.58.253.68-6.1368

Iteration#  15
FP
Class =  113
107-24.6.98.163-6.80 and 902-212.58.253.68-6.1368

Iteration#  16
FP
Class =  706
107-24.6.98.163-6.80 and 902-212.58.253.68-6.1368

Iteration#  17
FP
Class =  608
107-24.6.98.163-6.80 and 902-212.58.253.68-6.1368

Iteration#  18
FP
Class =  106
107-24.6.98.163-6.80 and 902-212.58.253.68-6.1368

Iteration#  19
FP
Class =  303
107-24.6.98.163-6.80 and 902-212.58.253.68-6.1368

Iteration#  20
FP
Class =  100
107-24.6.98.163-6.80 and 902-212.58.253.68-6.1368

Iteration#  21
FP
Class =  105
107-24.6.98.163-6.80 and 902-212.58.253.68-6.1368

Iteration#  22
FP
Class =  605
107-24.6.98.163-6.80 and 902-212.58.253.68-6.1368

Iteration#  23
FP
Class =  118
107-24.6.98.163-6.80 and 902-212.58.253.68-6.1368

Iteration#  24
FP
Class =  702
107-24.6.98.163-6.80 and 902-212.58.253.68-6.1368

Iteration#  25
FP
Class =  306
107-24.6.98.163-6.80 and 902-212.58.253.68-6.1368

Iteration#  26
FP
Class =  905
107-24.6.98.163-6.80 and 902-212.58.253.68-6.1368

Iteration#  27
FP
Class =  908
107-24.6.98.163-6.80 and 902-212.58.253.68-6.1368

Iteration#  28
FP
Class =  907
107-24.6.98.163-6.80 and 902-212.58.253.68-6.1368

Iteration#  29
FP
Class =  108
107-24.6.98.163-6.80 and 902-212.58.253.68-6.1368

Iteration#  30
FP
Class =  107
107-24.6.98.163-6.80 and 902-212.58.253.68-6.1368

Iteration#  31
FP
Class =  158
107-24.6.98.163-6.80 and 902-212.58.253.68-6.1368
['107-24.6.98.163-6.80', '309-192.168.10.126-6.445', '1.42']


Iteration#  0
FP
Class =  107
107-24.6.98.163-6.80 and 309-192.168.10.126-6.445

Iteration#  1
FP
Class =  309
107-24.6.98.163-6.80 and 309-192.168.10.126-6.445

Iteration#  2
FP
Class =  114
107-24.6.98.163-6.80 and 309-192.168.10.126-6.445

Iteration#  3
FP
Class =  909
107-24.6.98.163-6.80 and 309-192.168.10.126-6.445

Iteration#  4
FP
Class =  119
107-24.6.98.163-6.80 and 309-192.168.10.126-6.445

Iteration#  5
FP
Class =  606
107-24.6.98.163-6.80 and 309-192.168.10.126-6.445

Iteration#  6
FP
Class =  103
107-24.6.98.163-6.80 and 309-192.168.10.126-6.445

Iteration#  7
FP
Class =  600
107-24.6.98.163-6.80 and 309-192.168.10.126-6.445

Iteration#  8
FP
Class =  115
107-24.6.98.163-6.80 and 309-192.168.10.126-6.445

Iteration#  9
FP
Class =  103
107-24.6.98.163-6.80 and 309-192.168.10.126-6.445

Iteration#  10
FP
Class =  903
107-24.6.98.163-6.80 and 309-192.168.10.126-6.445

Iteration#  11
FP
Class =  301
107-24.6.98.163-6.80 and 309-192.168.10.126-6.445

Iteration#  12
FP
Class =  900
107-24.6.98.163-6.80 and 309-192.168.10.126-6.445

Iteration#  13
FP
Class =  101
107-24.6.98.163-6.80 and 309-192.168.10.126-6.445

Iteration#  14
FP
Class =  157
107-24.6.98.163-6.80 and 309-192.168.10.126-6.445

Iteration#  15
FP
Class =  113
107-24.6.98.163-6.80 and 309-192.168.10.126-6.445

Iteration#  16
FP
Class =  706
107-24.6.98.163-6.80 and 309-192.168.10.126-6.445

Iteration#  17
FP
Class =  608
107-24.6.98.163-6.80 and 309-192.168.10.126-6.445

Iteration#  18
FP
Class =  106
107-24.6.98.163-6.80 and 309-192.168.10.126-6.445

Iteration#  19
FP
Class =  303
107-24.6.98.163-6.80 and 309-192.168.10.126-6.445

Iteration#  20
FP
Class =  100
107-24.6.98.163-6.80 and 309-192.168.10.126-6.445

Iteration#  21
FP
Class =  105
107-24.6.98.163-6.80 and 309-192.168.10.126-6.445

Iteration#  22
FP
Class =  605
107-24.6.98.163-6.80 and 309-192.168.10.126-6.445

Iteration#  23
FP
Class =  118
107-24.6.98.163-6.80 and 309-192.168.10.126-6.445

Iteration#  24
FP
Class =  702
107-24.6.98.163-6.80 and 309-192.168.10.126-6.445

Iteration#  25
FP
Class =  306
107-24.6.98.163-6.80 and 309-192.168.10.126-6.445

Iteration#  26
FP
Class =  905
107-24.6.98.163-6.80 and 309-192.168.10.126-6.445

Iteration#  27
FP
Class =  908
107-24.6.98.163-6.80 and 309-192.168.10.126-6.445

Iteration#  28
FP
Class =  907
107-24.6.98.163-6.80 and 309-192.168.10.126-6.445

Iteration#  29
FP
Class =  108
107-24.6.98.163-6.80 and 309-192.168.10.126-6.445

Iteration#  30
FP
Class =  107
107-24.6.98.163-6.80 and 309-192.168.10.126-6.445

Iteration#  31
FP
Class =  158
107-24.6.98.163-6.80 and 309-192.168.10.126-6.445
TP
{'605': 0, '606': 0, '600': 0, '157': 0, '158': 1, '706': 0, '608': 0, '702': 0, '115': 0, '114': 0, '113': 0, '119': 0, '118': 0, '309': 0, '301': 0, '303': 0, '306': 0, '108': 0, '103': 0, '100': 0, '101': 0, '106': 0, '107': 2, '105': 0, '903': 0, '900': 0, '907': 0, '905': 0, '908': 0, '909': 0}
FP
{'605': 100, '606': 100, '600': 100, '157': 100, '158': 99, '706': 100, '608': 100, '702': 100, '115': 100, '114': 100, '113': 100, '119': 100, '118': 100, '309': 100, '301': 100, '303': 100, '306': 100, '108': 100, '103': 200, '100': 100, '101': 100, '106': 100, '107': 198, '105': 100, '903': 100, '900': 100, '907': 100, '905': 100, '908': 100, '909': 100}
